Apr-24 02:31:36.969 [main] DEBUG nextflow.cli.Launcher - $> nextflow run /opt/DeepPrep/deepprep/nextflow/deepprep.nf -c /output/WorkDir/nextflow/run.config -w /output/WorkDir/nextflow -with-report /output/QC/report.html -with-timeline /output/QC/timeline.html --bids_dir /input --output_dir /output --anat_only --fs_license_file /fs_license.txt --cpus 10 --memory 20 --skip_bids_validation --participant_label 101
Apr-24 02:31:37.037 [main] DEBUG nextflow.cli.CmdRun - N E X T F L O W  ~  version 24.10.3
Apr-24 02:31:37.069 [main] DEBUG nextflow.plugin.PluginsFacade - Setting up plugin manager > mode=prod; embedded=false; plugins-dir=/home/deepprep/.nextflow/plugins; core-plugins: nf-amazon@2.9.2,nf-azure@1.10.2,nf-cloudcache@0.4.2,nf-codecommit@0.2.2,nf-console@1.1.4,nf-google@1.15.3,nf-tower@1.9.3,nf-wave@1.7.4
Apr-24 02:31:37.088 [main] INFO  o.pf4j.DefaultPluginStatusProvider - Enabled plugins: []
Apr-24 02:31:37.089 [main] INFO  o.pf4j.DefaultPluginStatusProvider - Disabled plugins: []
Apr-24 02:31:37.092 [main] INFO  org.pf4j.DefaultPluginManager - PF4J version 3.12.0 in 'deployment' mode
Apr-24 02:31:37.103 [main] INFO  org.pf4j.AbstractPluginManager - No plugins
Apr-24 02:31:37.130 [main] DEBUG nextflow.config.ConfigBuilder - User config file: /output/WorkDir/nextflow/run.config
Apr-24 02:31:37.132 [main] DEBUG nextflow.config.ConfigBuilder - Parsing config file: /output/WorkDir/nextflow/run.config
Apr-24 02:31:37.158 [main] DEBUG n.secret.LocalSecretsProvider - Secrets store: /home/deepprep/.nextflow/secrets/store.json
Apr-24 02:31:37.161 [main] DEBUG nextflow.secret.SecretsLoader - Discovered secrets providers: [nextflow.secret.LocalSecretsProvider@39ce27f2] - activable => nextflow.secret.LocalSecretsProvider@39ce27f2
Apr-24 02:31:37.176 [main] DEBUG nextflow.config.ConfigBuilder - Applying config profile: `standard`
Apr-24 02:31:37.783 [main] DEBUG nextflow.cli.CmdRun - Applied DSL=2 by global default
Apr-24 02:31:37.807 [main] DEBUG nextflow.cli.CmdRun - Launching `/opt/DeepPrep/deepprep/nextflow/deepprep.nf` [jolly_meucci] DSL2 - revision: e26eff89fa
Apr-24 02:31:37.808 [main] DEBUG nextflow.plugin.PluginsFacade - Plugins default=[]
Apr-24 02:31:37.809 [main] DEBUG nextflow.plugin.PluginsFacade - Plugins resolved requirement=[]
Apr-24 02:31:37.857 [main] DEBUG nextflow.Session - Session UUID: 0e5286d3-b806-4ace-8d21-7ebc50ebe16a
Apr-24 02:31:37.857 [main] DEBUG nextflow.Session - Run name: jolly_meucci
Apr-24 02:31:37.857 [main] DEBUG nextflow.Session - Executor pool size: 4
Apr-24 02:31:37.865 [main] DEBUG nextflow.file.FilePorter - File porter settings maxRetries=3; maxTransfers=50; pollTimeout=null
Apr-24 02:31:37.870 [main] DEBUG nextflow.util.ThreadPoolBuilder - Creating thread pool 'FileTransfer' minSize=10; maxSize=12; workQueue=LinkedBlockingQueue[10000]; allowCoreThreadTimeout=false
Apr-24 02:31:37.892 [main] DEBUG nextflow.cli.CmdRun - 
  Version: 24.10.3 build 5933
  Created: 16-12-2024 15:34 UTC 
  System: Linux 5.15.0-176-generic
  Runtime: Groovy 4.0.23 on OpenJDK 64-Bit Server VM 11.0.25+9-post-Ubuntu-1ubuntu122.04
  Encoding: UTF-8 (UTF-8)
  Process: 78@8eb296a60dbd [172.17.0.2]
  CPUs: 4 - Mem: 15.6 GB (1.1 GB) - Swap: 0 (0)
Apr-24 02:31:37.915 [main] DEBUG nextflow.Session - Work-dir: /output/WorkDir/nextflow [ext2/ext3]
Apr-24 02:31:37.955 [main] DEBUG nextflow.executor.ExecutorFactory - Extension executors providers=[]
Apr-24 02:31:37.967 [main] DEBUG nextflow.Session - Observer factory: DefaultObserverFactory
Apr-24 02:31:38.001 [main] DEBUG nextflow.cache.CacheFactory - Using Nextflow cache factory: nextflow.cache.DefaultCacheFactory
Apr-24 02:31:38.011 [main] DEBUG nextflow.util.CustomThreadPool - Creating default thread pool > poolSize: 5; maxThreads: 1000
Apr-24 02:31:38.063 [main] DEBUG nextflow.Session - Session start
Apr-24 02:31:40.557 [main] DEBUG nextflow.script.ScriptRunner - > Launching execution
Apr-24 02:31:40.647 [main] INFO  nextflow.script.BaseScript - DEBUG: params           : [profile:standard, bids_dir:/input, subjects_dir:None, output_dir:/output, participant_label:101, skip_bids_validation:true, anat_only:true, bold_only:False, bold_cifti:False, bold_task_type:, bold_skip_frame:0, bold_bandpass:0.01-0.08, bold_sdc:True, bold_confounds:True, bold_surface_spaces:fsaverage6, bold_volume_space:MNI152NLin6Asym, bold_volume_res:02, exec_env:docker, python:, device:auto, mriqc:False, debug:False, fs_threads:8, freesurfer_home:/opt/freesurfer, fs_license_file:/fs_license.txt, deepprep_home:/opt/DeepPrep, fastsurfer_home:/opt/DeepPrep/deepprep/FastSurfer, fastcsr_home:/opt/DeepPrep/deepprep/FastCSR, fastcsr_model_path:/opt/model/FastCSR, surfreg_home:/opt/DeepPrep/deepprep/SUGAR, surfreg_model_path:/opt/model/SUGAR/model_files, synthmorph_home:/opt/DeepPrep/deepprep/SynthMorph, synthmorph_model_path:/opt/model/SynthMorph/models, qc_utils_path:/opt/DeepPrep/deepprep/nextflow/bin/qc_tool, reports_utils_path:/opt/DeepPrep/deepprep/nextflow/bin/reports, deepprep_version:25.1.0, preprocess_others:False, cpus:10, memory:20]
Apr-24 02:31:40.650 [main] INFO  nextflow.script.BaseScript - INFO: bids_dir           : /input
Apr-24 02:31:40.651 [main] INFO  nextflow.script.BaseScript - INFO: output_dir         : /output
Apr-24 02:31:40.651 [main] INFO  nextflow.script.BaseScript - INFO: subjects_dir       : /output/Recon
Apr-24 02:31:40.708 [main] DEBUG nextflow.executor.ExecutorFactory - << taskConfig executor: local
Apr-24 02:31:40.709 [main] DEBUG nextflow.executor.ExecutorFactory - >> processorType: 'local'
Apr-24 02:31:40.714 [main] DEBUG nextflow.executor.Executor - [warm up] executor > local
Apr-24 02:31:40.720 [main] DEBUG n.processor.LocalPollingMonitor - Creating local task monitor for executor 'local' > cpus=10; memory=20 GB; capacity=4; pollInterval=100ms; dumpInterval=5m
Apr-24 02:31:40.723 [main] DEBUG n.processor.TaskPollingMonitor - >>> barrier register (monitor: local)
Apr-24 02:31:40.811 [main] INFO  nextflow.script.BaseScript - INFO: anat preprocess ONLY
Apr-24 02:31:40.845 [main] DEBUG nextflow.executor.ExecutorFactory - << taskConfig executor: local
Apr-24 02:31:40.846 [main] DEBUG nextflow.executor.ExecutorFactory - >> processorType: 'local'
Apr-24 02:31:40.862 [main] DEBUG nextflow.script.ProcessConfig - Config settings `withLabel:maxForks_10` matches labels `maxForks_10` for process with name anat_wf:anat_create_subject_orig_dir
Apr-24 02:31:40.868 [main] DEBUG nextflow.executor.ExecutorFactory - << taskConfig executor: local
Apr-24 02:31:40.868 [main] DEBUG nextflow.executor.ExecutorFactory - >> processorType: 'local'
Apr-24 02:31:40.884 [main] DEBUG nextflow.processor.TaskProcessor - Creating *combiner* operator for each param(s) at index(es): [1]
Apr-24 02:31:40.905 [main] DEBUG nextflow.script.ProcessConfig - Config settings `withLabel:maxForks_10` matches labels `maxForks_10` for process with name anat_wf:anat_create_summary
Apr-24 02:31:40.908 [main] DEBUG nextflow.executor.ExecutorFactory - << taskConfig executor: local
Apr-24 02:31:40.908 [main] DEBUG nextflow.executor.ExecutorFactory - >> processorType: 'local'
Apr-24 02:31:40.940 [main] DEBUG nextflow.executor.ExecutorFactory - << taskConfig executor: local
Apr-24 02:31:40.941 [main] DEBUG nextflow.executor.ExecutorFactory - >> processorType: 'local'
Apr-24 02:31:40.952 [main] DEBUG nextflow.script.ProcessConfig - Config settings `withLabel:with_gpu` matches labels `with_gpu` for process with name anat_wf:anat_segment
Apr-24 02:31:40.954 [main] DEBUG nextflow.executor.ExecutorFactory - << taskConfig executor: local
Apr-24 02:31:40.954 [main] DEBUG nextflow.executor.ExecutorFactory - >> processorType: 'local'
Apr-24 02:31:40.965 [main] DEBUG nextflow.executor.ExecutorFactory - << taskConfig executor: local
Apr-24 02:31:40.965 [main] DEBUG nextflow.executor.ExecutorFactory - >> processorType: 'local'
Apr-24 02:31:41.028 [main] DEBUG nextflow.executor.ExecutorFactory - << taskConfig executor: local
Apr-24 02:31:41.029 [main] DEBUG nextflow.executor.ExecutorFactory - >> processorType: 'local'
Apr-24 02:31:41.049 [main] DEBUG nextflow.executor.ExecutorFactory - << taskConfig executor: local
Apr-24 02:31:41.050 [main] DEBUG nextflow.executor.ExecutorFactory - >> processorType: 'local'
Apr-24 02:31:41.059 [main] DEBUG nextflow.executor.ExecutorFactory - << taskConfig executor: local
Apr-24 02:31:41.059 [main] DEBUG nextflow.executor.ExecutorFactory - >> processorType: 'local'
Apr-24 02:31:41.075 [main] DEBUG nextflow.executor.ExecutorFactory - << taskConfig executor: local
Apr-24 02:31:41.075 [main] DEBUG nextflow.executor.ExecutorFactory - >> processorType: 'local'
Apr-24 02:31:41.102 [main] DEBUG nextflow.executor.ExecutorFactory - << taskConfig executor: local
Apr-24 02:31:41.102 [main] DEBUG nextflow.executor.ExecutorFactory - >> processorType: 'local'
Apr-24 02:31:41.136 [main] DEBUG nextflow.executor.ExecutorFactory - << taskConfig executor: local
Apr-24 02:31:41.136 [main] DEBUG nextflow.executor.ExecutorFactory - >> processorType: 'local'
Apr-24 02:31:41.151 [main] DEBUG nextflow.executor.ExecutorFactory - << taskConfig executor: local
Apr-24 02:31:41.151 [main] DEBUG nextflow.executor.ExecutorFactory - >> processorType: 'local'
Apr-24 02:31:41.156 [main] DEBUG nextflow.executor.ExecutorFactory - << taskConfig executor: local
Apr-24 02:31:41.156 [main] DEBUG nextflow.executor.ExecutorFactory - >> processorType: 'local'
Apr-24 02:31:41.174 [main] DEBUG nextflow.executor.ExecutorFactory - << taskConfig executor: local
Apr-24 02:31:41.175 [main] DEBUG nextflow.executor.ExecutorFactory - >> processorType: 'local'
Apr-24 02:31:41.176 [main] DEBUG nextflow.processor.TaskProcessor - Creating *combiner* operator for each param(s) at index(es): [0]
Apr-24 02:31:41.184 [main] DEBUG nextflow.executor.ExecutorFactory - << taskConfig executor: local
Apr-24 02:31:41.184 [main] DEBUG nextflow.executor.ExecutorFactory - >> processorType: 'local'
Apr-24 02:31:41.185 [main] DEBUG nextflow.processor.TaskProcessor - Creating *combiner* operator for each param(s) at index(es): [0]
Apr-24 02:31:41.192 [main] DEBUG nextflow.executor.ExecutorFactory - << taskConfig executor: local
Apr-24 02:31:41.192 [main] DEBUG nextflow.executor.ExecutorFactory - >> processorType: 'local'
Apr-24 02:31:41.193 [main] DEBUG nextflow.processor.TaskProcessor - Creating *combiner* operator for each param(s) at index(es): [0]
Apr-24 02:31:41.200 [main] DEBUG nextflow.executor.ExecutorFactory - << taskConfig executor: local
Apr-24 02:31:41.200 [main] DEBUG nextflow.executor.ExecutorFactory - >> processorType: 'local'
Apr-24 02:31:41.201 [main] DEBUG nextflow.processor.TaskProcessor - Creating *combiner* operator for each param(s) at index(es): [0]
Apr-24 02:31:41.208 [main] DEBUG nextflow.executor.ExecutorFactory - << taskConfig executor: local
Apr-24 02:31:41.208 [main] DEBUG nextflow.executor.ExecutorFactory - >> processorType: 'local'
Apr-24 02:31:41.209 [main] DEBUG nextflow.processor.TaskProcessor - Creating *combiner* operator for each param(s) at index(es): [0]
Apr-24 02:31:41.216 [main] DEBUG nextflow.executor.ExecutorFactory - << taskConfig executor: local
Apr-24 02:31:41.217 [main] DEBUG nextflow.executor.ExecutorFactory - >> processorType: 'local'
Apr-24 02:31:41.217 [main] DEBUG nextflow.processor.TaskProcessor - Creating *combiner* operator for each param(s) at index(es): [0]
Apr-24 02:31:41.224 [main] DEBUG nextflow.executor.ExecutorFactory - << taskConfig executor: local
Apr-24 02:31:41.224 [main] DEBUG nextflow.executor.ExecutorFactory - >> processorType: 'local'
Apr-24 02:31:41.225 [main] DEBUG nextflow.processor.TaskProcessor - Creating *combiner* operator for each param(s) at index(es): [0]
Apr-24 02:31:41.240 [main] DEBUG nextflow.script.ProcessConfig - Config settings `withLabel:with_gpu` matches labels `with_gpu` for process with name anat_wf:anat_fastcsr_levelset
Apr-24 02:31:41.244 [main] DEBUG nextflow.executor.ExecutorFactory - << taskConfig executor: local
Apr-24 02:31:41.244 [main] DEBUG nextflow.executor.ExecutorFactory - >> processorType: 'local'
Apr-24 02:31:41.245 [main] DEBUG nextflow.processor.TaskProcessor - Creating *combiner* operator for each param(s) at index(es): [4]
Apr-24 02:31:41.280 [main] DEBUG nextflow.executor.ExecutorFactory - << taskConfig executor: local
Apr-24 02:31:41.280 [main] DEBUG nextflow.executor.ExecutorFactory - >> processorType: 'local'
Apr-24 02:31:41.306 [main] DEBUG nextflow.executor.ExecutorFactory - << taskConfig executor: local
Apr-24 02:31:41.306 [main] DEBUG nextflow.executor.ExecutorFactory - >> processorType: 'local'
Apr-24 02:31:41.352 [main] DEBUG nextflow.executor.ExecutorFactory - << taskConfig executor: local
Apr-24 02:31:41.352 [main] DEBUG nextflow.executor.ExecutorFactory - >> processorType: 'local'
Apr-24 02:31:41.364 [main] DEBUG nextflow.executor.ExecutorFactory - << taskConfig executor: local
Apr-24 02:31:41.364 [main] DEBUG nextflow.executor.ExecutorFactory - >> processorType: 'local'
Apr-24 02:31:41.371 [main] DEBUG nextflow.executor.ExecutorFactory - << taskConfig executor: local
Apr-24 02:31:41.371 [main] DEBUG nextflow.executor.ExecutorFactory - >> processorType: 'local'
Apr-24 02:31:41.405 [main] DEBUG nextflow.executor.ExecutorFactory - << taskConfig executor: local
Apr-24 02:31:41.405 [main] DEBUG nextflow.executor.ExecutorFactory - >> processorType: 'local'
Apr-24 02:31:41.414 [main] DEBUG nextflow.executor.ExecutorFactory - << taskConfig executor: local
Apr-24 02:31:41.414 [main] DEBUG nextflow.executor.ExecutorFactory - >> processorType: 'local'
Apr-24 02:31:41.424 [main] DEBUG nextflow.executor.ExecutorFactory - << taskConfig executor: local
Apr-24 02:31:41.424 [main] DEBUG nextflow.executor.ExecutorFactory - >> processorType: 'local'
Apr-24 02:31:41.431 [main] DEBUG nextflow.executor.ExecutorFactory - << taskConfig executor: local
Apr-24 02:31:41.431 [main] DEBUG nextflow.executor.ExecutorFactory - >> processorType: 'local'
Apr-24 02:31:41.442 [main] DEBUG nextflow.script.ProcessConfig - Config settings `withLabel:with_gpu` matches labels `with_gpu` for process with name anat_wf:anat_sphere_register
Apr-24 02:31:41.443 [main] DEBUG nextflow.executor.ExecutorFactory - << taskConfig executor: local
Apr-24 02:31:41.443 [main] DEBUG nextflow.executor.ExecutorFactory - >> processorType: 'local'
Apr-24 02:31:41.454 [main] DEBUG nextflow.executor.ExecutorFactory - << taskConfig executor: local
Apr-24 02:31:41.455 [main] DEBUG nextflow.executor.ExecutorFactory - >> processorType: 'local'
Apr-24 02:31:41.467 [main] DEBUG nextflow.executor.ExecutorFactory - << taskConfig executor: local
Apr-24 02:31:41.467 [main] DEBUG nextflow.executor.ExecutorFactory - >> processorType: 'local'
Apr-24 02:31:41.493 [main] DEBUG nextflow.executor.ExecutorFactory - << taskConfig executor: local
Apr-24 02:31:41.493 [main] DEBUG nextflow.executor.ExecutorFactory - >> processorType: 'local'
Apr-24 02:31:41.509 [main] DEBUG nextflow.executor.ExecutorFactory - << taskConfig executor: local
Apr-24 02:31:41.509 [main] DEBUG nextflow.executor.ExecutorFactory - >> processorType: 'local'
Apr-24 02:31:41.534 [main] DEBUG nextflow.executor.ExecutorFactory - << taskConfig executor: local
Apr-24 02:31:41.534 [main] DEBUG nextflow.executor.ExecutorFactory - >> processorType: 'local'
Apr-24 02:31:41.556 [main] DEBUG nextflow.executor.ExecutorFactory - << taskConfig executor: local
Apr-24 02:31:41.556 [main] DEBUG nextflow.executor.ExecutorFactory - >> processorType: 'local'
Apr-24 02:31:41.581 [main] DEBUG nextflow.executor.ExecutorFactory - << taskConfig executor: local
Apr-24 02:31:41.581 [main] DEBUG nextflow.executor.ExecutorFactory - >> processorType: 'local'
Apr-24 02:31:41.608 [main] DEBUG nextflow.executor.ExecutorFactory - << taskConfig executor: local
Apr-24 02:31:41.608 [main] DEBUG nextflow.executor.ExecutorFactory - >> processorType: 'local'
Apr-24 02:31:41.628 [main] DEBUG nextflow.executor.ExecutorFactory - << taskConfig executor: local
Apr-24 02:31:41.628 [main] DEBUG nextflow.executor.ExecutorFactory - >> processorType: 'local'
Apr-24 02:31:41.650 [main] DEBUG nextflow.executor.ExecutorFactory - << taskConfig executor: local
Apr-24 02:31:41.650 [main] DEBUG nextflow.executor.ExecutorFactory - >> processorType: 'local'
Apr-24 02:31:41.661 [main] DEBUG nextflow.executor.ExecutorFactory - << taskConfig executor: local
Apr-24 02:31:41.661 [main] DEBUG nextflow.executor.ExecutorFactory - >> processorType: 'local'
Apr-24 02:31:41.670 [main] DEBUG nextflow.executor.ExecutorFactory - << taskConfig executor: local
Apr-24 02:31:41.670 [main] DEBUG nextflow.executor.ExecutorFactory - >> processorType: 'local'
Apr-24 02:31:41.697 [main] DEBUG nextflow.Session - Workflow process names [dsl2]: bold_T1_to_2mm, bold_anat_cifti, bold_bbregister, split_hemi_aseg_presurf_mgz, anat_cortex_label, anat_fill, bold_bbregister_to_native, bold_confounds_combine, anat_wf:anat_hyporelabel, anat_wf:anat_pial_surface, anat_wf:split_hemi_brain_finalsurfs_mgz, anat_wf:qc_plot_aparc_aseg, subject_id_hemi_lh, anat_wf:anat_pctsurfcon, qc_plot_carpet, bold_synthmorph_affine, anat_wf:anat_paint_cc_to_aseg, anat_wf:anat_white_surface, split_hemi_orig_mgz, anat_hyporelabel, qc_plot_bold_to_space, anat_paint_cc_to_aseg, anat_cortparc_aparc, anat_reduce_to_aseg, qc_bold_create_report, anat_brainmask, anat_segstats, anat_wf:qc_plot_volsurf, qc_plot_norm_to_mni152, bold_confounds_part2, bold_confounds_part1, split_hemi_wm_mgz, anat_white_surface, anat_wf:split_hemi_wm_mgz, deepprep_init, anat_wf:subject_id_hemi_lh, process_mriqc, anat_wf:anat_sphere, anat_apas2aseg, qc_anat_create_report, subject_id_hemi_rh, anat_wf:anat_N4_bias_correct, anat_sphere_register, anat_wf:anat_segment, anat_wf:anat_create_summary, anat_parcstats, anat_jacobian, anat_wf:split_hemi_rawavg_mgz, bold_merge_subject_id, anat_create_subject_orig_dir, anat_cortparc_aparc_a2009s, split_hemi_brain_finalsurfs_mgz, anat_balabels_rh, anat_wf:anat_ribbon, bold_vol2surf, qc_plot_tsnr, qc_plot_surfparc, anat_wf:anat_reduce_to_aseg, bold_sdc, anat_fastcsr_levelset, anat_fastcsr_mksurface, anat_create_summary, bold_anat_prepare, anat_wf:anat_cortex_label, anat_talairach_and_nu, anat_wf:anat_jacobian, anat_avgcurv, anat_wf:anat_fastcsr_levelset, split_hemi_brainmask_mgz, bold_get_bold_file_in_bids, anat_segment, anat_wf:subject_id_hemi_rh, anat_pial_surface, bold_aparc2aseg_presurf, bold_mkbrainmask, anat_wf:anat_get_t1w_file_in_bids, qc_plot_volsurf, bold_pre_process, bold_add_subject_id_to_bold_file, anat_smooth_inflated, bold_synthmorph_norigid_apply, anat_T1, anat_ca_register, bold_get_bold_ref_in_bids, anat_balabels_lh, qc_plot_aparc_aseg, anat_wf:anat_motioncor, anat_wf:anat_brainmask, anat_wf:split_hemi_brainmask_mgz, anat_motioncor, split_hemi_rawavg_mgz, anat_pctsurfcon, anat_autodet_gwstats, rh_anat_ribbon_inputs, bold_stc_mc, split_subject_boldref_file, split_hemi_filled_mgz, anat_wf:anat_autodet_gwstats, lh_anat_ribbon_inputs, bold_synthmorph_joint, bold_skip_reorient, anat_wf:anat_aparc2aseg, anat_parcstats2, bold_transform_chain, anat_ribbon, anat_aparc2aseg, anat_wf:anat_smooth_inflated, anat_wf:anat_curv_stats, split_bold_bbregister_from_anat_input, anat_wf:anat_cortex_hipamyg_label, anat_wf:anat_fastcsr_mksurface, bold_create_summary, anat_wf:anat_sphere_register, bold_bold_cifti, bold_concat, anat_wf:qc_anat_create_report, anat_wf:anat_cortparc_aparc, anat_wf:split_hemi_aseg_presurf_mgz, anat_wf:anat_apas2aseg, anat_wf:anat_talairach_and_nu, anat_wf:anat_T1, anat_wf:split_hemi_filled_mgz, anat_wf:anat_parcstats, anat_get_t1w_file_in_bids, anat_N4_bias_correct, bold_upsampled, anat_wf:anat_create_subject_orig_dir, anat_wf:qc_plot_surfparc, anat_wf:split_hemi_orig_mgz, anat_aparc_a2009s2aseg, anat_curv_stats, anat_sphere, bold_fieldmap, bold_synthmorph_norigid, anat_wf:anat_fill, anat_cortex_hipamyg_label
Apr-24 02:31:41.698 [main] DEBUG nextflow.Session - Igniting dataflow network (55)
Apr-24 02:31:41.698 [main] DEBUG nextflow.processor.TaskProcessor - Starting process > deepprep_init
Apr-24 02:31:41.698 [main] DEBUG nextflow.processor.TaskProcessor - Starting process > anat_wf:anat_get_t1w_file_in_bids
Apr-24 02:31:41.699 [main] DEBUG nextflow.processor.TaskProcessor - Starting process > anat_wf:anat_create_subject_orig_dir
Apr-24 02:31:41.699 [main] DEBUG nextflow.processor.TaskProcessor - Starting process > anat_wf:anat_create_subject_orig_dir
Apr-24 02:31:41.699 [main] DEBUG nextflow.processor.TaskProcessor - Starting process > anat_wf:anat_create_summary
Apr-24 02:31:41.699 [main] DEBUG nextflow.processor.TaskProcessor - Starting process > anat_wf:anat_motioncor
Apr-24 02:31:41.699 [main] DEBUG nextflow.processor.TaskProcessor - Starting process > anat_wf:anat_segment
Apr-24 02:31:41.700 [main] DEBUG nextflow.processor.TaskProcessor - Starting process > anat_wf:anat_reduce_to_aseg
Apr-24 02:31:41.705 [main] DEBUG nextflow.processor.TaskProcessor - Starting process > anat_wf:anat_N4_bias_correct
Apr-24 02:31:41.707 [main] DEBUG nextflow.processor.TaskProcessor - Starting process > anat_wf:anat_talairach_and_nu
Apr-24 02:31:41.710 [main] DEBUG nextflow.processor.TaskProcessor - Starting process > anat_wf:anat_T1
Apr-24 02:31:41.711 [main] DEBUG nextflow.processor.TaskProcessor - Starting process > anat_wf:anat_brainmask
Apr-24 02:31:41.715 [main] DEBUG nextflow.processor.TaskProcessor - Starting process > anat_wf:anat_paint_cc_to_aseg
Apr-24 02:31:41.715 [main] DEBUG nextflow.processor.TaskProcessor - Starting process > anat_wf:anat_fill
Apr-24 02:31:41.727 [main] DEBUG nextflow.processor.TaskProcessor - Starting process > anat_wf:subject_id_hemi_lh
Apr-24 02:31:41.727 [main] DEBUG nextflow.processor.TaskProcessor - Starting process > anat_wf:subject_id_hemi_rh
Apr-24 02:31:41.728 [main] DEBUG nextflow.processor.TaskProcessor - Starting process > anat_wf:split_hemi_orig_mgz
Apr-24 02:31:41.728 [main] DEBUG nextflow.processor.TaskProcessor - Starting process > anat_wf:split_hemi_orig_mgz
Apr-24 02:31:41.728 [main] DEBUG nextflow.processor.TaskProcessor - Starting process > anat_wf:split_hemi_rawavg_mgz
Apr-24 02:31:41.728 [main] DEBUG nextflow.processor.TaskProcessor - Starting process > anat_wf:split_hemi_rawavg_mgz
Apr-24 02:31:41.728 [main] DEBUG nextflow.processor.TaskProcessor - Starting process > anat_wf:split_hemi_brainmask_mgz
Apr-24 02:31:41.728 [main] DEBUG nextflow.processor.TaskProcessor - Starting process > anat_wf:split_hemi_brainmask_mgz
Apr-24 02:31:41.728 [main] DEBUG nextflow.processor.TaskProcessor - Starting process > anat_wf:split_hemi_aseg_presurf_mgz
Apr-24 02:31:41.728 [main] DEBUG nextflow.processor.TaskProcessor - Starting process > anat_wf:split_hemi_aseg_presurf_mgz
Apr-24 02:31:41.728 [main] DEBUG nextflow.processor.TaskProcessor - Starting process > anat_wf:split_hemi_brain_finalsurfs_mgz
Apr-24 02:31:41.737 [main] DEBUG nextflow.processor.TaskProcessor - Starting process > anat_wf:split_hemi_brain_finalsurfs_mgz
Apr-24 02:31:41.737 [main] DEBUG nextflow.processor.TaskProcessor - Starting process > anat_wf:split_hemi_wm_mgz
Apr-24 02:31:41.737 [main] DEBUG nextflow.processor.TaskProcessor - Starting process > anat_wf:split_hemi_wm_mgz
Apr-24 02:31:41.737 [main] DEBUG nextflow.processor.TaskProcessor - Starting process > anat_wf:split_hemi_filled_mgz
Apr-24 02:31:41.737 [main] DEBUG nextflow.processor.TaskProcessor - Starting process > anat_wf:split_hemi_filled_mgz
Apr-24 02:31:41.738 [main] DEBUG nextflow.processor.TaskProcessor - Starting process > anat_wf:anat_fastcsr_levelset
Apr-24 02:31:41.738 [main] DEBUG nextflow.processor.TaskProcessor - Starting process > anat_wf:anat_fastcsr_levelset
Apr-24 02:31:41.738 [main] DEBUG nextflow.processor.TaskProcessor - Starting process > anat_wf:anat_fastcsr_mksurface
Apr-24 02:31:41.738 [main] DEBUG nextflow.processor.TaskProcessor - Starting process > anat_wf:anat_autodet_gwstats
Apr-24 02:31:41.738 [main] DEBUG nextflow.processor.TaskProcessor - Starting process > anat_wf:anat_white_surface
Apr-24 02:31:41.738 [main] DEBUG nextflow.processor.TaskProcessor - Starting process > anat_wf:anat_cortex_label
Apr-24 02:31:41.738 [main] DEBUG nextflow.processor.TaskProcessor - Starting process > anat_wf:anat_cortex_hipamyg_label
Apr-24 02:31:41.738 [main] DEBUG nextflow.processor.TaskProcessor - Starting process > anat_wf:anat_hyporelabel
Apr-24 02:31:41.738 [main] DEBUG nextflow.processor.TaskProcessor - Starting process > anat_wf:anat_smooth_inflated
Apr-24 02:31:41.738 [main] DEBUG nextflow.processor.TaskProcessor - Starting process > anat_wf:anat_curv_stats
Apr-24 02:31:41.738 [main] DEBUG nextflow.processor.TaskProcessor - Starting process > anat_wf:anat_sphere
Apr-24 02:31:41.738 [main] DEBUG nextflow.processor.TaskProcessor - Starting process > anat_wf:anat_sphere_register
Apr-24 02:31:41.738 [main] DEBUG nextflow.processor.TaskProcessor - Starting process > anat_wf:anat_jacobian
Apr-24 02:31:41.738 [main] DEBUG nextflow.processor.TaskProcessor - Starting process > anat_wf:anat_cortparc_aparc
Apr-24 02:31:41.738 [main] DEBUG nextflow.processor.TaskProcessor - Starting process > anat_wf:anat_pial_surface
Apr-24 02:31:41.738 [main] DEBUG nextflow.processor.TaskProcessor - Starting process > anat_wf:anat_pctsurfcon
Apr-24 02:31:41.738 [main] DEBUG nextflow.processor.TaskProcessor - Starting process > anat_wf:anat_parcstats
Apr-24 02:31:41.739 [main] DEBUG nextflow.processor.TaskProcessor - Starting process > anat_wf:anat_ribbon
Apr-24 02:31:41.739 [main] DEBUG nextflow.processor.TaskProcessor - Starting process > anat_wf:anat_apas2aseg
Apr-24 02:31:41.739 [main] DEBUG nextflow.processor.TaskProcessor - Starting process > anat_wf:anat_aparc2aseg
Apr-24 02:31:41.739 [main] DEBUG nextflow.processor.TaskProcessor - Starting process > anat_wf:qc_plot_volsurf
Apr-24 02:31:41.739 [main] DEBUG nextflow.processor.TaskProcessor - Starting process > anat_wf:qc_plot_surfparc
Apr-24 02:31:41.739 [main] DEBUG nextflow.processor.TaskProcessor - Starting process > anat_wf:qc_plot_aparc_aseg
Apr-24 02:31:41.739 [main] DEBUG nextflow.processor.TaskProcessor - Starting process > anat_wf:qc_anat_create_report
Apr-24 02:31:41.740 [main] DEBUG nextflow.script.ScriptRunner - Parsed script files:
  Script_4e56f478a224a21f: /opt/DeepPrep/deepprep/nextflow/deepprep.nf
Apr-24 02:31:41.740 [main] DEBUG nextflow.script.ScriptRunner - > Awaiting termination 
Apr-24 02:31:41.740 [main] DEBUG nextflow.Session - Session await
Apr-24 02:31:41.887 [Task submitter] DEBUG n.executor.local.LocalTaskHandler - Launch cmd line: /bin/bash -ue .command.run
Apr-24 02:31:41.890 [Task submitter] INFO  nextflow.Session - [f0/f07af5] Submitted process > deepprep_init
Apr-24 02:32:06.202 [Task monitor] DEBUG n.processor.TaskPollingMonitor - Task completed > TaskHandler[id: 1; name: deepprep_init; status: COMPLETED; exit: 0; error: -; workDir: /output/WorkDir/nextflow/f0/f07af5c234b6a793d19732ce0f32da]
Apr-24 02:32:06.203 [Task monitor] DEBUG nextflow.util.ThreadPoolBuilder - Creating thread pool 'TaskFinalizer' minSize=10; maxSize=12; workQueue=LinkedBlockingQueue[10000]; allowCoreThreadTimeout=false
Apr-24 02:32:06.251 [Task submitter] DEBUG n.executor.local.LocalTaskHandler - Launch cmd line: /bin/bash -ue .command.run
Apr-24 02:32:06.253 [Task submitter] INFO  nextflow.Session - [b8/4c70d6] Submitted process > anat_wf:anat_get_t1w_file_in_bids
Apr-24 02:32:08.208 [Task monitor] DEBUG n.processor.TaskPollingMonitor - Task completed > TaskHandler[id: 2; name: anat_wf:anat_get_t1w_file_in_bids; status: COMPLETED; exit: 0; error: -; workDir: /output/WorkDir/nextflow/b8/4c70d6dbc005f5257981010337017f]
Apr-24 02:32:08.259 [Task submitter] DEBUG n.executor.local.LocalTaskHandler - Launch cmd line: /bin/bash -ue .command.run
Apr-24 02:32:08.262 [Task submitter] INFO  nextflow.Session - [06/03793b] Submitted process > anat_wf:anat_create_subject_orig_dir (sub-101)
Apr-24 02:32:10.449 [Task monitor] DEBUG n.processor.TaskPollingMonitor - Task completed > TaskHandler[id: 3; name: anat_wf:anat_create_subject_orig_dir (sub-101); status: COMPLETED; exit: 0; error: -; workDir: /output/WorkDir/nextflow/06/03793b1ab98969c980954946c2507f]
Apr-24 02:32:10.468 [Task submitter] DEBUG n.executor.local.LocalTaskHandler - Launch cmd line: /bin/bash -ue .command.run
Apr-24 02:32:10.468 [Task submitter] INFO  nextflow.Session - [f5/f9a101] Submitted process > anat_wf:anat_motioncor (sub-101)
Apr-24 02:32:10.473 [Task submitter] DEBUG n.executor.local.LocalTaskHandler - Launch cmd line: /bin/bash -ue .command.run
Apr-24 02:32:10.474 [Task submitter] INFO  nextflow.Session - [9b/a037b1] Submitted process > anat_wf:anat_create_summary (sub-101)
Apr-24 02:32:22.067 [Task monitor] DEBUG n.processor.TaskPollingMonitor - Task completed > TaskHandler[id: 4; name: anat_wf:anat_motioncor (sub-101); status: COMPLETED; exit: 0; error: -; workDir: /output/WorkDir/nextflow/f5/f9a10125eb8117220f8ab99222ed0b]
Apr-24 02:32:22.094 [Task submitter] DEBUG n.executor.local.LocalTaskHandler - Launch cmd line: /bin/bash -ue .command.run
Apr-24 02:32:22.095 [Task submitter] INFO  nextflow.Session - [fc/fa90a1] Submitted process > anat_wf:split_hemi_orig_mgz (sub-101)
Apr-24 02:32:22.099 [Task submitter] DEBUG n.executor.local.LocalTaskHandler - Launch cmd line: /bin/bash -ue .command.run
Apr-24 02:32:22.099 [Task submitter] INFO  nextflow.Session - [96/c5af94] Submitted process > anat_wf:split_hemi_rawavg_mgz (sub-101)
Apr-24 02:32:22.107 [Task submitter] DEBUG n.executor.local.LocalTaskHandler - Launch cmd line: /bin/bash -ue .command.run
Apr-24 02:32:22.107 [Task submitter] INFO  nextflow.Session - [d0/402443] Submitted process > anat_wf:anat_segment (sub-101)
Apr-24 02:32:22.198 [Task monitor] DEBUG n.processor.TaskPollingMonitor - Task completed > TaskHandler[id: 9; name: anat_wf:split_hemi_rawavg_mgz (sub-101); status: COMPLETED; exit: 0; error: -; workDir: /output/WorkDir/nextflow/96/c5af947a8dc86b6bd6e7d92dbfb5ac]
Apr-24 02:32:22.203 [Task submitter] DEBUG n.executor.local.LocalTaskHandler - Launch cmd line: /bin/bash -ue .command.run
Apr-24 02:32:22.203 [Task submitter] INFO  nextflow.Session - [1d/9bf9f6] Submitted process > anat_wf:split_hemi_orig_mgz (sub-101)
Apr-24 02:32:22.234 [Task monitor] DEBUG n.processor.TaskPollingMonitor - Task completed > TaskHandler[id: 10; name: anat_wf:split_hemi_orig_mgz (sub-101); status: COMPLETED; exit: 0; error: -; workDir: /output/WorkDir/nextflow/fc/fa90a1b049d7fa9678a7aa7ab36d32]
Apr-24 02:32:22.238 [Task submitter] DEBUG n.executor.local.LocalTaskHandler - Launch cmd line: /bin/bash -ue .command.run
Apr-24 02:32:22.239 [Task submitter] INFO  nextflow.Session - [f6/0fb15c] Submitted process > anat_wf:split_hemi_rawavg_mgz (sub-101)
Apr-24 02:32:22.306 [Task monitor] DEBUG n.processor.TaskPollingMonitor - Task completed > TaskHandler[id: 7; name: anat_wf:split_hemi_orig_mgz (sub-101); status: COMPLETED; exit: 0; error: -; workDir: /output/WorkDir/nextflow/1d/9bf9f69aac72ea69c8cbd0ed8c7305]
Apr-24 02:32:22.343 [Task monitor] DEBUG n.processor.TaskPollingMonitor - Task completed > TaskHandler[id: 8; name: anat_wf:split_hemi_rawavg_mgz (sub-101); status: COMPLETED; exit: 0; error: -; workDir: /output/WorkDir/nextflow/f6/0fb15cbcb357483857d741ca308594]
Apr-24 02:32:34.519 [Task monitor] DEBUG n.processor.TaskPollingMonitor - Task completed > TaskHandler[id: 5; name: anat_wf:anat_create_summary (sub-101); status: COMPLETED; exit: 0; error: -; workDir: /output/WorkDir/nextflow/9b/a037b1aa2ba80a8f8550085b150a79]
Apr-24 02:33:21.306 [Task monitor] DEBUG n.processor.TaskPollingMonitor - Task completed > TaskHandler[id: 6; name: anat_wf:anat_segment (sub-101); status: COMPLETED; exit: 0; error: -; workDir: /output/WorkDir/nextflow/d0/402443ba5335766cd32944aed55fd7]
Apr-24 02:33:21.321 [Task submitter] DEBUG n.executor.local.LocalTaskHandler - Launch cmd line: /bin/bash -ue .command.run
Apr-24 02:33:21.321 [Task submitter] INFO  nextflow.Session - [e7/f1df87] Submitted process > anat_wf:anat_reduce_to_aseg (sub-101)
Apr-24 02:33:37.290 [Task monitor] DEBUG n.processor.TaskPollingMonitor - Task completed > TaskHandler[id: 11; name: anat_wf:anat_reduce_to_aseg (sub-101); status: COMPLETED; exit: 0; error: -; workDir: /output/WorkDir/nextflow/e7/f1df87e2da48e910b0cef204050b4c]
Apr-24 02:33:37.306 [Task submitter] DEBUG n.executor.local.LocalTaskHandler - Launch cmd line: /bin/bash -ue .command.run
Apr-24 02:33:37.307 [Task submitter] INFO  nextflow.Session - [72/7c143c] Submitted process > anat_wf:anat_N4_bias_correct (sub-101)
Apr-24 02:33:48.653 [Task monitor] DEBUG n.processor.TaskPollingMonitor - Task completed > TaskHandler[id: 12; name: anat_wf:anat_N4_bias_correct (sub-101); status: COMPLETED; exit: 0; error: -; workDir: /output/WorkDir/nextflow/72/7c143ccf010e6e408b3f1622fe08ba]
Apr-24 02:33:48.673 [Task submitter] DEBUG n.executor.local.LocalTaskHandler - Launch cmd line: /bin/bash -ue .command.run
Apr-24 02:33:48.673 [Task submitter] INFO  nextflow.Session - [92/95d5b6] Submitted process > anat_wf:anat_talairach_and_nu (sub-101)
Apr-24 02:34:12.613 [Task monitor] DEBUG n.processor.TaskPollingMonitor - Task completed > TaskHandler[id: 13; name: anat_wf:anat_talairach_and_nu (sub-101); status: COMPLETED; exit: 0; error: -; workDir: /output/WorkDir/nextflow/92/95d5b6d595cf8347b0f442e35c3981]
Apr-24 02:34:12.633 [Task submitter] DEBUG n.executor.local.LocalTaskHandler - Launch cmd line: /bin/bash -ue .command.run
Apr-24 02:34:12.634 [Task submitter] INFO  nextflow.Session - [b2/4ac433] Submitted process > anat_wf:anat_T1 (sub-101)
Apr-24 02:34:12.638 [Task submitter] DEBUG n.executor.local.LocalTaskHandler - Launch cmd line: /bin/bash -ue .command.run
Apr-24 02:34:12.638 [Task submitter] INFO  nextflow.Session - [83/cbe1d8] Submitted process > anat_wf:anat_brainmask (sub-101)
Apr-24 02:34:14.076 [Task monitor] DEBUG n.processor.TaskPollingMonitor - Task completed > TaskHandler[id: 15; name: anat_wf:anat_brainmask (sub-101); status: COMPLETED; exit: 0; error: -; workDir: /output/WorkDir/nextflow/83/cbe1d81af0573a92323b9b0cdd7024]
Apr-24 02:34:14.096 [Task submitter] DEBUG n.executor.local.LocalTaskHandler - Launch cmd line: /bin/bash -ue .command.run
Apr-24 02:34:14.096 [Task submitter] INFO  nextflow.Session - [fd/05d2c1] Submitted process > anat_wf:split_hemi_brainmask_mgz (sub-101)
Apr-24 02:34:14.100 [Task submitter] DEBUG n.executor.local.LocalTaskHandler - Launch cmd line: /bin/bash -ue .command.run
Apr-24 02:34:14.100 [Task submitter] INFO  nextflow.Session - [e3/c0b047] Submitted process > anat_wf:anat_paint_cc_to_aseg (sub-101)
Apr-24 02:34:14.104 [Task submitter] DEBUG n.executor.local.LocalTaskHandler - Launch cmd line: /bin/bash -ue .command.run
Apr-24 02:34:14.104 [Task submitter] INFO  nextflow.Session - [cd/e891bb] Submitted process > anat_wf:split_hemi_brainmask_mgz (sub-101)
Apr-24 02:34:14.212 [Task monitor] DEBUG n.processor.TaskPollingMonitor - Task completed > TaskHandler[id: 16; name: anat_wf:split_hemi_brainmask_mgz (sub-101); status: COMPLETED; exit: 0; error: -; workDir: /output/WorkDir/nextflow/cd/e891bb457a93da383ed4d2570e2b8e]
Apr-24 02:34:14.214 [Task monitor] DEBUG n.processor.TaskPollingMonitor - Task completed > TaskHandler[id: 18; name: anat_wf:split_hemi_brainmask_mgz (sub-101); status: COMPLETED; exit: 0; error: -; workDir: /output/WorkDir/nextflow/fd/05d2c146fda8f3ac95f21a2ab02719]
Apr-24 02:34:39.682 [Task monitor] DEBUG n.processor.TaskPollingMonitor - Task completed > TaskHandler[id: 17; name: anat_wf:anat_paint_cc_to_aseg (sub-101); status: COMPLETED; exit: 0; error: -; workDir: /output/WorkDir/nextflow/e3/c0b047b813e1fbe0ccdfa6e9b0e383]
Apr-24 02:34:39.705 [Task submitter] DEBUG n.executor.local.LocalTaskHandler - Launch cmd line: /bin/bash -ue .command.run
Apr-24 02:34:39.706 [Task submitter] INFO  nextflow.Session - [ee/793d79] Submitted process > anat_wf:anat_fill (sub-101)
Apr-24 02:36:03.337 [Task monitor] DEBUG n.processor.TaskPollingMonitor - Task completed > TaskHandler[id: 14; name: anat_wf:anat_T1 (sub-101); status: COMPLETED; exit: 0; error: -; workDir: /output/WorkDir/nextflow/b2/4ac433e3eff81e4048ea0e41ecc8d6]
Apr-24 02:36:40.891 [Task monitor] DEBUG n.processor.TaskPollingMonitor - !! executor local > tasks to be completed: 1 -- submitted tasks are shown below
~> TaskHandler[id: 19; name: anat_wf:anat_fill (sub-101); status: RUNNING; exit: -; error: -; workDir: /output/WorkDir/nextflow/ee/793d79a064f302730211c80772f1ce]
Apr-24 02:40:07.704 [Task monitor] DEBUG n.processor.TaskPollingMonitor - Task completed > TaskHandler[id: 19; name: anat_wf:anat_fill (sub-101); status: COMPLETED; exit: 0; error: -; workDir: /output/WorkDir/nextflow/ee/793d79a064f302730211c80772f1ce]
Apr-24 02:40:07.716 [Task submitter] DEBUG n.executor.local.LocalTaskHandler - Launch cmd line: /bin/bash -ue .command.run
Apr-24 02:40:07.717 [Task submitter] INFO  nextflow.Session - [ac/d40cf5] Submitted process > anat_wf:subject_id_hemi_rh (sub-101)
Apr-24 02:40:07.738 [Task submitter] DEBUG n.executor.local.LocalTaskHandler - Launch cmd line: /bin/bash -ue .command.run
Apr-24 02:40:07.739 [Task submitter] INFO  nextflow.Session - [bb/31775b] Submitted process > anat_wf:split_hemi_aseg_presurf_mgz (sub-101)
Apr-24 02:40:07.750 [Task submitter] DEBUG n.executor.local.LocalTaskHandler - Launch cmd line: /bin/bash -ue .command.run
Apr-24 02:40:07.751 [Task submitter] INFO  nextflow.Session - [80/676040] Submitted process > anat_wf:subject_id_hemi_lh (sub-101)
Apr-24 02:40:07.784 [Task submitter] DEBUG n.executor.local.LocalTaskHandler - Launch cmd line: /bin/bash -ue .command.run
Apr-24 02:40:07.784 [Task submitter] INFO  nextflow.Session - [65/6a9ca9] Submitted process > anat_wf:split_hemi_wm_mgz (sub-101)
Apr-24 02:40:07.785 [Task submitter] DEBUG n.processor.TaskPollingMonitor - %% executor local > tasks in the submission queue: 7 -- tasks to be submitted are shown below
~> TaskHandler[id: 25; name: anat_wf:split_hemi_filled_mgz (sub-101); status: NEW; exit: -; error: -; workDir: /output/WorkDir/nextflow/c4/d09f02ffac829f68a7a0fc1cecfe60]
~> TaskHandler[id: 23; name: anat_wf:split_hemi_aseg_presurf_mgz (sub-101); status: NEW; exit: -; error: -; workDir: /output/WorkDir/nextflow/9e/f6e6f9b47b928aa79ce5690ca231c8]
~> TaskHandler[id: 26; name: anat_wf:split_hemi_brain_finalsurfs_mgz (sub-101); status: NEW; exit: -; error: -; workDir: /output/WorkDir/nextflow/13/3871163cac9d21cd299c851d71ba2d]
~> TaskHandler[id: 29; name: anat_wf:split_hemi_wm_mgz (sub-101); status: NEW; exit: -; error: -; workDir: /output/WorkDir/nextflow/03/b814bd74caf7c67fced575643afc1b]
~> TaskHandler[id: 28; name: anat_wf:split_hemi_filled_mgz (sub-101); status: NEW; exit: -; error: -; workDir: /output/WorkDir/nextflow/28/a69e465e16871ba702307c959493d1]
~> TaskHandler[id: 24; name: anat_wf:split_hemi_brain_finalsurfs_mgz (sub-101); status: NEW; exit: -; error: -; workDir: /output/WorkDir/nextflow/72/0a07c0bd4afbd7e3ed6808a28bbd6a]
~> TaskHandler[id: 30; name: anat_wf:anat_fastcsr_levelset (sub-101); status: NEW; exit: -; error: -; workDir: /output/WorkDir/nextflow/f5/75292445404ea7f8b38011684d697f]
Apr-24 02:40:07.897 [Task monitor] DEBUG n.processor.TaskPollingMonitor - Task completed > TaskHandler[id: 20; name: anat_wf:subject_id_hemi_rh (sub-101); status: COMPLETED; exit: 0; error: -; workDir: /output/WorkDir/nextflow/ac/d40cf5299f5f85c78e4fe845babb01]
Apr-24 02:40:07.905 [Task submitter] DEBUG n.executor.local.LocalTaskHandler - Launch cmd line: /bin/bash -ue .command.run
Apr-24 02:40:07.906 [Task submitter] INFO  nextflow.Session - [c4/d09f02] Submitted process > anat_wf:split_hemi_filled_mgz (sub-101)
Apr-24 02:40:07.922 [Task monitor] DEBUG n.processor.TaskPollingMonitor - Task completed > TaskHandler[id: 22; name: anat_wf:split_hemi_aseg_presurf_mgz (sub-101); status: COMPLETED; exit: 0; error: -; workDir: /output/WorkDir/nextflow/bb/31775b9c6e683fd58e9da599aab2bb]
Apr-24 02:40:07.927 [Task submitter] DEBUG n.executor.local.LocalTaskHandler - Launch cmd line: /bin/bash -ue .command.run
Apr-24 02:40:07.928 [Task submitter] INFO  nextflow.Session - [9e/f6e6f9] Submitted process > anat_wf:split_hemi_aseg_presurf_mgz (sub-101)
Apr-24 02:40:07.957 [Task monitor] DEBUG n.processor.TaskPollingMonitor - Task completed > TaskHandler[id: 21; name: anat_wf:subject_id_hemi_lh (sub-101); status: COMPLETED; exit: 0; error: -; workDir: /output/WorkDir/nextflow/80/67604018a49bc462913a78b84d4cec]
Apr-24 02:40:07.968 [Task submitter] DEBUG n.executor.local.LocalTaskHandler - Launch cmd line: /bin/bash -ue .command.run
Apr-24 02:40:07.968 [Task submitter] INFO  nextflow.Session - [13/387116] Submitted process > anat_wf:split_hemi_brain_finalsurfs_mgz (sub-101)
Apr-24 02:40:08.055 [Task monitor] DEBUG n.processor.TaskPollingMonitor - Task completed > TaskHandler[id: 27; name: anat_wf:split_hemi_wm_mgz (sub-101); status: COMPLETED; exit: 0; error: -; workDir: /output/WorkDir/nextflow/65/6a9ca97cba50793cea6f80ebbc7d80]
Apr-24 02:40:08.057 [Task monitor] DEBUG n.processor.TaskPollingMonitor - Task completed > TaskHandler[id: 25; name: anat_wf:split_hemi_filled_mgz (sub-101); status: COMPLETED; exit: 0; error: -; workDir: /output/WorkDir/nextflow/c4/d09f02ffac829f68a7a0fc1cecfe60]
Apr-24 02:40:08.061 [Task submitter] DEBUG n.executor.local.LocalTaskHandler - Launch cmd line: /bin/bash -ue .command.run
Apr-24 02:40:08.062 [Task submitter] INFO  nextflow.Session - [03/b814bd] Submitted process > anat_wf:split_hemi_wm_mgz (sub-101)
Apr-24 02:40:08.064 [Task monitor] DEBUG n.processor.TaskPollingMonitor - Task completed > TaskHandler[id: 23; name: anat_wf:split_hemi_aseg_presurf_mgz (sub-101); status: COMPLETED; exit: 0; error: -; workDir: /output/WorkDir/nextflow/9e/f6e6f9b47b928aa79ce5690ca231c8]
Apr-24 02:40:08.077 [Task submitter] DEBUG n.executor.local.LocalTaskHandler - Launch cmd line: /bin/bash -ue .command.run
Apr-24 02:40:08.077 [Task submitter] INFO  nextflow.Session - [28/a69e46] Submitted process > anat_wf:split_hemi_filled_mgz (sub-101)
Apr-24 02:40:08.080 [Task submitter] DEBUG n.executor.local.LocalTaskHandler - Launch cmd line: /bin/bash -ue .command.run
Apr-24 02:40:08.081 [Task submitter] INFO  nextflow.Session - [72/0a07c0] Submitted process > anat_wf:split_hemi_brain_finalsurfs_mgz (sub-101)
Apr-24 02:40:08.118 [Task monitor] DEBUG n.processor.TaskPollingMonitor - Task completed > TaskHandler[id: 26; name: anat_wf:split_hemi_brain_finalsurfs_mgz (sub-101); status: COMPLETED; exit: 0; error: -; workDir: /output/WorkDir/nextflow/13/3871163cac9d21cd299c851d71ba2d]
Apr-24 02:40:08.124 [Task submitter] DEBUG n.executor.local.LocalTaskHandler - Launch cmd line: /bin/bash -ue .command.run
Apr-24 02:40:08.124 [Task submitter] INFO  nextflow.Session - [f5/752924] Submitted process > anat_wf:anat_fastcsr_levelset (sub-101)
Apr-24 02:40:08.232 [Task monitor] DEBUG n.processor.TaskPollingMonitor - Task completed > TaskHandler[id: 28; name: anat_wf:split_hemi_filled_mgz (sub-101); status: COMPLETED; exit: 0; error: -; workDir: /output/WorkDir/nextflow/28/a69e465e16871ba702307c959493d1]
Apr-24 02:40:08.237 [Task submitter] DEBUG n.executor.local.LocalTaskHandler - Launch cmd line: /bin/bash -ue .command.run
Apr-24 02:40:08.237 [Task submitter] INFO  nextflow.Session - [2e/e1000c] Submitted process > anat_wf:anat_fastcsr_levelset (sub-101)
Apr-24 02:40:08.240 [Task monitor] DEBUG n.processor.TaskPollingMonitor - Task completed > TaskHandler[id: 29; name: anat_wf:split_hemi_wm_mgz (sub-101); status: COMPLETED; exit: 0; error: -; workDir: /output/WorkDir/nextflow/03/b814bd74caf7c67fced575643afc1b]
Apr-24 02:40:08.266 [Task monitor] DEBUG n.processor.TaskPollingMonitor - Task completed > TaskHandler[id: 24; name: anat_wf:split_hemi_brain_finalsurfs_mgz (sub-101); status: COMPLETED; exit: 0; error: -; workDir: /output/WorkDir/nextflow/72/0a07c0bd4afbd7e3ed6808a28bbd6a]
Apr-24 02:40:46.867 [Task monitor] DEBUG n.processor.TaskPollingMonitor - Task completed > TaskHandler[id: 30; name: anat_wf:anat_fastcsr_levelset (sub-101); status: COMPLETED; exit: 0; error: -; workDir: /output/WorkDir/nextflow/f5/75292445404ea7f8b38011684d697f]
Apr-24 02:40:46.884 [Task submitter] DEBUG n.executor.local.LocalTaskHandler - Launch cmd line: /bin/bash -ue .command.run
Apr-24 02:40:46.884 [Task submitter] INFO  nextflow.Session - [41/4b071b] Submitted process > anat_wf:anat_fastcsr_mksurface (sub-101)
Apr-24 02:40:47.370 [Task monitor] DEBUG n.processor.TaskPollingMonitor - Task completed > TaskHandler[id: 31; name: anat_wf:anat_fastcsr_levelset (sub-101); status: COMPLETED; exit: 0; error: -; workDir: /output/WorkDir/nextflow/2e/e1000c9fa9ab54d50f3802b9feba64]
Apr-24 02:40:47.389 [Task submitter] DEBUG n.executor.local.LocalTaskHandler - Launch cmd line: /bin/bash -ue .command.run
Apr-24 02:40:47.389 [Task submitter] INFO  nextflow.Session - [7c/bb79a3] Submitted process > anat_wf:anat_fastcsr_mksurface (sub-101)
Apr-24 02:41:39.846 [Task monitor] DEBUG n.processor.TaskPollingMonitor - Task completed > TaskHandler[id: 33; name: anat_wf:anat_fastcsr_mksurface (sub-101); status: COMPLETED; exit: 0; error: -; workDir: /output/WorkDir/nextflow/7c/bb79a38abd9d776e92b1317e8309e0]
Apr-24 02:41:39.863 [Task submitter] DEBUG n.executor.local.LocalTaskHandler - Launch cmd line: /bin/bash -ue .command.run
Apr-24 02:41:39.863 [Task submitter] INFO  nextflow.Session - [1f/3588ad] Submitted process > anat_wf:anat_autodet_gwstats (sub-101)
Apr-24 02:41:40.064 [Task monitor] DEBUG n.processor.TaskPollingMonitor - Task completed > TaskHandler[id: 32; name: anat_wf:anat_fastcsr_mksurface (sub-101); status: COMPLETED; exit: 0; error: -; workDir: /output/WorkDir/nextflow/41/4b071b52d3ba6e2b4e99dccc95c24f]
Apr-24 02:41:40.081 [Task submitter] DEBUG n.executor.local.LocalTaskHandler - Launch cmd line: /bin/bash -ue .command.run
Apr-24 02:41:40.082 [Task submitter] INFO  nextflow.Session - [20/038d59] Submitted process > anat_wf:anat_autodet_gwstats (sub-101)
Apr-24 02:41:40.964 [Task monitor] DEBUG n.processor.TaskPollingMonitor - !! executor local > tasks to be completed: 2 -- submitted tasks are shown below
~> TaskHandler[id: 34; name: anat_wf:anat_autodet_gwstats (sub-101); status: RUNNING; exit: -; error: -; workDir: /output/WorkDir/nextflow/1f/3588ad01f4efaf3ba0f9c5c0647e6f]
~> TaskHandler[id: 35; name: anat_wf:anat_autodet_gwstats (sub-101); status: RUNNING; exit: -; error: -; workDir: /output/WorkDir/nextflow/20/038d59543e77f977ee7ca1fdff93f3]
Apr-24 02:41:47.328 [Task monitor] DEBUG n.processor.TaskPollingMonitor - Task completed > TaskHandler[id: 34; name: anat_wf:anat_autodet_gwstats (sub-101); status: COMPLETED; exit: 0; error: -; workDir: /output/WorkDir/nextflow/1f/3588ad01f4efaf3ba0f9c5c0647e6f]
Apr-24 02:41:47.354 [Task submitter] DEBUG n.executor.local.LocalTaskHandler - Launch cmd line: /bin/bash -ue .command.run
Apr-24 02:41:47.354 [Task submitter] INFO  nextflow.Session - [10/822ab6] Submitted process > anat_wf:anat_white_surface (sub-101)
Apr-24 02:41:47.369 [Task monitor] DEBUG n.processor.TaskPollingMonitor - Task completed > TaskHandler[id: 35; name: anat_wf:anat_autodet_gwstats (sub-101); status: COMPLETED; exit: 0; error: -; workDir: /output/WorkDir/nextflow/20/038d59543e77f977ee7ca1fdff93f3]
Apr-24 02:41:47.384 [Task submitter] DEBUG n.executor.local.LocalTaskHandler - Launch cmd line: /bin/bash -ue .command.run
Apr-24 02:41:47.385 [Task submitter] INFO  nextflow.Session - [8f/a55ec9] Submitted process > anat_wf:anat_white_surface (sub-101)
Apr-24 02:45:00.004 [Task monitor] DEBUG n.processor.TaskPollingMonitor - Task completed > TaskHandler[id: 36; name: anat_wf:anat_white_surface (sub-101); status: COMPLETED; exit: 0; error: -; workDir: /output/WorkDir/nextflow/10/822ab68e6451267d33ef9ffb319c50]
Apr-24 02:45:00.018 [Task submitter] DEBUG n.executor.local.LocalTaskHandler - Launch cmd line: /bin/bash -ue .command.run
Apr-24 02:45:00.019 [Task submitter] INFO  nextflow.Session - [83/e1f5a8] Submitted process > anat_wf:anat_smooth_inflated (sub-101)
Apr-24 02:45:00.026 [Task submitter] DEBUG n.executor.local.LocalTaskHandler - Launch cmd line: /bin/bash -ue .command.run
Apr-24 02:45:00.026 [Task submitter] INFO  nextflow.Session - [b0/b562da] Submitted process > anat_wf:anat_cortex_label (sub-101)
Apr-24 02:45:00.034 [Task submitter] DEBUG n.executor.local.LocalTaskHandler - Launch cmd line: /bin/bash -ue .command.run
Apr-24 02:45:00.034 [Task submitter] INFO  nextflow.Session - [b8/6c9680] Submitted process > anat_wf:anat_cortex_hipamyg_label (sub-101)
Apr-24 02:45:00.113 [Task monitor] DEBUG n.processor.TaskPollingMonitor - Task completed > TaskHandler[id: 37; name: anat_wf:anat_white_surface (sub-101); status: COMPLETED; exit: 0; error: -; workDir: /output/WorkDir/nextflow/8f/a55ec9fd1664b938e8960c25833d98]
Apr-24 02:45:00.208 [Task submitter] DEBUG n.executor.local.LocalTaskHandler - Launch cmd line: /bin/bash -ue .command.run
Apr-24 02:45:00.209 [Task submitter] INFO  nextflow.Session - [53/d96a2d] Submitted process > anat_wf:anat_hyporelabel (sub-101)
Apr-24 02:45:08.237 [Task submitter] DEBUG n.processor.TaskPollingMonitor - %% executor local > tasks in the submission queue: 3 -- tasks to be submitted are shown below
~> TaskHandler[id: 42; name: anat_wf:anat_smooth_inflated (sub-101); status: NEW; exit: -; error: -; workDir: /output/WorkDir/nextflow/9e/cc4e47b85e87b64ec5a81bc21a0de2]
~> TaskHandler[id: 43; name: anat_wf:anat_cortex_label (sub-101); status: NEW; exit: -; error: -; workDir: /output/WorkDir/nextflow/8c/0480b280ea226eb52e1eadd0ab6967]
~> TaskHandler[id: 44; name: anat_wf:anat_cortex_hipamyg_label (sub-101); status: NEW; exit: -; error: -; workDir: /output/WorkDir/nextflow/b0/f094da19df10ae15b6a0e68127dacf]
Apr-24 02:45:12.917 [Task monitor] DEBUG n.processor.TaskPollingMonitor - Task completed > TaskHandler[id: 40; name: anat_wf:anat_cortex_hipamyg_label (sub-101); status: COMPLETED; exit: 0; error: -; workDir: /output/WorkDir/nextflow/b8/6c968089a085f8a613e72106e560ee]
Apr-24 02:45:12.921 [Task submitter] DEBUG n.executor.local.LocalTaskHandler - Launch cmd line: /bin/bash -ue .command.run
Apr-24 02:45:12.923 [Task submitter] INFO  nextflow.Session - [9e/cc4e47] Submitted process > anat_wf:anat_smooth_inflated (sub-101)
Apr-24 02:45:13.471 [Task monitor] DEBUG n.processor.TaskPollingMonitor - Task completed > TaskHandler[id: 39; name: anat_wf:anat_cortex_label (sub-101); status: COMPLETED; exit: 0; error: -; workDir: /output/WorkDir/nextflow/b0/b562da07ec3c688c284066f845697f]
Apr-24 02:45:13.475 [Task submitter] DEBUG n.executor.local.LocalTaskHandler - Launch cmd line: /bin/bash -ue .command.run
Apr-24 02:45:13.475 [Task submitter] INFO  nextflow.Session - [8c/0480b2] Submitted process > anat_wf:anat_cortex_label (sub-101)
Apr-24 02:45:16.536 [Task monitor] DEBUG n.processor.TaskPollingMonitor - Task completed > TaskHandler[id: 41; name: anat_wf:anat_hyporelabel (sub-101); status: COMPLETED; exit: 0; error: -; workDir: /output/WorkDir/nextflow/53/d96a2d3d416ae5dc398ae1dc79d9ce]
Apr-24 02:45:16.540 [Task submitter] DEBUG n.executor.local.LocalTaskHandler - Launch cmd line: /bin/bash -ue .command.run
Apr-24 02:45:16.540 [Task submitter] INFO  nextflow.Session - [b0/f094da] Submitted process > anat_wf:anat_cortex_hipamyg_label (sub-101)
Apr-24 02:45:18.236 [Task monitor] DEBUG n.processor.TaskPollingMonitor - Task completed > TaskHandler[id: 38; name: anat_wf:anat_smooth_inflated (sub-101); status: COMPLETED; exit: 0; error: -; workDir: /output/WorkDir/nextflow/83/e1f5a878b5036e660ca2422c73be08]
Apr-24 02:45:18.257 [Task submitter] DEBUG n.executor.local.LocalTaskHandler - Launch cmd line: /bin/bash -ue .command.run
Apr-24 02:45:18.257 [Task submitter] INFO  nextflow.Session - [12/3234af] Submitted process > anat_wf:anat_sphere (sub-101)
Apr-24 02:45:28.323 [Task monitor] DEBUG n.processor.TaskPollingMonitor - Task completed > TaskHandler[id: 43; name: anat_wf:anat_cortex_label (sub-101); status: COMPLETED; exit: 0; error: -; workDir: /output/WorkDir/nextflow/8c/0480b280ea226eb52e1eadd0ab6967]
Apr-24 02:45:28.328 [Task submitter] DEBUG n.executor.local.LocalTaskHandler - Launch cmd line: /bin/bash -ue .command.run
Apr-24 02:45:28.330 [Task submitter] INFO  nextflow.Session - [6a/174e2d] Submitted process > anat_wf:anat_curv_stats (sub-101)
Apr-24 02:45:30.317 [Task monitor] DEBUG n.processor.TaskPollingMonitor - Task completed > TaskHandler[id: 46; name: anat_wf:anat_curv_stats (sub-101); status: COMPLETED; exit: 0; error: -; workDir: /output/WorkDir/nextflow/6a/174e2dd0915cba81bfd103c3c0f4b8]
Apr-24 02:45:31.206 [Task monitor] DEBUG n.processor.TaskPollingMonitor - Task completed > TaskHandler[id: 42; name: anat_wf:anat_smooth_inflated (sub-101); status: COMPLETED; exit: 0; error: -; workDir: /output/WorkDir/nextflow/9e/cc4e47b85e87b64ec5a81bc21a0de2]
Apr-24 02:45:31.227 [Task submitter] DEBUG n.executor.local.LocalTaskHandler - Launch cmd line: /bin/bash -ue .command.run
Apr-24 02:45:31.228 [Task submitter] INFO  nextflow.Session - [13/bedbd0] Submitted process > anat_wf:anat_sphere (sub-101)
Apr-24 02:45:31.232 [Task submitter] DEBUG n.executor.local.LocalTaskHandler - Launch cmd line: /bin/bash -ue .command.run
Apr-24 02:45:31.232 [Task submitter] INFO  nextflow.Session - [da/379ace] Submitted process > anat_wf:anat_curv_stats (sub-101)
Apr-24 02:45:32.399 [Task monitor] DEBUG n.processor.TaskPollingMonitor - Task completed > TaskHandler[id: 44; name: anat_wf:anat_cortex_hipamyg_label (sub-101); status: COMPLETED; exit: 0; error: -; workDir: /output/WorkDir/nextflow/b0/f094da19df10ae15b6a0e68127dacf]
Apr-24 02:45:33.568 [Task monitor] DEBUG n.processor.TaskPollingMonitor - Task completed > TaskHandler[id: 48; name: anat_wf:anat_curv_stats (sub-101); status: COMPLETED; exit: 0; error: -; workDir: /output/WorkDir/nextflow/da/379acef2c2768c1ef081d3d7598aae]
Apr-24 02:46:41.063 [Task monitor] DEBUG n.processor.TaskPollingMonitor - !! executor local > tasks to be completed: 2 -- submitted tasks are shown below
~> TaskHandler[id: 45; name: anat_wf:anat_sphere (sub-101); status: RUNNING; exit: -; error: -; workDir: /output/WorkDir/nextflow/12/3234af419bebf81410959487ea019d]
~> TaskHandler[id: 47; name: anat_wf:anat_sphere (sub-101); status: RUNNING; exit: -; error: -; workDir: /output/WorkDir/nextflow/13/bedbd00227692b0ade219f70af1fba]
Apr-24 02:50:45.758 [Task monitor] DEBUG n.processor.TaskPollingMonitor - Task completed > TaskHandler[id: 45; name: anat_wf:anat_sphere (sub-101); status: COMPLETED; exit: 0; error: -; workDir: /output/WorkDir/nextflow/12/3234af419bebf81410959487ea019d]
Apr-24 02:50:45.793 [Task submitter] DEBUG n.executor.local.LocalTaskHandler - Launch cmd line: /bin/bash -ue .command.run
Apr-24 02:50:45.794 [Task submitter] INFO  nextflow.Session - [d8/7978c9] Submitted process > anat_wf:anat_sphere_register (sub-101)
Apr-24 02:50:59.608 [Task monitor] DEBUG n.processor.TaskPollingMonitor - Task completed > TaskHandler[id: 49; name: anat_wf:anat_sphere_register (sub-101); status: COMPLETED; exit: 0; error: -; workDir: /output/WorkDir/nextflow/d8/7978c949f247cad64df7c697730519]
Apr-24 02:50:59.634 [Task submitter] DEBUG n.executor.local.LocalTaskHandler - Launch cmd line: /bin/bash -ue .command.run
Apr-24 02:50:59.634 [Task submitter] INFO  nextflow.Session - [1e/27a65f] Submitted process > anat_wf:anat_cortparc_aparc (sub-101)
Apr-24 02:50:59.648 [Task submitter] DEBUG n.executor.local.LocalTaskHandler - Launch cmd line: /bin/bash -ue .command.run
Apr-24 02:50:59.648 [Task submitter] INFO  nextflow.Session - [95/9c3c57] Submitted process > anat_wf:anat_jacobian (sub-101)
Apr-24 02:51:00.703 [Task monitor] DEBUG n.processor.TaskPollingMonitor - Task completed > TaskHandler[id: 50; name: anat_wf:anat_jacobian (sub-101); status: COMPLETED; exit: 0; error: -; workDir: /output/WorkDir/nextflow/95/9c3c57d0f5577d04a3420ab79058ee]
Apr-24 02:51:10.537 [Task monitor] DEBUG n.processor.TaskPollingMonitor - Task completed > TaskHandler[id: 51; name: anat_wf:anat_cortparc_aparc (sub-101); status: COMPLETED; exit: 0; error: -; workDir: /output/WorkDir/nextflow/1e/27a65ffa11fa8745cc4e6d0164f782]
Apr-24 02:51:10.596 [Task submitter] DEBUG n.executor.local.LocalTaskHandler - Launch cmd line: /bin/bash -ue .command.run
Apr-24 02:51:10.596 [Task submitter] INFO  nextflow.Session - [96/ebdb2b] Submitted process > anat_wf:anat_pial_surface (sub-101)
Apr-24 02:51:32.248 [Task monitor] DEBUG n.processor.TaskPollingMonitor - Task completed > TaskHandler[id: 47; name: anat_wf:anat_sphere (sub-101); status: COMPLETED; exit: 0; error: -; workDir: /output/WorkDir/nextflow/13/bedbd00227692b0ade219f70af1fba]
Apr-24 02:51:32.261 [Task submitter] DEBUG n.executor.local.LocalTaskHandler - Launch cmd line: /bin/bash -ue .command.run
Apr-24 02:51:32.261 [Task submitter] INFO  nextflow.Session - [2e/15b72f] Submitted process > anat_wf:anat_sphere_register (sub-101)
Apr-24 02:51:39.104 [Task monitor] DEBUG n.processor.TaskPollingMonitor - Task completed > TaskHandler[id: 53; name: anat_wf:anat_sphere_register (sub-101); status: COMPLETED; exit: 0; error: -; workDir: /output/WorkDir/nextflow/2e/15b72fda323ad2927988746ffedc8f]
Apr-24 02:51:39.123 [Task submitter] DEBUG n.executor.local.LocalTaskHandler - Launch cmd line: /bin/bash -ue .command.run
Apr-24 02:51:39.124 [Task submitter] INFO  nextflow.Session - [25/0c24ea] Submitted process > anat_wf:anat_jacobian (sub-101)
Apr-24 02:51:39.136 [Task submitter] DEBUG n.executor.local.LocalTaskHandler - Launch cmd line: /bin/bash -ue .command.run
Apr-24 02:51:39.136 [Task submitter] INFO  nextflow.Session - [f1/8cdb03] Submitted process > anat_wf:anat_cortparc_aparc (sub-101)
Apr-24 02:51:40.629 [Task monitor] DEBUG n.processor.TaskPollingMonitor - Task completed > TaskHandler[id: 54; name: anat_wf:anat_jacobian (sub-101); status: COMPLETED; exit: 0; error: -; workDir: /output/WorkDir/nextflow/25/0c24eaeca675bfd9cd5230cea4bd7f]
Apr-24 02:51:41.128 [Task monitor] DEBUG n.processor.TaskPollingMonitor - !! executor local > tasks to be completed: 2 -- submitted tasks are shown below
~> TaskHandler[id: 52; name: anat_wf:anat_pial_surface (sub-101); status: RUNNING; exit: -; error: -; workDir: /output/WorkDir/nextflow/96/ebdb2bf3314a445f6c9071535fb2c9]
~> TaskHandler[id: 55; name: anat_wf:anat_cortparc_aparc (sub-101); status: RUNNING; exit: -; error: -; workDir: /output/WorkDir/nextflow/f1/8cdb0345b72f294444c2ac42bb1330]
Apr-24 02:51:49.036 [Task monitor] DEBUG n.processor.TaskPollingMonitor - Task completed > TaskHandler[id: 55; name: anat_wf:anat_cortparc_aparc (sub-101); status: COMPLETED; exit: 0; error: -; workDir: /output/WorkDir/nextflow/f1/8cdb0345b72f294444c2ac42bb1330]
Apr-24 02:51:49.073 [Task submitter] DEBUG n.executor.local.LocalTaskHandler - Launch cmd line: /bin/bash -ue .command.run
Apr-24 02:51:49.073 [Task submitter] INFO  nextflow.Session - [29/b889f3] Submitted process > anat_wf:anat_pial_surface (sub-101)
Apr-24 02:55:13.780 [Task monitor] DEBUG n.processor.TaskPollingMonitor - Task completed > TaskHandler[id: 52; name: anat_wf:anat_pial_surface (sub-101); status: COMPLETED; exit: 0; error: -; workDir: /output/WorkDir/nextflow/96/ebdb2bf3314a445f6c9071535fb2c9]
Apr-24 02:55:13.809 [Task submitter] DEBUG n.executor.local.LocalTaskHandler - Launch cmd line: /bin/bash -ue .command.run
Apr-24 02:55:13.810 [Task submitter] INFO  nextflow.Session - [d8/65735f] Submitted process > anat_wf:anat_pctsurfcon (sub-101)
Apr-24 02:55:16.523 [Task monitor] DEBUG n.processor.TaskPollingMonitor - Task completed > TaskHandler[id: 57; name: anat_wf:anat_pctsurfcon (sub-101); status: COMPLETED; exit: 0; error: -; workDir: /output/WorkDir/nextflow/d8/65735f093ff7bef4d5277ede22d095]
Apr-24 02:55:48.624 [Task monitor] DEBUG n.processor.TaskPollingMonitor - Task completed > TaskHandler[id: 56; name: anat_wf:anat_pial_surface (sub-101); status: COMPLETED; exit: 0; error: -; workDir: /output/WorkDir/nextflow/29/b889f3f2d0700e073699a562f5f691]
Apr-24 02:55:48.657 [Task submitter] DEBUG n.executor.local.LocalTaskHandler - Launch cmd line: /bin/bash -ue .command.run
Apr-24 02:55:48.657 [Task submitter] INFO  nextflow.Session - [e7/1abba8] Submitted process > anat_wf:anat_pctsurfcon (sub-101)
Apr-24 02:55:48.678 [Task submitter] DEBUG n.executor.local.LocalTaskHandler - Launch cmd line: /bin/bash -ue .command.run
Apr-24 02:55:48.678 [Task submitter] INFO  nextflow.Session - [a4/04cd7e] Submitted process > anat_wf:anat_parcstats (sub-101)
Apr-24 02:55:48.682 [Task submitter] DEBUG n.executor.local.LocalTaskHandler - Launch cmd line: /bin/bash -ue .command.run
Apr-24 02:55:48.682 [Task submitter] INFO  nextflow.Session - [5e/b6f749] Submitted process > anat_wf:qc_plot_surfparc (sub-101)
Apr-24 02:55:48.685 [Task submitter] DEBUG n.executor.local.LocalTaskHandler - Launch cmd line: /bin/bash -ue .command.run
Apr-24 02:55:48.685 [Task submitter] INFO  nextflow.Session - [c7/9855ac] Submitted process > anat_wf:anat_ribbon (sub-101)
Apr-24 02:55:48.686 [Task submitter] DEBUG n.processor.TaskPollingMonitor - %% executor local > tasks in the submission queue: 1 -- tasks to be submitted are shown below
~> TaskHandler[id: 60; name: anat_wf:qc_plot_volsurf (sub-101); status: NEW; exit: -; error: -; workDir: /output/WorkDir/nextflow/ac/d779f1e29c7440c6bc28ec7457b048]
Apr-24 02:55:53.101 [Task monitor] DEBUG n.processor.TaskPollingMonitor - Task completed > TaskHandler[id: 58; name: anat_wf:anat_pctsurfcon (sub-101); status: COMPLETED; exit: 0; error: -; workDir: /output/WorkDir/nextflow/e7/1abba86b30f9a25ab1da37b1c06171]
Apr-24 02:55:53.105 [Task submitter] DEBUG n.executor.local.LocalTaskHandler - Launch cmd line: /bin/bash -ue .command.run
Apr-24 02:55:53.106 [Task submitter] INFO  nextflow.Session - [ac/d779f1] Submitted process > anat_wf:qc_plot_volsurf (sub-101)
Apr-24 02:56:06.439 [Task monitor] DEBUG n.processor.TaskPollingMonitor - Task completed > TaskHandler[id: 61; name: anat_wf:qc_plot_surfparc (sub-101); status: COMPLETED; exit: 0; error: -; workDir: /output/WorkDir/nextflow/5e/b6f7494a1f0dace121800a00b148d1]
Apr-24 02:56:20.519 [Task monitor] DEBUG n.processor.TaskPollingMonitor - Task completed > TaskHandler[id: 60; name: anat_wf:qc_plot_volsurf (sub-101); status: COMPLETED; exit: 0; error: -; workDir: /output/WorkDir/nextflow/ac/d779f1e29c7440c6bc28ec7457b048]
Apr-24 02:56:33.927 [Task monitor] DEBUG n.processor.TaskPollingMonitor - Task completed > TaskHandler[id: 59; name: anat_wf:anat_parcstats (sub-101); status: COMPLETED; exit: 0; error: -; workDir: /output/WorkDir/nextflow/a4/04cd7e181cba5a1556f32ad1d446a6]
Apr-24 02:56:41.132 [Task monitor] DEBUG n.processor.TaskPollingMonitor - !! executor local > tasks to be completed: 1 -- submitted tasks are shown below
~> TaskHandler[id: 62; name: anat_wf:anat_ribbon (sub-101); status: RUNNING; exit: -; error: -; workDir: /output/WorkDir/nextflow/c7/9855ac0961f0794bc5d7cbd248cf6b]
Apr-24 02:58:37.742 [Task monitor] DEBUG n.processor.TaskPollingMonitor - Task completed > TaskHandler[id: 62; name: anat_wf:anat_ribbon (sub-101); status: COMPLETED; exit: 0; error: -; workDir: /output/WorkDir/nextflow/c7/9855ac0961f0794bc5d7cbd248cf6b]
Apr-24 02:58:37.758 [Task submitter] DEBUG n.executor.local.LocalTaskHandler - Launch cmd line: /bin/bash -ue .command.run
Apr-24 02:58:37.759 [Task submitter] INFO  nextflow.Session - [d3/1442a5] Submitted process > anat_wf:anat_apas2aseg (sub-101)
Apr-24 02:58:48.283 [Task monitor] DEBUG n.processor.TaskPollingMonitor - Task completed > TaskHandler[id: 63; name: anat_wf:anat_apas2aseg (sub-101); status: COMPLETED; exit: 0; error: -; workDir: /output/WorkDir/nextflow/d3/1442a583aab593f6c62fc3cffe92dc]
Apr-24 02:58:48.297 [Task submitter] DEBUG n.executor.local.LocalTaskHandler - Launch cmd line: /bin/bash -ue .command.run
Apr-24 02:58:48.298 [Task submitter] INFO  nextflow.Session - [10/629d18] Submitted process > anat_wf:anat_aparc2aseg (sub-101)
Apr-24 02:59:30.379 [Task monitor] DEBUG n.processor.TaskPollingMonitor - Task completed > TaskHandler[id: 64; name: anat_wf:anat_aparc2aseg (sub-101); status: COMPLETED; exit: 0; error: -; workDir: /output/WorkDir/nextflow/10/629d182fd02b27afaa362e5e5c3622]
Apr-24 02:59:30.393 [Task submitter] DEBUG n.executor.local.LocalTaskHandler - Launch cmd line: /bin/bash -ue .command.run
Apr-24 02:59:30.393 [Task submitter] INFO  nextflow.Session - [dc/3970d8] Submitted process > anat_wf:qc_plot_aparc_aseg (sub-101)
Apr-24 02:59:39.747 [Task monitor] DEBUG n.processor.TaskPollingMonitor - Task completed > TaskHandler[id: 65; name: anat_wf:qc_plot_aparc_aseg (sub-101); status: COMPLETED; exit: 0; error: -; workDir: /output/WorkDir/nextflow/dc/3970d8b0f097382399d4f3411dc9df]
Apr-24 02:59:39.759 [Task submitter] DEBUG n.executor.local.LocalTaskHandler - Launch cmd line: /bin/bash -ue .command.run
Apr-24 02:59:39.760 [Task submitter] INFO  nextflow.Session - [66/4e3177] Submitted process > anat_wf:qc_anat_create_report (sub-101)
Apr-24 02:59:41.282 [Task monitor] DEBUG n.processor.TaskPollingMonitor - Task completed > TaskHandler[id: 66; name: anat_wf:qc_anat_create_report (sub-101); status: COMPLETED; exit: 0; error: -; workDir: /output/WorkDir/nextflow/66/4e31773feb9d2368c923350e285d0d]
Apr-24 02:59:41.286 [main] DEBUG nextflow.Session - Session await > all processes finished
Apr-24 02:59:41.384 [Task monitor] DEBUG n.processor.TaskPollingMonitor - <<< barrier arrives (monitor: local) - terminating tasks monitor poll loop
Apr-24 02:59:41.384 [main] DEBUG nextflow.Session - Session await > all barriers passed
Apr-24 02:59:41.392 [main] DEBUG nextflow.util.ThreadPoolManager - Thread pool 'TaskFinalizer' shutdown completed (hard=false)
Apr-24 02:59:41.398 [main] DEBUG n.trace.WorkflowStatsObserver - Workflow completed > WorkflowStats[succeededCount=66; failedCount=0; ignoredCount=0; cachedCount=0; pendingCount=0; submittedCount=0; runningCount=0; retriesCount=0; abortedCount=0; succeedDuration=1h 51m 8s; failedDuration=0ms; cachedDuration=0ms;loadCpus=0; loadMemory=0; peakRunning=4; peakCpus=10; peakMemory=20 GB; ]
Apr-24 02:59:41.398 [main] DEBUG nextflow.trace.ReportObserver - Workflow completed -- rendering execution report
Apr-24 02:59:42.188 [main] DEBUG nextflow.trace.TimelineObserver - Workflow completed -- rendering execution timeline
Apr-24 02:59:42.395 [main] DEBUG nextflow.cache.CacheDB - Closing CacheDB done
Apr-24 02:59:42.422 [main] DEBUG nextflow.util.ThreadPoolManager - Thread pool 'FileTransfer' shutdown completed (hard=false)
Apr-24 02:59:42.422 [main] DEBUG nextflow.script.ScriptRunner - > Execution complete -- Goodbye
