SUBJECTS_DIR /output/Recon
outvol /output/Recon/sub-101/mri/aparc+aseg.mgz
4 avail.processors, using 8
Loading /output/Recon/sub-101/mri/aseg.mgz
MRIcopyHeader(): source has ctab
Loading /output/Recon/sub-101/surf/lh.white
Loading /output/Recon/sub-101/surf/lh.pial
Loading /output/Recon/sub-101/label/lh.cortex.label
Ripping lh vertices labeled not in lh.cortex.label
  ripped 6505 vertices from lh hemi
Loading /output/Recon/sub-101/label/lh.aparc.annot
Loading /output/Recon/sub-101/surf/rh.white
Loading /output/Recon/sub-101/surf/rh.pial
Loading /output/Recon/sub-101/label/rh.cortex.label
Ripping rh vertices labeled not in rh.cortex.label
  ripped 6615 vertices from rh hemi
Loading /output/Recon/sub-101/label/rh.aparc.annot
Done loading
  0 192  32  96 224 160  64 128   1   2  33   3 225   4   5   6   7   8  34   9 226 227  35  10 228  11  12 229  36 230 231  37  13  14  38 232 233 234  15  39 
 16 235  17 236  40 237  65  18 193 238  41  19 
239 
 20  42 240  21 241  43  22 242  23 243  44 244  24  25 245  26 246  45 247  27 248 194  28  46 249  29 250  30 251  47  31 252 253 254  48 255 195  49  50  51 196  52 129 197  66 198  53 199 
200  54 201 202 203  55 204 205 206  56 207 208 209 210 211  57 212 213 214  58 215 216 217  59 
218 219 
 60 220 221  61  67  97 222 223  62  63 161  68 130  69  98  70 162  71  99 
131  72 100  73 163 101  74 132 102  75 164 103  76 104 165 133  77 105 106 166  78 134 107  79 
167 108 135 109 168  80 110 169 111 136  81 112 170 113  82 137 114 171 115 172  83 116 138 117 173  84 118 139 
174 119 
 85 175 140 120  86 176 121 141  87 122 177 142  88 178 123 143  89 179 
144 180 124  90 145 181 146  91 125 182 147  92 183 148 126 184 149 127  93 185 186 150 187  94 188 151 189 190  95 152 191 153 154 155 156 157 158 159 

nrelabeled = 445407
ndotcheck = 23734
Starting Surf2VolSeg free
free done
#VMPC# mri_surf2volseg VmPeak  1266288
mri_surf2volseg done
