computing statistics for each annotation in /output/Recon/sub-101/label/lh.aparc.annot.
reading volume /output/Recon/sub-101/mri/wm.mgz...
reading input surface /output/Recon/sub-101/surf/lh.pial...
reading input pial surface /output/Recon/sub-101/surf/lh.pial...
reading input white surface /output/Recon/sub-101/surf/lh.white...
warning: /output/Recon/sub-101/mri/ribbon.mgz does not exist - ribbon based measurements will be inaccurate
computing statistics for each annotation in /output/Recon/sub-101/label/lh.aparc.annot.
reading volume /output/Recon/sub-101/mri/wm.mgz...
reading input surface /output/Recon/sub-101/surf/lh.white...
reading input pial surface /output/Recon/sub-101/surf/lh.pial...
reading input white surface /output/Recon/sub-101/surf/lh.white...
computing statistics for each annotation in /output/Recon/sub-101/label/rh.aparc.annot.
reading volume /output/Recon/sub-101/mri/wm.mgz...
reading input surface /output/Recon/sub-101/surf/lh.pial...
reading input pial surface /output/Recon/sub-101/surf/lh.pial...
reading input white surface /output/Recon/sub-101/surf/lh.white...
computing statistics for each annotation in /output/Recon/sub-101/label/rh.aparc.annot.
reading volume /output/Recon/sub-101/mri/wm.mgz...
reading input surface /output/Recon/sub-101/surf/lh.white...
reading input pial surface /output/Recon/sub-101/surf/lh.pial...
reading input white surface /output/Recon/sub-101/surf/lh.white...
