smoothing for 3 iterations
smoothing surface tessellation for 3 iterations...
smoothing complete - recomputing first and second fundamental forms...
Reading /output/Recon/sub-101/surf/rh.smoothwm
avg radius = 45.8 mm, total surface area = 79701 mm^2
step 000: RMS=0.189 (target=0.015)   step 005: RMS=0.130 (target=0.015)   step 010: RMS=0.100 (target=0.015)   step 015: RMS=0.082 (target=0.015)   step 020: RMS=0.067 (target=0.015)   step 025: RMS=0.054 (target=0.015)   step 030: RMS=0.045 (target=0.015)   step 035: RMS=0.038 (target=0.015)   step 040: RMS=0.032 (target=0.015)   step 045: RMS=0.028 (target=0.015)   step 050: RMS=0.025 (target=0.015)   step 055: RMS=0.023 (target=0.015)   step 060: RMS=0.022 (target=0.015)   writing inflated surface to /output/Recon/sub-101/surf/rh.inflated
writing sulcal depths to /output/Recon/sub-101/surf/rh.sulc

inflation complete.
inflation took 0.3 minutes
mris_inflate utimesec    14.373756
mris_inflate stimesec    0.057166
mris_inflate ru_maxrss   184168
mris_inflate ru_ixrss    0
mris_inflate ru_idrss    0
mris_inflate ru_isrss    0
mris_inflate ru_minflt   49053
mris_inflate ru_majflt   21
mris_inflate ru_nswap    0
mris_inflate ru_inblock  3736
mris_inflate ru_oublock  9072
mris_inflate ru_msgsnd   0
mris_inflate ru_msgrcv   0
mris_inflate ru_nsignals 0
mris_inflate ru_nvcsw    18
mris_inflate ru_nivcsw   2062
