Subject Stamp: freesurfer-linux-ubuntu18_x86_64-7.2.0-20210721-aa8f76b
Current Stamp: freesurfer-linux-ubuntu18_x86_64-7.2.0-20210721-aa8f76b
INFO: SUBJECTS_DIR is /output/Recon
Actual FREESURFER_HOME /opt/freesurfer
-rw-rw-r-- 1 root root 29866 Apr 24 02:32 /output/Recon/sub-101/scripts/recon-all.log
Linux 8eb296a60dbd 5.15.0-176-generic #186-Ubuntu SMP Fri Mar 13 11:01:42 UTC 2026 x86_64 x86_64 x86_64 GNU/Linux
/output/Recon/sub-101/mri/transforms /output/Recon/sub-101 
/output/Recon/sub-101 
#--------------------------------------
#@# Merge ASeg Fri Apr 24 02:34:40 UTC 2026

 cp aseg.auto.mgz aseg.presurf.mgz 

#--------------------------------------------
#@# Intensity Normalization2 Fri Apr 24 02:34:40 UTC 2026
/output/Recon/sub-101/mri

 mri_normalize -seed 1234 -mprage -aseg aseg.presurf.mgz -mask brainmask.mgz norm.mgz brain.mgz 

setting seed for random number genererator to 1234
assuming input volume is MGH (Van der Kouwe) MP-RAGE
using segmentation for initial intensity normalization
using MR volume brainmask.mgz to mask input volume...
reading mri_src from norm.mgz...
Reading aseg aseg.presurf.mgz
normalizing image...
NOT doing gentle normalization with control points/label
processing with aseg
removing outliers in the aseg WM...
2253 control points removed
Building bias image
building Voronoi diagram...
performing soap bubble smoothing, sigma = 0...
Smoothing with sigma 8
Applying bias correction
building Voronoi diagram...
performing soap bubble smoothing, sigma = 8...

Iterating 2 times
---------------------------------
3d normalization pass 1 of 2
white matter peak found at 110
white matter peak found at 110
gm peak at 47 (47), valley at  0 (-1)
csf peak at 23, setting threshold to 39
building Voronoi diagram...
performing soap bubble smoothing, sigma = 8...
---------------------------------
3d normalization pass 2 of 2
white matter peak found at 110
white matter peak found at 110
gm peak at 49 (49), valley at  0 (-1)
csf peak at 24, setting threshold to 40
building Voronoi diagram...
performing soap bubble smoothing, sigma = 8...
Done iterating ---------------------------------
writing output to brain.mgz
3D bias adjustment took 2 minutes and 15 seconds.
#--------------------------------------------
#@# Mask BFS Fri Apr 24 02:36:56 UTC 2026
/output/Recon/sub-101/mri

 mri_mask -T 5 brain.mgz brainmask.mgz brain.finalsurfs.mgz 

threshold mask volume at 5
DoAbs = 0
Found 1329020 voxels in mask (pct=  7.92)
Writing masked volume to brain.finalsurfs.mgz...done.
#--------------------------------------------
#@# WM Segmentation Fri Apr 24 02:36:57 UTC 2026

 AntsDenoiseImageFs -i brain.mgz -o antsdn.brain.mgz 


 mri_segment -wsizemm 13 -mprage antsdn.brain.mgz wm.seg.mgz 

wsizemm = 13, voxres = 1, wsize = 13
Widening wm low from 89 to 79
assuming input volume is MGH (Van der Kouwe) MP-RAGE
wm mean:  110
wsize:    13
wm low:   79
wm hi:    125
gray low: 30
gray hi:  99
Doing initial trinary intensity segmentation 
Using local statistics to label ambiguous voxels
Autodetecting stats
Computing class statistics for intensity windows...
CCS WM (105.0): 105.1 +- 3.9 [79.0 --> 125.0]
CCS GM (67.0) : 65.9 +- 10.1 [30.0 --> 95.0]
 white_mean 105.069
 white_sigma 3.94222
 gray_mean 65.8921
 gray_sigma 10.123
setting bottom of white matter range wm_low to 76.0
setting top of gray matter range gray_hi to 86.1
 wm_low 76.0152
 wm_hi  125
 gray_low 30
 gray_hi  86.1382
Redoing initial intensity segmentation...
Recomputing local statistics to label ambiguous voxels...
 wm_low 76.0152
 wm_hi  125
 gray_low 30
 gray_hi  86.1382
using local geometry to label remaining ambiguous voxels...
polvwsize = 5, polvlen = 3, gray_hi = 86.1382, wm_low = 76.0152
MRIcpolvMedianCurveSegment(): wsize=5, len=3, gmhi=86.1382, wmlow=76.0152
     82595 voxels processed (0.49%)
     40381 voxels white (0.24%)
     42214 voxels non-white (0.25%)

Reclassifying voxels using Gaussian border classifier niter=1
MRIreclassify(): wm_low=71.0152, gray_hi=86.1382, wsize=13
    130967 voxels tested (0.78%)
     32911 voxels changed (0.20%)
     33266 multi-scale searches  (0.20%)
Recovering bright white
MRIrecoverBrightWhite()
 wm_low 76.0152
 wm_hi 125
 slack 3.94222
 pct_thresh 0.33
 intensity_thresh 128.942
 nvox_thresh 8.58
        8 voxels tested (0.00%)
        6 voxels changed (0.00%)

removing voxels with positive offset direction...
MRIremoveWrongDirection() wsize=3, lowthr=71.0152, hithr=86.1382
  smoothing input volume with sigma = 0.250
    59438 voxels tested (0.35%)
    13147 voxels changed (0.08%)
thicken = 1
removing 1-dimensional structures...
MRIremove1dStructures(): max_iter=10000, thresh=2, WM_MIN_VAL=5
 1425 sparsely connected voxels removed in 1 iterations
thickening thin strands....
thickness 4
nsegments 20
wm_hi 125
1064 diagonally connected voxels added...
MRIthickenThinWMStrands(): thickness=4, nsegments=20
  20 segments, 3915 filled
MRIfindBrightNonWM(): 13 bright non-wm voxels segmented.
MRIfilterMorphology() WM_MIN_VAL=5, DIAGONAL_FILL=230
white matter segmentation took 0.9 minutes
writing output to wm.seg.mgz...

 mri_edit_wm_with_aseg -keep-in wm.seg.mgz brain.mgz aseg.presurf.mgz wm.asegedit.mgz 

preserving editing changes in input volume...
auto filling took 0.46 minutes
reading wm segmentation from wm.seg.mgz...
130 voxels added to wm to prevent paths from MTL structures to cortex
2224 additional wm voxels added
0 additional wm voxels added
SEG EDIT: 39106 voxels turned on, 33270 voxels turned off.
propagating editing to output volume from wm.seg.mgz
writing edited volume to wm.asegedit.mgz....

 mri_pretess wm.asegedit.mgz wm norm.mgz wm.mgz 


Iteration Number : 1
pass   1 (xy+):  15 found -  15 modified     |    TOTAL:  15
pass   2 (xy+):   0 found -  15 modified     |    TOTAL:  15
pass   1 (xy-):   8 found -   8 modified     |    TOTAL:  23
pass   2 (xy-):   0 found -   8 modified     |    TOTAL:  23
pass   1 (yz+):  13 found -  13 modified     |    TOTAL:  36
pass   2 (yz+):   0 found -  13 modified     |    TOTAL:  36
pass   1 (yz-):  15 found -  15 modified     |    TOTAL:  51
pass   2 (yz-):   0 found -  15 modified     |    TOTAL:  51
pass   1 (xz+):  10 found -  10 modified     |    TOTAL:  61
pass   2 (xz+):   0 found -  10 modified     |    TOTAL:  61
pass   1 (xz-):   8 found -   8 modified     |    TOTAL:  69
pass   2 (xz-):   0 found -   8 modified     |    TOTAL:  69
Iteration Number : 1
pass   1 (+++):   6 found -   6 modified     |    TOTAL:   6
pass   2 (+++):   0 found -   6 modified     |    TOTAL:   6
pass   1 (+++):   2 found -   2 modified     |    TOTAL:   8
pass   2 (+++):   0 found -   2 modified     |    TOTAL:   8
pass   1 (+++):   2 found -   2 modified     |    TOTAL:  10
pass   2 (+++):   0 found -   2 modified     |    TOTAL:  10
pass   1 (+++):   0 found -   0 modified     |    TOTAL:  10
Iteration Number : 1
pass   1 (++):  66 found -  66 modified     |    TOTAL:  66
pass   2 (++):   0 found -  66 modified     |    TOTAL:  66
pass   1 (+-):  84 found -  84 modified     |    TOTAL: 150
pass   2 (+-):   0 found -  84 modified     |    TOTAL: 150
pass   1 (--): 113 found - 113 modified     |    TOTAL: 263
pass   2 (--):   0 found - 113 modified     |    TOTAL: 263
pass   1 (-+):  84 found -  84 modified     |    TOTAL: 347
pass   2 (-+):   0 found -  84 modified     |    TOTAL: 347
Iteration Number : 2
pass   1 (xy+):   0 found -   0 modified     |    TOTAL:   0
pass   1 (xy-):   2 found -   2 modified     |    TOTAL:   2
pass   2 (xy-):   0 found -   2 modified     |    TOTAL:   2
pass   1 (yz+):   3 found -   3 modified     |    TOTAL:   5
pass   2 (yz+):   0 found -   3 modified     |    TOTAL:   5
pass   1 (yz-):   1 found -   1 modified     |    TOTAL:   6
pass   2 (yz-):   0 found -   1 modified     |    TOTAL:   6
pass   1 (xz+):   2 found -   2 modified     |    TOTAL:   8
pass   2 (xz+):   0 found -   2 modified     |    TOTAL:   8
pass   1 (xz-):   0 found -   0 modified     |    TOTAL:   8
Iteration Number : 2
pass   1 (+++):   0 found -   0 modified     |    TOTAL:   0
pass   1 (+++):   0 found -   0 modified     |    TOTAL:   0
pass   1 (+++):   1 found -   1 modified     |    TOTAL:   1
pass   2 (+++):   0 found -   1 modified     |    TOTAL:   1
pass   1 (+++):   0 found -   0 modified     |    TOTAL:   1
Iteration Number : 2
pass   1 (++):   1 found -   1 modified     |    TOTAL:   1
pass   2 (++):   0 found -   1 modified     |    TOTAL:   1
pass   1 (+-):   2 found -   2 modified     |    TOTAL:   3
pass   2 (+-):   0 found -   2 modified     |    TOTAL:   3
pass   1 (--):   0 found -   0 modified     |    TOTAL:   3
pass   1 (-+):   1 found -   1 modified     |    TOTAL:   4
pass   2 (-+):   0 found -   1 modified     |    TOTAL:   4
Iteration Number : 3
pass   1 (xy+):   0 found -   0 modified     |    TOTAL:   0
pass   1 (xy-):   0 found -   0 modified     |    TOTAL:   0
pass   1 (yz+):   0 found -   0 modified     |    TOTAL:   0
pass   1 (yz-):   0 found -   0 modified     |    TOTAL:   0
pass   1 (xz+):   0 found -   0 modified     |    TOTAL:   0
pass   1 (xz-):   0 found -   0 modified     |    TOTAL:   0
Iteration Number : 3
pass   1 (+++):   0 found -   0 modified     |    TOTAL:   0
pass   1 (+++):   0 found -   0 modified     |    TOTAL:   0
pass   1 (+++):   0 found -   0 modified     |    TOTAL:   0
pass   1 (+++):   0 found -   0 modified     |    TOTAL:   0
Iteration Number : 3
pass   1 (++):   0 found -   0 modified     |    TOTAL:   0
pass   1 (+-):   0 found -   0 modified     |    TOTAL:   0
pass   1 (--):   0 found -   0 modified     |    TOTAL:   0
pass   1 (-+):   0 found -   0 modified     |    TOTAL:   0

Total Number of Modified Voxels = 439 (out of 499474: 0.087892)
binarizing input wm segmentation...
Ambiguous edge configurations... 

mri_pretess done

#--------------------------------------------
#@# Fill Fri Apr 24 02:38:53 UTC 2026
/output/Recon/sub-101/mri

 mri_fill -a ../scripts/ponscc.cut.log -xform transforms/talairach.lta -segmentation aseg.presurf.mgz -ctab /opt/freesurfer/SubCorticalMassLUT.txt wm.mgz filled.mgz 

logging cutting plane coordinates to ../scripts/ponscc.cut.log...
INFO: Using transforms/talairach.lta and its offset for Talairach volume ...
using segmentation aseg.presurf.mgz...
reading input volume...done.
searching for cutting planes...voxel to talairach voxel transform
 1.07495  -0.01220  -0.02928  -3.85898;
-0.00313   1.20742   0.29619  -94.20439;
-0.00589  -0.35551   1.10207   16.75652;
 0.00000   0.00000   0.00000   1.00000;
voxel to talairach voxel transform
 1.07495  -0.01220  -0.02928  -3.85898;
-0.00313   1.20742   0.29619  -94.20436;
-0.00589  -0.35551   1.10207   16.75650;
 0.00000   0.00000   0.00000   1.00000;
reading segmented volume aseg.presurf.mgz
removing CC from segmentation
Looking for area (min, max) = (350, 1400)
area[0] = 1223 (min = 350, max = 1400), aspect = 0.39 (min = 0.10, max = 0.75)
no need to search
using seed (127, 121, 152), TAL = (1.0, 24.0, 7.0)
talairach voxel to voxel transform
 0.93043   0.01545   0.02057   4.70161;
 0.00111   0.76750  -0.20624   75.76173;
 0.00533   0.24766   0.84096   9.25989;
 0.00000   0.00000   0.00000   1.00000;
segmentation indicates cc at (127,  121,  152) --> (1.0, 24.0, 7.0)
done.
filling took 1.2 minutes
talairach cc position changed to (1.00, 24.00, 7.00)
Erasing brainstem...done.
seed_search_size = 9, min_neighbors = 5
search rh wm seed point around talairach space:(19.00, 24.00, 7.00) SRC: (111.12, 137.40, 167.63)
search lh wm seed point around talairach space (-17.00, 24.00, 7.00), SRC: (144.61, 137.44, 167.83)
compute mri_fill using aseg
Erasing Brain Stem and Cerebellum ...
Define left and right masks using aseg:
Building Voronoi diagram ...
Using the Voronoi diagram for separating WM into two hemispheres ...
Find the largest connected component for each hemisphere ...
Embedding colortable
mri_fill done, writing output to filled.mgz...
 cp filled.mgz filled.auto.mgz

Started at Fri Apr 24 02:34:40 UTC 2026 
Ended   at Fri Apr 24 02:40:07 UTC 2026
#@#%# recon-all-run-time-hours 0.091
recon-all -s sub-101 finished without error at Fri Apr 24 02:40:07 UTC 2026
done
