INFO: Device select strategy: auto
INFO: Auto select device by ： auto
GPU INFO: 
['0, Quadro RTX 6000, 22501 MiB, 23040 MiB, 20.02 W, 250.00 W\n']
GPU INFO: 
['0, Quadro RTX 6000, 22501 MiB, 23040 MiB, 20.02 W, 250.00 W\n']
Choosing the GPU device has largest free memory...
Sorted by free memory size
Using GPU 0:
index:0
gpu_name:Quadro RTX 6000
memory.free:22501
memory.total:23040
power.draw:20
power.limit:250
specified:False
WARNNING: Auto select: GPU 0
INFO: GPU: 0
INFO: sys.argv : ['/opt/DeepPrep/deepprep/nextflow/bin/gpu_schedule_run.py', 'auto', '7750', 'executor', '/opt/DeepPrep/deepprep/FastSurfer/FastSurferCNN/eval.py', '--in_name', '/output/Recon/sub-101/mri/orig.mgz', '--out_name', '/output/Recon/sub-101/mri/aparc.DKTatlas+aseg.deep.mgz', '--conformed_name', '/output/Recon/sub-101/mri/conformed.mgz', '--order', '1', '--network_sagittal_path', '/opt/DeepPrep/deepprep/FastSurfer/checkpoints/Sagittal_Weights_FastSurferCNN/ckpts/Epoch_30_training_state.pkl', '--network_coronal_path', '/opt/DeepPrep/deepprep/FastSurfer/checkpoints/Coronal_Weights_FastSurferCNN/ckpts/Epoch_30_training_state.pkl', '--network_axial_path', '/opt/DeepPrep/deepprep/FastSurfer/checkpoints/Axial_Weights_FastSurferCNN/ckpts/Epoch_30_training_state.pkl', '--batch_size', '1', '--simple_run', '--run_viewagg_on', 'check']
connect to StrictRedis DB
INFO: run_count : two
lock_name: nextflow-local-gpu-1
INFO: GPU: python3 /opt/DeepPrep/deepprep/FastSurfer/FastSurferCNN/eval.py --in_name /output/Recon/sub-101/mri/orig.mgz --out_name /output/Recon/sub-101/mri/aparc.DKTatlas+aseg.deep.mgz --conformed_name /output/Recon/sub-101/mri/conformed.mgz --order 1 --network_sagittal_path /opt/DeepPrep/deepprep/FastSurfer/checkpoints/Sagittal_Weights_FastSurferCNN/ckpts/Epoch_30_training_state.pkl --network_coronal_path /opt/DeepPrep/deepprep/FastSurfer/checkpoints/Coronal_Weights_FastSurferCNN/ckpts/Epoch_30_training_state.pkl --network_axial_path /opt/DeepPrep/deepprep/FastSurfer/checkpoints/Axial_Weights_FastSurferCNN/ckpts/Epoch_30_training_state.pkl --batch_size 1 --simple_run --run_viewagg_on check
Reading volume /output/Recon/sub-101/mri/orig.mgz
Saving conformed original image to /output/Recon/sub-101/mri/conformed.mgz
Cuda available: True, # Available GPUS: 1, Cuda user disabled (--no_cuda flag): False, --> Using device: cuda
Loading Axial
Successfully loaded Image from /output/Recon/sub-101/mri/orig.mgz
Loading Axial Net from /opt/DeepPrep/deepprep/FastSurfer/checkpoints/Axial_Weights_FastSurferCNN/ckpts/Epoch_30_training_state.pkl
Axial model loaded.
/opt/conda/envs/deepprep/lib/python3.10/site-packages/torch/nn/modules/conv.py:459: UserWarning: Applied workaround for CuDNN issue, install nvrtc.so (Triggered internally at ../aten/src/ATen/native/cudnn/Conv_v8.cpp:80.)
  return F.conv2d(input, weight, bias, self.stride,
--->Batch 0 Axial Testing Done.
--->Batch 1 Axial Testing Done.
--->Batch 2 Axial Testing Done.
--->Batch 3 Axial Testing Done.
--->Batch 4 Axial Testing Done.
--->Batch 5 Axial Testing Done.
--->Batch 6 Axial Testing Done.
--->Batch 7 Axial Testing Done.
--->Batch 8 Axial Testing Done.
--->Batch 9 Axial Testing Done.
--->Batch 10 Axial Testing Done.
--->Batch 11 Axial Testing Done.
--->Batch 12 Axial Testing Done.
--->Batch 13 Axial Testing Done.
--->Batch 14 Axial Testing Done.
--->Batch 15 Axial Testing Done.
--->Batch 16 Axial Testing Done.
--->Batch 17 Axial Testing Done.
--->Batch 18 Axial Testing Done.
--->Batch 19 Axial Testing Done.
--->Batch 20 Axial Testing Done.
--->Batch 21 Axial Testing Done.
--->Batch 22 Axial Testing Done.
--->Batch 23 Axial Testing Done.
--->Batch 24 Axial Testing Done.
--->Batch 25 Axial Testing Done.
--->Batch 26 Axial Testing Done.
--->Batch 27 Axial Testing Done.
--->Batch 28 Axial Testing Done.
--->Batch 29 Axial Testing Done.
--->Batch 30 Axial Testing Done.
--->Batch 31 Axial Testing Done.
--->Batch 32 Axial Testing Done.
--->Batch 33 Axial Testing Done.
--->Batch 34 Axial Testing Done.
--->Batch 35 Axial Testing Done.
--->Batch 36 Axial Testing Done.
--->Batch 37 Axial Testing Done.
--->Batch 38 Axial Testing Done.
--->Batch 39 Axial Testing Done.
--->Batch 40 Axial Testing Done.
--->Batch 41 Axial Testing Done.
--->Batch 42 Axial Testing Done.
--->Batch 43 Axial Testing Done.
--->Batch 44 Axial Testing Done.
--->Batch 45 Axial Testing Done.
--->Batch 46 Axial Testing Done.
--->Batch 47 Axial Testing Done.
--->Batch 48 Axial Testing Done.
--->Batch 49 Axial Testing Done.
--->Batch 50 Axial Testing Done.
--->Batch 51 Axial Testing Done.
--->Batch 52 Axial Testing Done.
--->Batch 53 Axial Testing Done.
--->Batch 54 Axial Testing Done.
--->Batch 55 Axial Testing Done.
--->Batch 56 Axial Testing Done.
--->Batch 57 Axial Testing Done.
--->Batch 58 Axial Testing Done.
--->Batch 59 Axial Testing Done.
--->Batch 60 Axial Testing Done.
--->Batch 61 Axial Testing Done.
--->Batch 62 Axial Testing Done.
--->Batch 63 Axial Testing Done.
--->Batch 64 Axial Testing Done.
--->Batch 65 Axial Testing Done.
--->Batch 66 Axial Testing Done.
--->Batch 67 Axial Testing Done.
--->Batch 68 Axial Testing Done.
--->Batch 69 Axial Testing Done.
--->Batch 70 Axial Testing Done.
--->Batch 71 Axial Testing Done.
--->Batch 72 Axial Testing Done.
--->Batch 73 Axial Testing Done.
--->Batch 74 Axial Testing Done.
--->Batch 75 Axial Testing Done.
--->Batch 76 Axial Testing Done.
--->Batch 77 Axial Testing Done.
--->Batch 78 Axial Testing Done.
--->Batch 79 Axial Testing Done.
--->Batch 80 Axial Testing Done.
--->Batch 81 Axial Testing Done.
--->Batch 82 Axial Testing Done.
--->Batch 83 Axial Testing Done.
--->Batch 84 Axial Testing Done.
--->Batch 85 Axial Testing Done.
--->Batch 86 Axial Testing Done.
--->Batch 87 Axial Testing Done.
--->Batch 88 Axial Testing Done.
--->Batch 89 Axial Testing Done.
--->Batch 90 Axial Testing Done.
--->Batch 91 Axial Testing Done.
--->Batch 92 Axial Testing Done.
--->Batch 93 Axial Testing Done.
--->Batch 94 Axial Testing Done.
--->Batch 95 Axial Testing Done.
--->Batch 96 Axial Testing Done.
--->Batch 97 Axial Testing Done.
--->Batch 98 Axial Testing Done.
--->Batch 99 Axial Testing Done.
--->Batch 100 Axial Testing Done.
--->Batch 101 Axial Testing Done.
--->Batch 102 Axial Testing Done.
--->Batch 103 Axial Testing Done.
--->Batch 104 Axial Testing Done.
--->Batch 105 Axial Testing Done.
--->Batch 106 Axial Testing Done.
--->Batch 107 Axial Testing Done.
--->Batch 108 Axial Testing Done.
--->Batch 109 Axial Testing Done.
--->Batch 110 Axial Testing Done.
--->Batch 111 Axial Testing Done.
--->Batch 112 Axial Testing Done.
--->Batch 113 Axial Testing Done.
--->Batch 114 Axial Testing Done.
--->Batch 115 Axial Testing Done.
--->Batch 116 Axial Testing Done.
--->Batch 117 Axial Testing Done.
--->Batch 118 Axial Testing Done.
--->Batch 119 Axial Testing Done.
--->Batch 120 Axial Testing Done.
--->Batch 121 Axial Testing Done.
--->Batch 122 Axial Testing Done.
--->Batch 123 Axial Testing Done.
--->Batch 124 Axial Testing Done.
--->Batch 125 Axial Testing Done.
--->Batch 126 Axial Testing Done.
--->Batch 127 Axial Testing Done.
--->Batch 128 Axial Testing Done.
--->Batch 129 Axial Testing Done.
--->Batch 130 Axial Testing Done.
--->Batch 131 Axial Testing Done.
--->Batch 132 Axial Testing Done.
--->Batch 133 Axial Testing Done.
--->Batch 134 Axial Testing Done.
--->Batch 135 Axial Testing Done.
--->Batch 136 Axial Testing Done.
--->Batch 137 Axial Testing Done.
--->Batch 138 Axial Testing Done.
--->Batch 139 Axial Testing Done.
--->Batch 140 Axial Testing Done.
--->Batch 141 Axial Testing Done.
--->Batch 142 Axial Testing Done.
--->Batch 143 Axial Testing Done.
--->Batch 144 Axial Testing Done.
--->Batch 145 Axial Testing Done.
--->Batch 146 Axial Testing Done.
--->Batch 147 Axial Testing Done.
--->Batch 148 Axial Testing Done.
--->Batch 149 Axial Testing Done.
--->Batch 150 Axial Testing Done.
--->Batch 151 Axial Testing Done.
--->Batch 152 Axial Testing Done.
--->Batch 153 Axial Testing Done.
--->Batch 154 Axial Testing Done.
--->Batch 155 Axial Testing Done.
--->Batch 156 Axial Testing Done.
--->Batch 157 Axial Testing Done.
--->Batch 158 Axial Testing Done.
--->Batch 159 Axial Testing Done.
--->Batch 160 Axial Testing Done.
--->Batch 161 Axial Testing Done.
--->Batch 162 Axial Testing Done.
--->Batch 163 Axial Testing Done.
--->Batch 164 Axial Testing Done.
--->Batch 165 Axial Testing Done.
--->Batch 166 Axial Testing Done.
--->Batch 167 Axial Testing Done.
--->Batch 168 Axial Testing Done.
--->Batch 169 Axial Testing Done.
--->Batch 170 Axial Testing Done.
--->Batch 171 Axial Testing Done.
--->Batch 172 Axial Testing Done.
--->Batch 173 Axial Testing Done.
--->Batch 174 Axial Testing Done.
--->Batch 175 Axial Testing Done.
--->Batch 176 Axial Testing Done.
--->Batch 177 Axial Testing Done.
--->Batch 178 Axial Testing Done.
--->Batch 179 Axial Testing Done.
--->Batch 180 Axial Testing Done.
--->Batch 181 Axial Testing Done.
--->Batch 182 Axial Testing Done.
--->Batch 183 Axial Testing Done.
--->Batch 184 Axial Testing Done.
--->Batch 185 Axial Testing Done.
--->Batch 186 Axial Testing Done.
--->Batch 187 Axial Testing Done.
--->Batch 188 Axial Testing Done.
--->Batch 189 Axial Testing Done.
--->Batch 190 Axial Testing Done.
--->Batch 191 Axial Testing Done.
--->Batch 192 Axial Testing Done.
--->Batch 193 Axial Testing Done.
--->Batch 194 Axial Testing Done.
--->Batch 195 Axial Testing Done.
--->Batch 196 Axial Testing Done.
--->Batch 197 Axial Testing Done.
--->Batch 198 Axial Testing Done.
--->Batch 199 Axial Testing Done.
--->Batch 200 Axial Testing Done.
--->Batch 201 Axial Testing Done.
--->Batch 202 Axial Testing Done.
--->Batch 203 Axial Testing Done.
--->Batch 204 Axial Testing Done.
--->Batch 205 Axial Testing Done.
--->Batch 206 Axial Testing Done.
--->Batch 207 Axial Testing Done.
--->Batch 208 Axial Testing Done.
--->Batch 209 Axial Testing Done.
--->Batch 210 Axial Testing Done.
--->Batch 211 Axial Testing Done.
--->Batch 212 Axial Testing Done.
--->Batch 213 Axial Testing Done.
--->Batch 214 Axial Testing Done.
--->Batch 215 Axial Testing Done.
--->Batch 216 Axial Testing Done.
--->Batch 217 Axial Testing Done.
--->Batch 218 Axial Testing Done.
--->Batch 219 Axial Testing Done.
--->Batch 220 Axial Testing Done.
--->Batch 221 Axial Testing Done.
--->Batch 222 Axial Testing Done.
--->Batch 223 Axial Testing Done.
--->Batch 224 Axial Testing Done.
--->Batch 225 Axial Testing Done.
--->Batch 226 Axial Testing Done.
--->Batch 227 Axial Testing Done.
--->Batch 228 Axial Testing Done.
--->Batch 229 Axial Testing Done.
--->Batch 230 Axial Testing Done.
--->Batch 231 Axial Testing Done.
--->Batch 232 Axial Testing Done.
--->Batch 233 Axial Testing Done.
--->Batch 234 Axial Testing Done.
--->Batch 235 Axial Testing Done.
--->Batch 236 Axial Testing Done.
--->Batch 237 Axial Testing Done.
--->Batch 238 Axial Testing Done.
--->Batch 239 Axial Testing Done.
--->Batch 240 Axial Testing Done.
--->Batch 241 Axial Testing Done.
--->Batch 242 Axial Testing Done.
--->Batch 243 Axial Testing Done.
--->Batch 244 Axial Testing Done.
--->Batch 245 Axial Testing Done.
--->Batch 246 Axial Testing Done.
--->Batch 247 Axial Testing Done.
--->Batch 248 Axial Testing Done.
--->Batch 249 Axial Testing Done.
--->Batch 250 Axial Testing Done.
--->Batch 251 Axial Testing Done.
--->Batch 252 Axial Testing Done.
--->Batch 253 Axial Testing Done.
--->Batch 254 Axial Testing Done.
--->Batch 255 Axial Testing Done.
Axial View Tested in 7.8457 seconds
Loading Coronal.
Successfully loaded Image from /output/Recon/sub-101/mri/orig.mgz
Loading Coronal Net from /opt/DeepPrep/deepprep/FastSurfer/checkpoints/Coronal_Weights_FastSurferCNN/ckpts/Epoch_30_training_state.pkl
Coronal model loaded.
--->Batch 0 Coronal Testing Done.
--->Batch 1 Coronal Testing Done.
--->Batch 2 Coronal Testing Done.
--->Batch 3 Coronal Testing Done.
--->Batch 4 Coronal Testing Done.
--->Batch 5 Coronal Testing Done.
--->Batch 6 Coronal Testing Done.
--->Batch 7 Coronal Testing Done.
--->Batch 8 Coronal Testing Done.
--->Batch 9 Coronal Testing Done.
--->Batch 10 Coronal Testing Done.
--->Batch 11 Coronal Testing Done.
--->Batch 12 Coronal Testing Done.
--->Batch 13 Coronal Testing Done.
--->Batch 14 Coronal Testing Done.
--->Batch 15 Coronal Testing Done.
--->Batch 16 Coronal Testing Done.
--->Batch 17 Coronal Testing Done.
--->Batch 18 Coronal Testing Done.
--->Batch 19 Coronal Testing Done.
--->Batch 20 Coronal Testing Done.
--->Batch 21 Coronal Testing Done.
--->Batch 22 Coronal Testing Done.
--->Batch 23 Coronal Testing Done.
--->Batch 24 Coronal Testing Done.
--->Batch 25 Coronal Testing Done.
--->Batch 26 Coronal Testing Done.
--->Batch 27 Coronal Testing Done.
--->Batch 28 Coronal Testing Done.
--->Batch 29 Coronal Testing Done.
--->Batch 30 Coronal Testing Done.
--->Batch 31 Coronal Testing Done.
--->Batch 32 Coronal Testing Done.
--->Batch 33 Coronal Testing Done.
--->Batch 34 Coronal Testing Done.
--->Batch 35 Coronal Testing Done.
--->Batch 36 Coronal Testing Done.
--->Batch 37 Coronal Testing Done.
--->Batch 38 Coronal Testing Done.
--->Batch 39 Coronal Testing Done.
--->Batch 40 Coronal Testing Done.
--->Batch 41 Coronal Testing Done.
--->Batch 42 Coronal Testing Done.
--->Batch 43 Coronal Testing Done.
--->Batch 44 Coronal Testing Done.
--->Batch 45 Coronal Testing Done.
--->Batch 46 Coronal Testing Done.
--->Batch 47 Coronal Testing Done.
--->Batch 48 Coronal Testing Done.
--->Batch 49 Coronal Testing Done.
--->Batch 50 Coronal Testing Done.
--->Batch 51 Coronal Testing Done.
--->Batch 52 Coronal Testing Done.
--->Batch 53 Coronal Testing Done.
--->Batch 54 Coronal Testing Done.
--->Batch 55 Coronal Testing Done.
--->Batch 56 Coronal Testing Done.
--->Batch 57 Coronal Testing Done.
--->Batch 58 Coronal Testing Done.
--->Batch 59 Coronal Testing Done.
--->Batch 60 Coronal Testing Done.
--->Batch 61 Coronal Testing Done.
--->Batch 62 Coronal Testing Done.
--->Batch 63 Coronal Testing Done.
--->Batch 64 Coronal Testing Done.
--->Batch 65 Coronal Testing Done.
--->Batch 66 Coronal Testing Done.
--->Batch 67 Coronal Testing Done.
--->Batch 68 Coronal Testing Done.
--->Batch 69 Coronal Testing Done.
--->Batch 70 Coronal Testing Done.
--->Batch 71 Coronal Testing Done.
--->Batch 72 Coronal Testing Done.
--->Batch 73 Coronal Testing Done.
--->Batch 74 Coronal Testing Done.
--->Batch 75 Coronal Testing Done.
--->Batch 76 Coronal Testing Done.
--->Batch 77 Coronal Testing Done.
--->Batch 78 Coronal Testing Done.
--->Batch 79 Coronal Testing Done.
--->Batch 80 Coronal Testing Done.
--->Batch 81 Coronal Testing Done.
--->Batch 82 Coronal Testing Done.
--->Batch 83 Coronal Testing Done.
--->Batch 84 Coronal Testing Done.
--->Batch 85 Coronal Testing Done.
--->Batch 86 Coronal Testing Done.
--->Batch 87 Coronal Testing Done.
--->Batch 88 Coronal Testing Done.
--->Batch 89 Coronal Testing Done.
--->Batch 90 Coronal Testing Done.
--->Batch 91 Coronal Testing Done.
--->Batch 92 Coronal Testing Done.
--->Batch 93 Coronal Testing Done.
--->Batch 94 Coronal Testing Done.
--->Batch 95 Coronal Testing Done.
--->Batch 96 Coronal Testing Done.
--->Batch 97 Coronal Testing Done.
--->Batch 98 Coronal Testing Done.
--->Batch 99 Coronal Testing Done.
--->Batch 100 Coronal Testing Done.
--->Batch 101 Coronal Testing Done.
--->Batch 102 Coronal Testing Done.
--->Batch 103 Coronal Testing Done.
--->Batch 104 Coronal Testing Done.
--->Batch 105 Coronal Testing Done.
--->Batch 106 Coronal Testing Done.
--->Batch 107 Coronal Testing Done.
--->Batch 108 Coronal Testing Done.
--->Batch 109 Coronal Testing Done.
--->Batch 110 Coronal Testing Done.
--->Batch 111 Coronal Testing Done.
--->Batch 112 Coronal Testing Done.
--->Batch 113 Coronal Testing Done.
--->Batch 114 Coronal Testing Done.
--->Batch 115 Coronal Testing Done.
--->Batch 116 Coronal Testing Done.
--->Batch 117 Coronal Testing Done.
--->Batch 118 Coronal Testing Done.
--->Batch 119 Coronal Testing Done.
--->Batch 120 Coronal Testing Done.
--->Batch 121 Coronal Testing Done.
--->Batch 122 Coronal Testing Done.
--->Batch 123 Coronal Testing Done.
--->Batch 124 Coronal Testing Done.
--->Batch 125 Coronal Testing Done.
--->Batch 126 Coronal Testing Done.
--->Batch 127 Coronal Testing Done.
--->Batch 128 Coronal Testing Done.
--->Batch 129 Coronal Testing Done.
--->Batch 130 Coronal Testing Done.
--->Batch 131 Coronal Testing Done.
--->Batch 132 Coronal Testing Done.
--->Batch 133 Coronal Testing Done.
--->Batch 134 Coronal Testing Done.
--->Batch 135 Coronal Testing Done.
--->Batch 136 Coronal Testing Done.
--->Batch 137 Coronal Testing Done.
--->Batch 138 Coronal Testing Done.
--->Batch 139 Coronal Testing Done.
--->Batch 140 Coronal Testing Done.
--->Batch 141 Coronal Testing Done.
--->Batch 142 Coronal Testing Done.
--->Batch 143 Coronal Testing Done.
--->Batch 144 Coronal Testing Done.
--->Batch 145 Coronal Testing Done.
--->Batch 146 Coronal Testing Done.
--->Batch 147 Coronal Testing Done.
--->Batch 148 Coronal Testing Done.
--->Batch 149 Coronal Testing Done.
--->Batch 150 Coronal Testing Done.
--->Batch 151 Coronal Testing Done.
--->Batch 152 Coronal Testing Done.
--->Batch 153 Coronal Testing Done.
--->Batch 154 Coronal Testing Done.
--->Batch 155 Coronal Testing Done.
--->Batch 156 Coronal Testing Done.
--->Batch 157 Coronal Testing Done.
--->Batch 158 Coronal Testing Done.
--->Batch 159 Coronal Testing Done.
--->Batch 160 Coronal Testing Done.
--->Batch 161 Coronal Testing Done.
--->Batch 162 Coronal Testing Done.
--->Batch 163 Coronal Testing Done.
--->Batch 164 Coronal Testing Done.
--->Batch 165 Coronal Testing Done.
--->Batch 166 Coronal Testing Done.
--->Batch 167 Coronal Testing Done.
--->Batch 168 Coronal Testing Done.
--->Batch 169 Coronal Testing Done.
--->Batch 170 Coronal Testing Done.
--->Batch 171 Coronal Testing Done.
--->Batch 172 Coronal Testing Done.
--->Batch 173 Coronal Testing Done.
--->Batch 174 Coronal Testing Done.
--->Batch 175 Coronal Testing Done.
--->Batch 176 Coronal Testing Done.
--->Batch 177 Coronal Testing Done.
--->Batch 178 Coronal Testing Done.
--->Batch 179 Coronal Testing Done.
--->Batch 180 Coronal Testing Done.
--->Batch 181 Coronal Testing Done.
--->Batch 182 Coronal Testing Done.
--->Batch 183 Coronal Testing Done.
--->Batch 184 Coronal Testing Done.
--->Batch 185 Coronal Testing Done.
--->Batch 186 Coronal Testing Done.
--->Batch 187 Coronal Testing Done.
--->Batch 188 Coronal Testing Done.
--->Batch 189 Coronal Testing Done.
--->Batch 190 Coronal Testing Done.
--->Batch 191 Coronal Testing Done.
--->Batch 192 Coronal Testing Done.
--->Batch 193 Coronal Testing Done.
--->Batch 194 Coronal Testing Done.
--->Batch 195 Coronal Testing Done.
--->Batch 196 Coronal Testing Done.
--->Batch 197 Coronal Testing Done.
--->Batch 198 Coronal Testing Done.
--->Batch 199 Coronal Testing Done.
--->Batch 200 Coronal Testing Done.
--->Batch 201 Coronal Testing Done.
--->Batch 202 Coronal Testing Done.
--->Batch 203 Coronal Testing Done.
--->Batch 204 Coronal Testing Done.
--->Batch 205 Coronal Testing Done.
--->Batch 206 Coronal Testing Done.
--->Batch 207 Coronal Testing Done.
--->Batch 208 Coronal Testing Done.
--->Batch 209 Coronal Testing Done.
--->Batch 210 Coronal Testing Done.
--->Batch 211 Coronal Testing Done.
--->Batch 212 Coronal Testing Done.
--->Batch 213 Coronal Testing Done.
--->Batch 214 Coronal Testing Done.
--->Batch 215 Coronal Testing Done.
--->Batch 216 Coronal Testing Done.
--->Batch 217 Coronal Testing Done.
--->Batch 218 Coronal Testing Done.
--->Batch 219 Coronal Testing Done.
--->Batch 220 Coronal Testing Done.
--->Batch 221 Coronal Testing Done.
--->Batch 222 Coronal Testing Done.
--->Batch 223 Coronal Testing Done.
--->Batch 224 Coronal Testing Done.
--->Batch 225 Coronal Testing Done.
--->Batch 226 Coronal Testing Done.
--->Batch 227 Coronal Testing Done.
--->Batch 228 Coronal Testing Done.
--->Batch 229 Coronal Testing Done.
--->Batch 230 Coronal Testing Done.
--->Batch 231 Coronal Testing Done.
--->Batch 232 Coronal Testing Done.
--->Batch 233 Coronal Testing Done.
--->Batch 234 Coronal Testing Done.
--->Batch 235 Coronal Testing Done.
--->Batch 236 Coronal Testing Done.
--->Batch 237 Coronal Testing Done.
--->Batch 238 Coronal Testing Done.
--->Batch 239 Coronal Testing Done.
--->Batch 240 Coronal Testing Done.
--->Batch 241 Coronal Testing Done.
--->Batch 242 Coronal Testing Done.
--->Batch 243 Coronal Testing Done.
--->Batch 244 Coronal Testing Done.
--->Batch 245 Coronal Testing Done.
--->Batch 246 Coronal Testing Done.
--->Batch 247 Coronal Testing Done.
--->Batch 248 Coronal Testing Done.
--->Batch 249 Coronal Testing Done.
--->Batch 250 Coronal Testing Done.
--->Batch 251 Coronal Testing Done.
--->Batch 252 Coronal Testing Done.
--->Batch 253 Coronal Testing Done.
--->Batch 254 Coronal Testing Done.
--->Batch 255 Coronal Testing Done.
Coronal View Tested in 13.0926 seconds
Loading Sagittal
Successfully loaded Image from /output/Recon/sub-101/mri/orig.mgz
Loading Sagittal Net from /opt/DeepPrep/deepprep/FastSurfer/checkpoints/Sagittal_Weights_FastSurferCNN/ckpts/Epoch_30_training_state.pkl
Sagittal model loaded.
--->Batch 0 Sagittal Testing Done.
--->Batch 1 Sagittal Testing Done.
--->Batch 2 Sagittal Testing Done.
--->Batch 3 Sagittal Testing Done.
--->Batch 4 Sagittal Testing Done.
--->Batch 5 Sagittal Testing Done.
--->Batch 6 Sagittal Testing Done.
--->Batch 7 Sagittal Testing Done.
--->Batch 8 Sagittal Testing Done.
--->Batch 9 Sagittal Testing Done.
--->Batch 10 Sagittal Testing Done.
--->Batch 11 Sagittal Testing Done.
--->Batch 12 Sagittal Testing Done.
--->Batch 13 Sagittal Testing Done.
--->Batch 14 Sagittal Testing Done.
--->Batch 15 Sagittal Testing Done.
--->Batch 16 Sagittal Testing Done.
--->Batch 17 Sagittal Testing Done.
--->Batch 18 Sagittal Testing Done.
--->Batch 19 Sagittal Testing Done.
--->Batch 20 Sagittal Testing Done.
--->Batch 21 Sagittal Testing Done.
--->Batch 22 Sagittal Testing Done.
--->Batch 23 Sagittal Testing Done.
--->Batch 24 Sagittal Testing Done.
--->Batch 25 Sagittal Testing Done.
--->Batch 26 Sagittal Testing Done.
--->Batch 27 Sagittal Testing Done.
--->Batch 28 Sagittal Testing Done.
--->Batch 29 Sagittal Testing Done.
--->Batch 30 Sagittal Testing Done.
--->Batch 31 Sagittal Testing Done.
--->Batch 32 Sagittal Testing Done.
--->Batch 33 Sagittal Testing Done.
--->Batch 34 Sagittal Testing Done.
--->Batch 35 Sagittal Testing Done.
--->Batch 36 Sagittal Testing Done.
--->Batch 37 Sagittal Testing Done.
--->Batch 38 Sagittal Testing Done.
--->Batch 39 Sagittal Testing Done.
--->Batch 40 Sagittal Testing Done.
--->Batch 41 Sagittal Testing Done.
--->Batch 42 Sagittal Testing Done.
--->Batch 43 Sagittal Testing Done.
--->Batch 44 Sagittal Testing Done.
--->Batch 45 Sagittal Testing Done.
--->Batch 46 Sagittal Testing Done.
--->Batch 47 Sagittal Testing Done.
--->Batch 48 Sagittal Testing Done.
--->Batch 49 Sagittal Testing Done.
--->Batch 50 Sagittal Testing Done.
--->Batch 51 Sagittal Testing Done.
--->Batch 52 Sagittal Testing Done.
--->Batch 53 Sagittal Testing Done.
--->Batch 54 Sagittal Testing Done.
--->Batch 55 Sagittal Testing Done.
--->Batch 56 Sagittal Testing Done.
--->Batch 57 Sagittal Testing Done.
--->Batch 58 Sagittal Testing Done.
--->Batch 59 Sagittal Testing Done.
--->Batch 60 Sagittal Testing Done.
--->Batch 61 Sagittal Testing Done.
--->Batch 62 Sagittal Testing Done.
--->Batch 63 Sagittal Testing Done.
--->Batch 64 Sagittal Testing Done.
--->Batch 65 Sagittal Testing Done.
--->Batch 66 Sagittal Testing Done.
--->Batch 67 Sagittal Testing Done.
--->Batch 68 Sagittal Testing Done.
--->Batch 69 Sagittal Testing Done.
--->Batch 70 Sagittal Testing Done.
--->Batch 71 Sagittal Testing Done.
--->Batch 72 Sagittal Testing Done.
--->Batch 73 Sagittal Testing Done.
--->Batch 74 Sagittal Testing Done.
--->Batch 75 Sagittal Testing Done.
--->Batch 76 Sagittal Testing Done.
--->Batch 77 Sagittal Testing Done.
--->Batch 78 Sagittal Testing Done.
--->Batch 79 Sagittal Testing Done.
--->Batch 80 Sagittal Testing Done.
--->Batch 81 Sagittal Testing Done.
--->Batch 82 Sagittal Testing Done.
--->Batch 83 Sagittal Testing Done.
--->Batch 84 Sagittal Testing Done.
--->Batch 85 Sagittal Testing Done.
--->Batch 86 Sagittal Testing Done.
--->Batch 87 Sagittal Testing Done.
--->Batch 88 Sagittal Testing Done.
--->Batch 89 Sagittal Testing Done.
--->Batch 90 Sagittal Testing Done.
--->Batch 91 Sagittal Testing Done.
--->Batch 92 Sagittal Testing Done.
--->Batch 93 Sagittal Testing Done.
--->Batch 94 Sagittal Testing Done.
--->Batch 95 Sagittal Testing Done.
--->Batch 96 Sagittal Testing Done.
--->Batch 97 Sagittal Testing Done.
--->Batch 98 Sagittal Testing Done.
--->Batch 99 Sagittal Testing Done.
--->Batch 100 Sagittal Testing Done.
--->Batch 101 Sagittal Testing Done.
--->Batch 102 Sagittal Testing Done.
--->Batch 103 Sagittal Testing Done.
--->Batch 104 Sagittal Testing Done.
--->Batch 105 Sagittal Testing Done.
--->Batch 106 Sagittal Testing Done.
--->Batch 107 Sagittal Testing Done.
--->Batch 108 Sagittal Testing Done.
--->Batch 109 Sagittal Testing Done.
--->Batch 110 Sagittal Testing Done.
--->Batch 111 Sagittal Testing Done.
--->Batch 112 Sagittal Testing Done.
--->Batch 113 Sagittal Testing Done.
--->Batch 114 Sagittal Testing Done.
--->Batch 115 Sagittal Testing Done.
--->Batch 116 Sagittal Testing Done.
--->Batch 117 Sagittal Testing Done.
--->Batch 118 Sagittal Testing Done.
--->Batch 119 Sagittal Testing Done.
--->Batch 120 Sagittal Testing Done.
--->Batch 121 Sagittal Testing Done.
--->Batch 122 Sagittal Testing Done.
--->Batch 123 Sagittal Testing Done.
--->Batch 124 Sagittal Testing Done.
--->Batch 125 Sagittal Testing Done.
--->Batch 126 Sagittal Testing Done.
--->Batch 127 Sagittal Testing Done.
--->Batch 128 Sagittal Testing Done.
--->Batch 129 Sagittal Testing Done.
--->Batch 130 Sagittal Testing Done.
--->Batch 131 Sagittal Testing Done.
--->Batch 132 Sagittal Testing Done.
--->Batch 133 Sagittal Testing Done.
--->Batch 134 Sagittal Testing Done.
--->Batch 135 Sagittal Testing Done.
--->Batch 136 Sagittal Testing Done.
--->Batch 137 Sagittal Testing Done.
--->Batch 138 Sagittal Testing Done.
--->Batch 139 Sagittal Testing Done.
--->Batch 140 Sagittal Testing Done.
--->Batch 141 Sagittal Testing Done.
--->Batch 142 Sagittal Testing Done.
--->Batch 143 Sagittal Testing Done.
--->Batch 144 Sagittal Testing Done.
--->Batch 145 Sagittal Testing Done.
--->Batch 146 Sagittal Testing Done.
--->Batch 147 Sagittal Testing Done.
--->Batch 148 Sagittal Testing Done.
--->Batch 149 Sagittal Testing Done.
--->Batch 150 Sagittal Testing Done.
--->Batch 151 Sagittal Testing Done.
--->Batch 152 Sagittal Testing Done.
--->Batch 153 Sagittal Testing Done.
--->Batch 154 Sagittal Testing Done.
--->Batch 155 Sagittal Testing Done.
--->Batch 156 Sagittal Testing Done.
--->Batch 157 Sagittal Testing Done.
--->Batch 158 Sagittal Testing Done.
--->Batch 159 Sagittal Testing Done.
--->Batch 160 Sagittal Testing Done.
--->Batch 161 Sagittal Testing Done.
--->Batch 162 Sagittal Testing Done.
--->Batch 163 Sagittal Testing Done.
--->Batch 164 Sagittal Testing Done.
--->Batch 165 Sagittal Testing Done.
--->Batch 166 Sagittal Testing Done.
--->Batch 167 Sagittal Testing Done.
--->Batch 168 Sagittal Testing Done.
--->Batch 169 Sagittal Testing Done.
--->Batch 170 Sagittal Testing Done.
--->Batch 171 Sagittal Testing Done.
--->Batch 172 Sagittal Testing Done.
--->Batch 173 Sagittal Testing Done.
--->Batch 174 Sagittal Testing Done.
--->Batch 175 Sagittal Testing Done.
--->Batch 176 Sagittal Testing Done.
--->Batch 177 Sagittal Testing Done.
--->Batch 178 Sagittal Testing Done.
--->Batch 179 Sagittal Testing Done.
--->Batch 180 Sagittal Testing Done.
--->Batch 181 Sagittal Testing Done.
--->Batch 182 Sagittal Testing Done.
--->Batch 183 Sagittal Testing Done.
--->Batch 184 Sagittal Testing Done.
--->Batch 185 Sagittal Testing Done.
--->Batch 186 Sagittal Testing Done.
--->Batch 187 Sagittal Testing Done.
--->Batch 188 Sagittal Testing Done.
--->Batch 189 Sagittal Testing Done.
--->Batch 190 Sagittal Testing Done.
--->Batch 191 Sagittal Testing Done.
--->Batch 192 Sagittal Testing Done.
--->Batch 193 Sagittal Testing Done.
--->Batch 194 Sagittal Testing Done.
--->Batch 195 Sagittal Testing Done.
--->Batch 196 Sagittal Testing Done.
--->Batch 197 Sagittal Testing Done.
--->Batch 198 Sagittal Testing Done.
--->Batch 199 Sagittal Testing Done.
--->Batch 200 Sagittal Testing Done.
--->Batch 201 Sagittal Testing Done.
--->Batch 202 Sagittal Testing Done.
--->Batch 203 Sagittal Testing Done.
--->Batch 204 Sagittal Testing Done.
--->Batch 205 Sagittal Testing Done.
--->Batch 206 Sagittal Testing Done.
--->Batch 207 Sagittal Testing Done.
--->Batch 208 Sagittal Testing Done.
--->Batch 209 Sagittal Testing Done.
--->Batch 210 Sagittal Testing Done.
--->Batch 211 Sagittal Testing Done.
--->Batch 212 Sagittal Testing Done.
--->Batch 213 Sagittal Testing Done.
--->Batch 214 Sagittal Testing Done.
--->Batch 215 Sagittal Testing Done.
--->Batch 216 Sagittal Testing Done.
--->Batch 217 Sagittal Testing Done.
--->Batch 218 Sagittal Testing Done.
--->Batch 219 Sagittal Testing Done.
--->Batch 220 Sagittal Testing Done.
--->Batch 221 Sagittal Testing Done.
--->Batch 222 Sagittal Testing Done.
--->Batch 223 Sagittal Testing Done.
--->Batch 224 Sagittal Testing Done.
--->Batch 225 Sagittal Testing Done.
--->Batch 226 Sagittal Testing Done.
--->Batch 227 Sagittal Testing Done.
--->Batch 228 Sagittal Testing Done.
--->Batch 229 Sagittal Testing Done.
--->Batch 230 Sagittal Testing Done.
--->Batch 231 Sagittal Testing Done.
--->Batch 232 Sagittal Testing Done.
--->Batch 233 Sagittal Testing Done.
--->Batch 234 Sagittal Testing Done.
--->Batch 235 Sagittal Testing Done.
--->Batch 236 Sagittal Testing Done.
--->Batch 237 Sagittal Testing Done.
--->Batch 238 Sagittal Testing Done.
--->Batch 239 Sagittal Testing Done.
--->Batch 240 Sagittal Testing Done.
--->Batch 241 Sagittal Testing Done.
--->Batch 242 Sagittal Testing Done.
--->Batch 243 Sagittal Testing Done.
--->Batch 244 Sagittal Testing Done.
--->Batch 245 Sagittal Testing Done.
--->Batch 246 Sagittal Testing Done.
--->Batch 247 Sagittal Testing Done.
--->Batch 248 Sagittal Testing Done.
--->Batch 249 Sagittal Testing Done.
--->Batch 250 Sagittal Testing Done.
--->Batch 251 Sagittal Testing Done.
--->Batch 252 Sagittal Testing Done.
--->Batch 253 Sagittal Testing Done.
--->Batch 254 Sagittal Testing Done.
--->Batch 255 Sagittal Testing Done.
Sagittal View Tested in 4.9277 seconds
Saving Segmentation to /output/Recon/sub-101/mri/aparc.DKTatlas+aseg.deep.mgz
Total processing time: 40.6256 seconds.
