mri_convert /output/Recon/sub-101/mri/T1.mgz /output/QC/sub-101/figures/aseg_aparc/T1.nii.gz 
reading from /output/Recon/sub-101/mri/T1.mgz...
TR=0.00, TE=0.00, TI=0.00, flip angle=0.00
i_ras = (-1, 3.27418e-11, 0)
j_ras = (-5.82077e-11, 0, -1)
k_ras = (-7.27596e-12, 1, -7.45058e-09)
writing to /output/QC/sub-101/figures/aseg_aparc/T1.nii.gz...
mri_convert /output/Recon/sub-101/mri/aparc+aseg.mgz /output/QC/sub-101/figures/aseg_aparc/aparc+aseg.nii.gz 
reading from /output/Recon/sub-101/mri/aparc+aseg.mgz...
TR=0.00, TE=0.00, TI=0.00, flip angle=0.00
i_ras = (-1, 3.27418e-11, 0)
j_ras = (-5.82077e-11, 0, -1)
k_ras = (-7.27596e-12, 1, -7.45058e-09)
MRIcopyHeader(): source has ctab
writing to /output/QC/sub-101/figures/aseg_aparc/aparc+aseg.nii.gz...

Info: Time to color volume data is 0.316 seconds.


Info: Time to read /output/QC/sub-101/figures/aseg_aparc/T1.nii.gz was 0.45888 seconds.


Info: Time to color volume data is 0.198 seconds.


Info: Time to read /output/QC/sub-101/figures/aseg_aparc/aparc+aseg_dlabel.nii.gz was 1.4998 seconds.

>>> /output/QC/sub-101/figures/sub-101_desc-volparc_T1w.svg
