setting seed for random number genererator to 1234
using max gradient = 1.000
assuming input volume is MGH (Van der Kouwe) MP-RAGE
reading mri_src from /output/Recon/sub-101/mri/nu.mgz...
normalizing image...
NOT doing gentle normalization with control points/label
talairach transform
 1.07495   0.02928  -0.01220   0.15892;
 0.00589   1.10207   0.35551  processing without aseg, no1d=0
MRInormInit(): 
-1.20302;
-0.00313  -0.29619   1.20742   0.21442;
 0.00000   0.00000   0.00000   1.00000;
INFO: Modifying talairach volume c_(r,a,s) based on average_305
MRInormalize(): 
MRIsplineNormalize(): npeaks = 19
Starting OpenSpline(): npoints = 19
building Voronoi diagram...
performing soap bubble smoothing, sigma = 8...

Iterating 2 times
---------------------------------
3d normalization pass 1 of 2
white matter peak found at 110
white matter peak found at 110
gm peak at 46 (46), valley at 25 (25)
csf peak at 24, setting threshold to 38
building Voronoi diagram...
performing soap bubble smoothing, sigma = 8...
---------------------------------
3d normalization pass 2 of 2
white matter peak found at 110
white matter peak found at 110
gm peak at 47 (47), valley at 27 (27)
csf peak at 24, setting threshold to 39
building Voronoi diagram...
performing soap bubble smoothing, sigma = 8...
Done iterating ---------------------------------
writing output to /output/Recon/sub-101/mri/T1.mgz
3D bias adjustment took 1 minutes and 50 seconds.
