7.2.0
7.2.0

cd /output/WorkDir/nextflow/8f/a55ec9fd1664b938e8960c25833d98
setenv SUBJECTS_DIR /opt/freesurfer/subjects
mris_place_surface --adgws-in /output/Recon/sub-101/surf/autodet.gw.stats.lh.dat --wm /output/Recon/sub-101/mri/wm.mgz --nthreads 4 --invol /output/Recon/sub-101/mri/brain.finalsurfs.mgz --lh --i /output/Recon/sub-101/surf/lh.orig --o /output/Recon/sub-101/surf/lh.white.preaparc --white --seg /output/Recon/sub-101/mri/aseg.presurf.mgz --nsmooth 5 

Reading in input surface /output/Recon/sub-101/surf/lh.orig
Smoothing surface with 5 iterations
Area    233576  0.29220  0.11493 0.002233   0.9340
Corner  700728 60.00000 17.04601 8.324738 152.0289
Edge    350364  0.83717  0.20734 0.033301   1.6750
Hinge   350364  7.66267  7.63255 0.000014 148.0781
Not reading in aparc
Reading in input volume /output/Recon/sub-101/mri/brain.finalsurfs.mgz
Reading in wm volume /output/Recon/sub-101/mri/wm.mgz
MRIclipBrightWM(): nthresh=14844, wmmin=5, clip=110 
MRIfindBrightNonWM(): 21 bright non-wm voxels segmented.
Masking bright non-wm for white surface
MRImask(): AllowDiffGeom = 1
MRImask(): AllowDiffGeom = 1
Reading in seg volume /output/Recon/sub-101/mri/aseg.presurf.mgz
Ripping frozen voxels
INFO: rip surface needed but not specified, so using input surface
Freezing midline and others
Entering: MRISripMidline(): inhibiting deformation at non-cortical midline structures...
  which=1, fix_mtl=0, using annot = 0
#FML0# MRISripMidline(): nripped=0
removing 2 vertices from ripped group in thread:0
removing 4 vertices from ripped group in thread:0
removing 3 vertices from ripped group in thread:0
#FML# MRISripMidline(): nmarked=5132, nmarked2=3, nripped=5132
Ripping WMSA
Starting MRISripSegs() d = (-2 2 0.5) segnos: 247 
MRISripSegs(): -2 2 0.5 ripped 0
vertex 58395: xyz = (-28.9975,53.3216,-21.1272) oxyz = (-28.9975,53.3216,-21.1272) wxzy = (-28.9975,53.3216,-21.1272) pxyz = (0,0,0) 
CBVO Creating mask 116790
n_averages 4
Iteration 0 =========================================
n_averages=4, current_sigma=2
Freezing midline and others
Ripping frozen voxels
INFO: rip surface needed but not specified, so using input surface
Freezing midline and others
Entering: MRISripMidline(): inhibiting deformation at non-cortical midline structures...
  which=1, fix_mtl=0, using annot = 0
#FML0# MRISripMidline(): nripped=5132
removing 2 vertices from ripped group in thread:0
removing 4 vertices from ripped group in thread:0
removing 3 vertices from ripped group in thread:0
#FML# MRISripMidline(): nmarked=5132, nmarked2=3, nripped=5132
Ripping WMSA
Starting MRISripSegs() d = (-2 2 0.5) segnos: 247 247 
MRISripSegs(): -2 2 0.5 ripped 0
Computing target border values 
Entering MRIScomputeBorderValues_new(): 
  inside_hi   = 120.0000000;
  border_hi   = 113.0465010;
  border_low  =  51.0000000;
  outside_low =  38.0597380;
  outside_hi  = 113.0465010;
  sigma = 2;
  max_thickness = 10;
  step_size=0.5;
  STEP_SIZE=0.1;
  which = 1
  thresh = 0
  flags = 0
  CBVfindFirstPeakD1=0
  CBVfindFirstPeakD2=0
  nvertices=116790
  Gdiag_no=-1
  vno start=0, stop=116790
Replacing 255s with 0s
#SI# sigma=2 had to be increased for 25 vertices, nripped=5132
mean border=68.6, 15 (15) missing vertices, mean dist 0.4 [0.4 (%33.1)->0.8 (%66.9))]
%73 local maxima, %23 large gradients and % 0 min vals, 0 gradients ignored
nFirstPeakD1 0
MRIScomputeBorderValues_new() finished in 0.0888 min


Finding expansion regions
mean absolute distance = 0.69 +- 0.81
4233 vertices more than 2 sigmas from mean.
Averaging target values for 5 iterations...
Positioning Surface: tspring = 0.3, nspring = 0.3, spring = 0, niters = 100 l_repulse = 5, l_surf_repulse = 0, checktol = 0
Positioning pial surface
Entering MRISpositionSurface()
  max_mm = 0.3
  MAX_REDUCTIONS = 2, REDUCTION_PCT = 0.5
  parms->check_tol = 0, niterations = 100
tol=1.0e-04, sigma=2.0, host=unkno, nav=4, nbrs=2, l_repulse=5.000, l_tspring=0.300, l_nspring=0.300, l_intensity=0.200, l_curv=1.000
mom=0.00, dt=0.50
complete_dist_mat 0
rms 0
smooth_averages 0
remove_neg 0
ico_order 0
which_surface 0
target_radius 0.000000
nfields 0
scale 0.000000
desired_rms_height 0.000000
momentum 0.000000
nbhd_size 0
max_nbrs 0
niterations 100
nsurfaces 0
SURFACES 3
flags 0 (0)
use curv 0
no sulc 0
no rigid align 0
mris->nsize 2
mris->hemisphere 0
randomSeed 0

000: dt: 0.0000, sse=5596570.0, rms=15.619
001: dt: 0.5000, sse=3255228.5, rms=11.803 (24.431%)
002: dt: 0.5000, sse=2096796.0, rms=9.353 (20.752%)
003: dt: 0.5000, sse=1427215.4, rms=7.582 (18.936%)
004: dt: 0.5000, sse=1059220.4, rms=6.401 (15.575%)
005: dt: 0.5000, sse=849220.6, rms=5.613 (12.311%)
006: dt: 0.5000, sse=751460.6, rms=5.205 (7.272%)
007: dt: 0.5000, sse=696463.8, rms=4.957 (4.773%)
008: dt: 0.5000, sse=677903.6, rms=4.861 (1.924%)
009: dt: 0.5000, sse=659144.3, rms=4.768 (1.910%)
rms = 4.7407/4.7684, sse=653731.3/659144.3, time step reduction 1 of 3 to 0.250  0 0 1
010: dt: 0.5000, sse=653731.3, rms=4.741 (0.580%)
011: dt: 0.2500, sse=362485.6, rms=3.052 (35.629%)
012: dt: 0.2500, sse=306871.6, rms=2.608 (14.533%)
013: dt: 0.2500, sse=293620.1, rms=2.488 (4.611%)
014: dt: 0.2500, sse=284190.9, rms=2.399 (3.591%)
rms = 2.3546/2.3985, sse=279986.0/284190.9, time step reduction 2 of 3 to 0.125  0 0 1
015: dt: 0.2500, sse=279986.0, rms=2.355 (1.833%)
016: dt: 0.1250, sse=245611.4, rms=1.997 (15.178%)
rms = 1.9497/1.9972, sse=241739.4/245611.4, time step reduction 3 of 3 to 0.062  0 0 1
017: dt: 0.1250, sse=241739.4, rms=1.950 (2.381%)
  maximum number of reductions reached, breaking from loop
positioning took 1.2 minutes
Iteration 1 =========================================
n_averages=2, current_sigma=1
Freezing midline and others
Ripping frozen voxels
INFO: rip surface needed but not specified, so using input surface
Freezing midline and others
Entering: MRISripMidline(): inhibiting deformation at non-cortical midline structures...
  which=1, fix_mtl=0, using annot = 0
#FML0# MRISripMidline(): nripped=5132
removing 3 vertices from ripped group in thread:0
removing 3 vertices from ripped group in thread:0
removing 4 vertices from ripped group in thread:0
removing 4 vertices from ripped group in thread:0
#FML# MRISripMidline(): nmarked=5238, nmarked2=13, nripped=5238
Ripping WMSA
Starting MRISripSegs() d = (-2 2 0.5) segnos: 247 247 247 
MRISripSegs(): -2 2 0.5 ripped 0
Computing target border values 
Entering MRIScomputeBorderValues_new(): 
  inside_hi   = 120.0000000;
  border_hi   = 113.0465010;
  border_low  =  51.0000000;
  outside_low =  38.0597380;
  outside_hi  = 113.0465010;
  sigma = 1;
  max_thickness = 10;
  step_size=0.5;
  STEP_SIZE=0.1;
  which = 1
  thresh = 0
  flags = 0
  CBVfindFirstPeakD1=0
  CBVfindFirstPeakD2=0
  nvertices=116790
  Gdiag_no=-1
  vno start=0, stop=116790
Replacing 255s with 0s
#SI# sigma=1 had to be increased for 121 vertices, nripped=5238
mean border=72.2, 67 (6) missing vertices, mean dist -0.2 [0.3 (%73.0)->0.3 (%27.0))]
%77 local maxima, %18 large gradients and % 0 min vals, 0 gradients ignored
nFirstPeakD1 0
MRIScomputeBorderValues_new() finished in 0.0521 min


Finding expansion regions
mean absolute distance = 0.30 +- 0.54
1938 vertices more than 2 sigmas from mean.
Averaging target values for 5 iterations...
Positioning Surface: tspring = 0.3, nspring = 0.3, spring = 0, niters = 100 l_repulse = 5, l_surf_repulse = 0, checktol = 0
Positioning pial surface
Entering MRISpositionSurface()
  max_mm = 0.3
  MAX_REDUCTIONS = 2, REDUCTION_PCT = 0.5
  parms->check_tol = 0, niterations = 100
tol=1.0e-04, sigma=1.0, host=unkno, nav=2, nbrs=2, l_repulse=5.000, l_tspring=0.300, l_nspring=0.300, l_intensity=0.200, l_curv=1.000
mom=0.00, dt=0.50
000: dt: 0.0000, sse=926320.6, rms=5.661
018: dt: 0.5000, sse=613490.1, rms=4.249 (24.942%)
rms = 4.6896/4.2494, sse=700495.6/613490.0, time step reduction 1 of 3 to 0.250  0 1 1
   RMS increased, rejecting step
019: dt: 0.2500, sse=402579.7, rms=2.932 (31.001%)
020: dt: 0.2500, sse=330916.7, rms=2.317 (20.975%)
021: dt: 0.2500, sse=299879.2, rms=1.992 (14.021%)
022: dt: 0.2500, sse=295192.1, rms=1.941 (2.557%)
023: dt: 0.2500, sse=288755.6, rms=1.857 (4.326%)
rms = 1.8580/1.8572, sse=289367.2/288755.6, time step reduction 2 of 3 to 0.125  0 1 1
   RMS increased, rejecting step
024: dt: 0.1250, sse=280262.9, rms=1.750 (5.765%)
025: dt: 0.1250, sse=269242.9, rms=1.595 (8.855%)
rms = 1.5700/1.5952, sse=267942.8/269242.9, time step reduction 3 of 3 to 0.062  0 0 1
026: dt: 0.1250, sse=267942.8, rms=1.570 (1.579%)
  maximum number of reductions reached, breaking from loop
positioning took 0.7 minutes
Iteration 2 =========================================
n_averages=1, current_sigma=0.5
Freezing midline and others
Ripping frozen voxels
INFO: rip surface needed but not specified, so using input surface
Freezing midline and others
Entering: MRISripMidline(): inhibiting deformation at non-cortical midline structures...
  which=1, fix_mtl=0, using annot = 0
#FML0# MRISripMidline(): nripped=5238
removing 3 vertices from ripped group in thread:0
removing 3 vertices from ripped group in thread:0
removing 1 vertices from ripped group in thread:0
removing 4 vertices from ripped group in thread:0
removing 4 vertices from ripped group in thread:0
removing 4 vertices from ripped group in thread:0
removing 4 vertices from ripped group in thread:0
#FML# MRISripMidline(): nmarked=5244, nmarked2=13, nripped=5244
2525 vertices more than 2 sigmas from mean.
Ripping WMSA
Starting MRISripSegs() d = (-2 2 0.5) segnos: 247 247 247 247 
MRISripSegs(): -2 2 0.5 ripped 0
Computing target border values 
Entering MRIScomputeBorderValues_new(): 
  inside_hi   = 120.0000000;
  border_hi   = 113.0465010;
  border_low  =  51.0000000;
  outside_low =  38.0597380;
  outside_hi  = 113.0465010;
  sigma = 0.5;
  max_thickness = 10;
  step_size=0.5;
  STEP_SIZE=0.1;
  which = 1
  thresh = 0
  flags = 0
  CBVfindFirstPeakD1=0
  CBVfindFirstPeakD2=0
  nvertices=116790
  Gdiag_no=-1
  vno start=0, stop=116790
Replacing 255s with 0s
#SI# sigma=0.5 had to be increased for 93 vertices, nripped=5244
mean border=75.3, 80 (6) missing vertices, mean dist -0.1 [0.2 (%72.7)->0.2 (%27.3))]
%85 local maxima, %11 large gradients and % 0 min vals, 0 gradients ignored
nFirstPeakD1 0
MRIScomputeBorderValues_new() finished in 0.0321 min


Finding expansion regions
mean absolute distance = 0.24 +- 0.39
Averaging target values for 5 iterations...
Positioning Surface: tspring = 0.3, nspring = 0.3, spring = 0, niters = 100 l_repulse = 5, l_surf_repulse = 0, checktol = 0
Positioning pial surface
Entering MRISpositionSurface()
  max_mm = 0.3
  MAX_REDUCTIONS = 2, REDUCTION_PCT = 0.5
  parms->check_tol = 0, niterations = 100
tol=1.0e-04, sigma=0.5, host=unkno, nav=1, nbrs=2, l_repulse=5.000, l_tspring=0.300, l_nspring=0.300, l_intensity=0.200, l_curv=1.000
mom=0.00, dt=0.50
000: dt: 0.0000, sse=594223.7, rms=4.149
rms = 4.2041/4.1494, sse=607684.1/594223.7, time step reduction 1 of 3 to 0.250  0 1 1
   RMS increased, rejecting step
027: dt: 0.2500, sse=399742.9, rms=2.917 (29.689%)
028: dt: 0.2500, sse=288904.4, rms=1.869 (35.922%)
029: dt: 0.2500, sse=272063.7, rms=1.624 (13.147%)
030: dt: 0.2500, sse=262667.9, rms=1.523 (6.193%)
rms = 1.5439/1.5231, sse=263695.1/262667.9, time step reduction 2 of 3 to 0.125  0 1 1
   RMS increased, rejecting step
031: dt: 0.1250, sse=257452.4, rms=1.445 (5.099%)
032: dt: 0.1250, sse=251430.0, rms=1.339 (7.395%)
rms = 1.3223/1.3385, sse=249671.2/251430.0, time step reduction 3 of 3 to 0.062  0 0 1
033: dt: 0.1250, sse=249671.2, rms=1.322 (1.217%)
  maximum number of reductions reached, breaking from loop
positioning took 0.6 minutes
Iteration 3 =========================================
n_averages=0, current_sigma=0.25
Freezing midline and others
Ripping frozen voxels
INFO: rip surface needed but not specified, so using input surface
Freezing midline and others
Entering: MRISripMidline(): inhibiting deformation at non-cortical midline structures...
  which=1, fix_mtl=0, using annot = 0
#FML0# MRISripMidline(): nripped=5244
removing 3 vertices from ripped group in thread:0
removing 3 vertices from ripped group in thread:0
removing 4 vertices from ripped group in thread:0
removing 4 vertices from ripped group in thread:0
removing 4 vertices from ripped group in thread:0
removing 3 vertices from ripped group in thread:0
removing 2 vertices from ripped group in thread:0
#FML# MRISripMidline(): nmarked=5259, nmarked2=13, nripped=5259
2611 vertices more than 2 sigmas from mean.
Ripping WMSA
Starting MRISripSegs() d = (-2 2 0.5) segnos: 247 247 247 247 247 
MRISripSegs(): -2 2 0.5 ripped 0
Computing target border values 
Entering MRIScomputeBorderValues_new(): 
  inside_hi   = 120.0000000;
  border_hi   = 113.0465010;
  border_low  =  51.0000000;
  outside_low =  38.0597380;
  outside_hi  = 113.0465010;
  sigma = 0.25;
  max_thickness = 10;
  step_size=0.5;
  STEP_SIZE=0.1;
  which = 1
  thresh = 0
  flags = 0
  CBVfindFirstPeakD1=0
  CBVfindFirstPeakD2=0
  nvertices=116790
  Gdiag_no=-1
  vno start=0, stop=116790
Replacing 255s with 0s
#SI# sigma=0.25 had to be increased for 77 vertices, nripped=5259
mean border=76.5, 103 (4) missing vertices, mean dist -0.0 [0.2 (%58.7)->0.2 (%41.3))]
%88 local maxima, % 8 large gradients and % 0 min vals, 0 gradients ignored
nFirstPeakD1 0
MRIScomputeBorderValues_new() finished in 0.0225 min


Finding expansion regions
mean absolute distance = 0.20 +- 0.32
Averaging target values for 5 iterations...
Positioning Surface: tspring = 0.3, nspring = 0.3, spring = 0, niters = 100 l_repulse = 5, l_surf_repulse = 0, checktol = 0
Positioning pial surface
Entering MRISpositionSurface()
  max_mm = 0.3
  MAX_REDUCTIONS = 2, REDUCTION_PCT = 0.5
  parms->check_tol = 0, niterations = 100
tol=1.0e-04, sigma=0.2, host=unkno, nav=0, nbrs=2, l_repulse=5.000, l_tspring=0.300, l_nspring=0.300, l_intensity=0.200, l_curv=1.000
mom=0.00, dt=0.50
000: dt: 0.0000, sse=298610.7, rms=2.019
rms = 3.0512/2.0191, sse=421935.1/298610.7, time step reduction 1 of 3 to 0.250  0 1 1
   RMS increased, rejecting step
034: dt: 0.2500, sse=243700.3, rms=1.259 (37.622%)
035: dt: 0.2500, sse=232491.4, rms=1.002 (20.451%)
rms = 0.9817/1.0019, sse=231115.0/232491.4, time step reduction 2 of 3 to 0.125  0 0 1
036: dt: 0.2500, sse=231115.0, rms=0.982 (2.019%)
rms = 0.9431/0.9817, sse=226717.0/231115.0, time step reduction 3 of 3 to 0.062  0 0 1
037: dt: 0.1250, sse=226717.0, rms=0.943 (3.930%)
  maximum number of reductions reached, breaking from loop
positioning took 0.3 minutes


Writing output to /output/Recon/sub-101/surf/lh.white.preaparc
#ET# mris_place_surface  3.06 minutes
#VMPC# mris_place_surfaces VmPeak  2092460
mris_place_surface done
insurf  /output/Recon/sub-101/surf/lh.white.preaparc, nbrs 2, curvature_avgs 10
writing curvature file /output/Recon/sub-101/surf/lh.curv
writing curvature file /output/Recon/sub-101/surf/lh.area
