/output/WorkDir/nextflow/92/95d5b6d595cf8347b0f442e35c3981
/opt/freesurfer/bin/talairach_avi
--i /output/Recon/sub-101/mri/orig_nu.mgz --xfm /output/Recon/sub-101/mri/transforms/talairach.auto.xfm
talairach_avi 7.2.0
Linux 8eb296a60dbd 5.15.0-176-generic #186-Ubuntu SMP Fri Mar 13 11:01:42 UTC 2026 x86_64 x86_64 x86_64 GNU/Linux
Fri Apr 24 02:33:48 UTC 2026
mri_convert /output/Recon/sub-101/mri/orig_nu.mgz talsrcimg.img 
reading from /output/Recon/sub-101/mri/orig_nu.mgz...
TR=0.00, TE=0.00, TI=0.00, flip angle=0.00
i_ras = (-1, 3.27418e-11, 0)
j_ras = (-5.82077e-11, 0, -1)
k_ras = (-7.27596e-12, 1, -7.45058e-09)
writing to talsrcimg.img...
Analyze Output Matrix
-1.00000  -0.00000  -0.00000   129.23177;
 0.00000   0.00000   1.00000  -149.22038;
 0.00000  -1.00000  -0.00000   148.82729;
 0.00000   0.00000   0.00000   1.00000;
--------------------
INFO: set hdr.hist.orient to -1
mpr2mni305 talsrcimg
Fri Apr 24 02:33:50 UTC 2026
/opt/freesurfer/bin/mpr2mni305 talsrcimg
mpr2mni305 7.2.0
target=711-2C_as_mni_average_305

---------------------------------------------------------------------
analyzeto4dfp talsrcimg -O0 -y
---------------------------------------------------------------------

freesurfer ifh2hdr.c
Fri Apr 24 02:33:50 2026
Writing: talsrcimg.4dfp.hdr
freesurfer analyzeto4dfp.c
Reading: talsrcimg.hdr
header size 348 bytes
hdr.dime.datatype	offset=70	value=2
hdr.dime.bitpix		offset=72	value=8
hdr.hist.orient		offset=252	value=-1
dimensionality     4
dimensions       256       256       256         1
Reading: talsrcimg.img
Writing: talsrcimg.4dfp.img
Writing: talsrcimg.4dfp.ifh
ifh2hdr talsrcimg -r0to200
ori=2

---------------------------------------------------------------------
gauss_4dfp talsrcimg 1.1
---------------------------------------------------------------------

freesurfer gauss_4dfp.c
Reading: talsrcimg.4dfp.img
Writing: talsrcimg_g11.4dfp.img
image dimensions 256 256 256 padded to 288 288 288
processing volume 1freesurfer ifh2hdr.c
Fri Apr 24 02:33:55 2026
Writing: talsrcimg_g11.4dfp.hdr

Writing: talsrcimg_g11.4dfp.ifh
including: talsrcimg.4dfp.img.rec in talsrcimg_g11.4dfp.img.rec

---------------------------------------------------------------------
imgreg_4dfp /opt/freesurfer/average/711-2C_as_mni_average_305 none talsrcimg_g11 none talsrcimg_to_711-2C_as_mni_average_305_t4 4355
---------------------------------------------------------------------

freesurfer imgreg_4dfp.c
/opt/freesurfer/average/711-2C_as_mni_average_305.4dfp.img
       256       256       256         1
  1.000000  1.000000  1.000000
orientation T byte_order littleendian
Reading image: /opt/freesurfer/average/711-2C_as_mni_average_305.4dfp.img
dimensions:      256       256       256
mmppix:       1.0000   -1.0000   -1.0000
center:     128.0000 -129.0000 -129.0000
talsrcimg_g11.4dfp.img
       256       256       256         1
  1.000000  1.000000  1.000000
orientation T byte_order littleendian
Reading image: talsrcimg_g11.4dfp.img
dimensions:      256       256       256
mmppix:       1.0000   -1.0000   -1.0000
center:     128.0000 -129.0000 -129.0000
t4_read: open error in t4_sub.f l:  41 t4_file(1:l)talsrcimg_to_711-2C_as_mni_average_305_t4 
t4_read: transform initialized to I4
rotation matrix determinant  1.000000
image alignment mode   4355 decimal     1103 hex
   -7.5000  -45.0000  -45.0000 8556.6328   24.4482
    0.0000  -45.0000  -45.0000 9003.9111   24.4849
    7.5000  -45.0000  -45.0000 8584.1084   24.4333
   -7.5000  -37.5000  -45.0000 8795.3721   24.4548
    0.0000  -37.5000  -45.0000 9229.5684   24.5073
    7.5000  -37.5000  -45.0000 8803.0771   24.4486
   -7.5000  -30.0000  -45.0000 9387.8896   24.4220
    0.0000  -30.0000  -45.0000 9830.1436   24.4918
    7.5000  -30.0000  -45.0000 9340.3125   24.4290
   -7.5000  -22.5000  -45.0000 9564.4951   24.3817
    0.0000  -22.5000  -45.0000 9994.9404   24.4543
    7.5000  -22.5000  -45.0000 9514.1816   24.3950
   -7.5000  -15.0000  -45.0000 9510.2578   24.3696
    0.0000  -15.0000  -45.0000 9950.7910   24.4292
    7.5000  -15.0000  -45.0000 9474.7861   24.3763
   -7.5000   -7.5000  -45.0000 9283.0176   24.4035
    0.0000   -7.5000  -45.0000 9708.5303   24.4443
    7.5000   -7.5000  -45.0000 9229.1836   24.3950
   -7.5000    0.0000  -45.0000 9072.5088   24.4482
    0.0000    0.0000  -45.0000 9470.6660   24.4849
    7.5000    0.0000  -45.0000 9006.3291   24.4333
   -7.5000    7.5000  -45.0000 8369.3145   24.4548
    0.0000    7.5000  -45.0000 8760.6924   24.5073
    7.5000    7.5000  -45.0000 8311.4014   24.4486
   -7.5000   15.0000  -45.0000 7694.7476   24.4455
    0.0000   15.0000  -45.0000 8081.0474   24.5157
    7.5000   15.0000  -45.0000 7642.1538   24.4527
   -7.5000   22.5000  -45.0000 7208.6602   25.1976
    0.0000   22.5000  -45.0000 7586.1714   25.2735
    7.5000   22.5000  -45.0000 7152.8130   25.2115
   -7.5000   30.0000  -45.0000 6725.6768   25.9526
    0.0000   30.0000  -45.0000 7071.1255   26.0005
    7.5000   30.0000  -45.0000 6665.8271   25.9411
   -7.5000   37.5000  -45.0000 6423.2905   27.2680
    0.0000   37.5000  -45.0000 6719.7329   27.3193
    7.5000   37.5000  -45.0000 6326.7407   27.2703
   -7.5000   45.0000  -45.0000 5694.6899   27.7612
    0.0000   45.0000  -45.0000 5956.1377   27.8031
    7.5000   45.0000  -45.0000 5610.2505   27.7337
   -7.5000  -45.0000  -37.5000 9152.8604   24.3340
    0.0000  -45.0000  -37.5000 9637.5889   24.3656
    7.5000  -45.0000  -37.5000 9186.2510   24.3169
   -7.5000  -37.5000  -37.5000 9373.4072   24.3486
    0.0000  -37.5000  -37.5000 9846.3955   24.3966
    7.5000  -37.5000  -37.5000 9380.3096   24.3349
   -7.5000  -30.0000  -37.5000 9957.9717   24.3310
    0.0000  -30.0000  -37.500010451.2627   24.3998
    7.5000  -30.0000  -37.5000 9895.0479   24.3259
   -7.5000  -22.5000  -37.500010136.0703   24.2941
    0.0000  -22.5000  -37.500010631.7393   24.3690
    7.5000  -22.5000  -37.500010076.0654   24.2975
   -7.5000  -15.0000  -37.500010095.0156   24.2748
    0.0000  -15.0000  -37.500010587.7471   24.3373
    7.5000  -15.0000  -37.500010045.5439   24.2780
   -7.5000   -7.5000  -37.5000 9888.7852   24.2972
    0.0000   -7.5000  -37.500010383.7383   24.3372
    7.5000   -7.5000  -37.5000 9848.5361   24.2885
   -7.5000    0.0000  -37.5000 9716.7471   24.3340
    0.0000    0.0000  -37.500010216.9717   24.3656
    7.5000    0.0000  -37.5000 9667.6670   24.3169
   -7.5000    7.5000  -37.5000 8983.1865   24.3486
    0.0000    7.5000  -37.5000 9483.9316   24.3966
    7.5000    7.5000  -37.5000 8917.1885   24.3349
   -7.5000   15.0000  -37.5000 8217.8389   24.3551
    0.0000   15.0000  -37.5000 8676.3076   24.4243
    7.5000   15.0000  -37.5000 8152.5083   24.3503
   -7.5000   22.5000  -37.5000 7654.7231   25.1095
    0.0000   22.5000  -37.5000 8067.6250   25.1881
    7.5000   22.5000  -37.5000 7595.6372   25.1131
   -7.5000   30.0000  -37.5000 7130.2603   25.8391
    0.0000   30.0000  -37.5000 7481.2441   25.8878
    7.5000   30.0000  -37.5000 7061.6606   25.8203
   -7.5000   37.5000  -37.5000 6832.5688   27.1305
    0.0000   37.5000  -37.5000 7126.2021   27.1784
    7.5000   37.5000  -37.5000 6751.3203   27.1262
   -7.5000   45.0000  -37.5000 6050.1182   27.5898
    0.0000   45.0000  -37.5000 6331.4365   27.6164
    7.5000   45.0000  -37.5000 5978.5493   27.5501
   -7.5000  -45.0000  -30.0000 9924.0938   25.2682
    0.0000  -45.0000  -30.000010434.1465   25.3051
    7.5000  -45.0000  -30.0000 9944.1250   25.2702
   -7.5000  -37.5000  -30.000010115.6982   25.2670
    0.0000  -37.5000  -30.000010615.8750   25.3176
    7.5000  -37.5000  -30.000010098.3848   25.2642
   -7.5000  -30.0000  -30.000010658.0713   25.2600
    0.0000  -30.0000  -30.000011148.3877   25.3332
    7.5000  -30.0000  -30.000010550.4629   25.2564
   -7.5000  -22.5000  -30.000010839.7930   25.2484
    0.0000  -22.5000  -30.000011341.1768   25.3323
    7.5000  -22.5000  -30.000010733.9932   25.2544
   -7.5000  -15.0000  -30.000010816.4248   25.2447
    0.0000  -15.0000  -30.000011326.4082   25.3195
    7.5000  -15.0000  -30.000010712.8916   25.2604
   -7.5000   -7.5000  -30.000010634.2656   25.2576
    0.0000   -7.5000  -30.000011194.0469   25.3078
    7.5000   -7.5000  -30.000010605.0537   25.2685
   -7.5000    0.0000  -30.000010477.7627   25.2682
    0.0000    0.0000  -30.000011041.1660   25.3051
    7.5000    0.0000  -30.000010464.5215   25.2702
   -7.5000    7.5000  -30.0000 9669.9355   25.2670
    0.0000    7.5000  -30.000010224.1191   25.3176
    7.5000    7.5000  -30.0000 9660.7256   25.2642
   -7.5000   15.0000  -30.0000 8838.8682   25.2844
    0.0000   15.0000  -30.0000 9319.2764   25.3578
    7.5000   15.0000  -30.0000 8787.3945   25.2809
   -7.5000   22.5000  -30.0000 8209.0420   26.0972
    0.0000   22.5000  -30.0000 8656.2803   26.1859
    7.5000   22.5000  -30.0000 8157.4956   26.1045
   -7.5000   30.0000  -30.0000 7639.4604   26.8818
    0.0000   30.0000  -30.0000 8006.6450   26.9458
    7.5000   30.0000  -30.0000 7556.7729   26.8785
   -7.5000   37.5000  -30.0000 7303.0835   28.2163
    0.0000   37.5000  -30.0000 7609.6851   28.2729
    7.5000   37.5000  -30.0000 7201.8452   28.2307
   -7.5000   45.0000  -30.0000 6472.4810   28.6744
    0.0000   45.0000  -30.0000 6766.9341   28.7012
    7.5000   45.0000  -30.0000 6380.7568   28.6528
   -7.5000  -45.0000  -22.500010692.8701   26.0633
    0.0000  -45.0000  -22.500011187.0430   26.1145
    7.5000  -45.0000  -22.500010670.5586   26.0949
   -7.5000  -37.5000  -22.500010863.3164   26.0355
    0.0000  -37.5000  -22.500011347.7871   26.0954
    7.5000  -37.5000  -22.500010827.8457   26.0583
   -7.5000  -30.0000  -22.500011374.1914   26.0233
    0.0000  -30.0000  -22.500011855.3623   26.1012
    7.5000  -30.0000  -22.500011248.2930   26.0358
   -7.5000  -22.5000  -22.500011563.1777   26.0371
    0.0000  -22.5000  -22.500012073.5283   26.1260
    7.5000  -22.5000  -22.500011416.0488   26.0544
   -7.5000  -15.0000  -22.500011526.1201   26.0601
    0.0000  -15.0000  -22.500012106.5332   26.1440
    7.5000  -15.0000  -22.500011402.4990   26.0904
   -7.5000   -7.5000  -22.500011371.7021   26.0741
    0.0000   -7.5000  -22.500012014.6230   26.1383
    7.5000   -7.5000  -22.500011328.1699   26.1086
   -7.5000    0.0000  -22.500011227.5010   26.0633
    0.0000    0.0000  -22.500011863.8535   26.1145
    7.5000    0.0000  -22.500011237.9180   26.0949
   -7.5000    7.5000  -22.500010358.2012   26.0355
    0.0000    7.5000  -22.500010956.3643   26.0954
    7.5000    7.5000  -22.500010340.0488   26.0583
   -7.5000   15.0000  -22.5000 9428.3965   26.0465
    0.0000   15.0000  -22.5000 9932.1221   26.1245
    7.5000   15.0000  -22.5000 9396.6436   26.0591
   -7.5000   22.5000  -22.5000 8740.6338   26.9076
    0.0000   22.5000  -22.5000 9242.9385   27.0024
    7.5000   22.5000  -22.5000 8709.7129   26.9282
   -7.5000   30.0000  -22.5000 8111.4600   27.7678
    0.0000   30.0000  -22.5000 8527.9043   27.8475
    7.5000   30.0000  -22.5000 8069.4629   27.7871
   -7.5000   37.5000  -22.5000 7722.3105   29.1507
    0.0000   37.5000  -22.5000 8095.0273   29.2231
    7.5000   37.5000  -22.5000 7669.7480   29.1948
   -7.5000   45.0000  -22.5000 6854.9209   29.6350
    0.0000   45.0000  -22.5000 7152.5542   29.6839
    7.5000   45.0000  -22.5000 6768.5215   29.6543
   -7.5000  -45.0000  -15.000011410.4043   26.7044
    0.0000  -45.0000  -15.000011926.3125   26.7644
    7.5000  -45.0000  -15.000011364.3730   26.7439
   -7.5000  -37.5000  -15.000011571.2139   26.6599
    0.0000  -37.5000  -15.000012126.4443   26.7276
    7.5000  -37.5000  -15.000011539.8926   26.6955
   -7.5000  -30.0000  -15.000012060.1611   26.6281
    0.0000  -30.0000  -15.000012621.9912   26.7102
    7.5000  -30.0000  -15.000011923.3447   26.6566
   -7.5000  -22.5000  -15.000012271.1592   26.6439
    0.0000  -22.5000  -15.000012848.9570   26.7339
    7.5000  -22.5000  -15.000012092.1328   26.6734
   -7.5000  -15.0000  -15.000012245.8516   26.6828
    0.0000  -15.0000  -15.000012883.0146   26.7678
    7.5000  -15.0000  -15.000012095.1875   26.7191
   -7.5000   -7.5000  -15.000012139.7324   26.7115
    0.0000   -7.5000  -15.000012785.1143   26.7810
    7.5000   -7.5000  -15.000012067.4482   26.7507
   -7.5000    0.0000  -15.000011997.1221   26.7044
    0.0000    0.0000  -15.000012661.7959   26.7644
    7.5000    0.0000  -15.000011964.1680   26.7439
   -7.5000    7.5000  -15.000011060.0225   26.6599
    0.0000    7.5000  -15.000011687.9658   26.7276
    7.5000    7.5000  -15.000011034.2305   26.6955
   -7.5000   15.0000  -15.000010046.3174   26.6508
    0.0000   15.0000  -15.000010582.7695   26.7329
    7.5000   15.0000  -15.000010010.0293   26.6792
   -7.5000   22.5000  -15.0000 9276.9521   27.5269
    0.0000   22.5000  -15.0000 9809.2676   27.6226
    7.5000   22.5000  -15.0000 9268.2197   27.5599
   -7.5000   30.0000  -15.0000 8610.6367   28.4404
    0.0000   30.0000  -15.0000 9059.2979   28.5243
    7.5000   30.0000  -15.0000 8567.9697   28.4703
   -7.5000   37.5000  -15.0000 8152.0059   29.8717
    0.0000   37.5000  -15.0000 8568.8936   29.9532
    7.5000   37.5000  -15.0000 8104.0000   29.9283
   -7.5000   45.0000  -15.0000 7212.5264   30.4093
    0.0000   45.0000  -15.0000 7564.2495   30.4808
    7.5000   45.0000  -15.0000 7156.2261   30.4505
   -7.5000  -45.0000   -7.500012180.2100   27.0719
    0.0000  -45.0000   -7.500012777.8711   27.1251
    7.5000  -45.0000   -7.500012130.0674   27.0846
   -7.5000  -37.5000   -7.500012361.1699   27.0470
    0.0000  -37.5000   -7.500012996.4492   27.1121
    7.5000  -37.5000   -7.500012315.2217   27.0640
   -7.5000  -30.0000   -7.500012841.1221   27.0024
    0.0000  -30.0000   -7.500013467.3906   27.0830
    7.5000  -30.0000   -7.500012681.8926   27.0262
   -7.5000  -22.5000   -7.500013071.8232   26.9860
    0.0000  -22.5000   -7.500013734.0303   27.0711
    7.5000  -22.5000   -7.500012866.5820   27.0143
   -7.5000  -15.0000   -7.500013067.6113   27.0051
    0.0000  -15.0000   -7.500013763.0518   27.0807
    7.5000  -15.0000   -7.500012856.1338   27.0309
   -7.5000   -7.5000   -7.500012992.0078   27.0466
    0.0000   -7.5000   -7.500013736.3369   27.1056
    7.5000   -7.5000   -7.500012878.7852   27.0635
   -7.5000    0.0000   -7.500012824.7803   27.0719
    0.0000    0.0000   -7.500013544.8633   27.1251
    7.5000    0.0000   -7.500012759.4150   27.0846
   -7.5000    7.5000   -7.500011832.3486   27.0470
    0.0000    7.5000   -7.500012475.8252   27.1121
    7.5000    7.5000   -7.500011780.3037   27.0640
   -7.5000   15.0000   -7.500010731.7295   27.0264
    0.0000   15.0000   -7.500011321.8750   27.1072
    7.5000   15.0000   -7.500010691.7451   27.0503
   -7.5000   22.5000   -7.5000 9942.6885   27.8724
    0.0000   22.5000   -7.500010476.6553   27.9618
    7.5000   22.5000   -7.5000 9872.1240   27.9027
   -7.5000   30.0000   -7.5000 9177.2021   28.7703
    0.0000   30.0000   -7.5000 9645.1855   28.8401
    7.5000   30.0000   -7.5000 9086.1924   28.7852
   -7.5000   37.5000   -7.5000 8635.7500   30.2268
    0.0000   37.5000   -7.5000 9093.1260   30.2989
    7.5000   37.5000   -7.5000 8585.7363   30.2618
   -7.5000   45.0000   -7.5000 7682.7422   30.8160
    0.0000   45.0000   -7.5000 8054.5659   30.8839
    7.5000   45.0000   -7.5000 7604.7129   30.8288
   -7.5000  -45.0000    0.000012899.0879   27.1574
    0.0000  -45.0000    0.000013544.6973   27.1982
    7.5000  -45.0000    0.000012804.7090   27.1407
   -7.5000  -37.5000    0.000013146.8027   27.1642
    0.0000  -37.5000    0.000013820.1924   27.2216
    7.5000  -37.5000    0.000013021.7461   27.1552
   -7.5000  -30.0000    0.000013566.2217   27.1278
    0.0000  -30.0000    0.000014228.3633   27.2039
    7.5000  -30.0000    0.000013362.0918   27.1328
   -7.5000  -22.5000    0.000013811.5391   27.0834
    0.0000  -22.5000    0.000014519.4043   27.1632
    7.5000  -22.5000    0.000013579.0078   27.0973
   -7.5000  -15.0000    0.000013791.0303   27.0710
    0.0000  -15.0000    0.000014549.3730   27.1375
    7.5000  -15.0000    0.000013559.5879   27.0797
   -7.5000   -7.5000    0.000013758.1367   27.1087
    0.0000   -7.5000    0.000014552.4092   27.1546
    7.5000   -7.5000    0.000013546.7725   27.1007
   -7.5000    0.0000    0.000013559.4434   27.1574
    0.0000    0.0000    0.000014333.7939   27.1982
    7.5000    0.0000    0.000013426.7441   27.1407
   -7.5000    7.5000    0.000012474.2031   27.1642
    0.0000    7.5000    0.000013156.1709   27.2216
    7.5000    7.5000    0.000012376.8965   27.1552
   -7.5000   15.0000    0.000011333.8945   27.1538
    0.0000   15.0000    0.000011967.0234   27.2302
    7.5000   15.0000    0.000011275.1523   27.1590
   -7.5000   22.5000    0.000010506.3018   27.9738
    0.0000   22.5000    0.000011098.1533   28.0571
    7.5000   22.5000    0.000010434.2295   27.9882
   -7.5000   30.0000    0.0000 9660.3926   28.8239
    0.0000   30.0000    0.000010203.9209   28.8775
    7.5000   30.0000    0.0000 9571.4922   28.8128
   -7.5000   37.5000    0.0000 9117.5273   30.2749
    0.0000   37.5000    0.0000 9632.8340   30.3321
    7.5000   37.5000    0.0000 9056.3994   30.2782
   -7.5000   45.0000    0.0000 8076.4922   30.8774
    0.0000   45.0000    0.0000 8502.8320   30.9241
    7.5000   45.0000    0.0000 7982.4048   30.8460
   -7.5000  -45.0000    7.500012688.1543   27.1319
    0.0000  -45.0000    7.500013328.6064   27.1671
    7.5000  -45.0000    7.500012604.4092   27.1139
   -7.5000  -37.5000    7.500012946.1318   27.1498
    0.0000  -37.5000    7.500013586.3242   27.2036
    7.5000  -37.5000    7.500012809.9756   27.1356
   -7.5000  -30.0000    7.500013326.9795   27.1327
    0.0000  -30.0000    7.500013942.2305   27.2100
    7.5000  -30.0000    7.500013111.9863   27.1289
   -7.5000  -22.5000    7.500013572.7031   27.0922
    0.0000  -22.5000    7.500014263.2295   27.1766
    7.5000  -22.5000    7.500013333.8848   27.0990
   -7.5000  -15.0000    7.500013558.8398   27.0691
    0.0000  -15.0000    7.500014284.6055   27.1394
    7.5000  -15.0000    7.500013297.5283   27.0759
   -7.5000   -7.5000    7.500013507.5010   27.0918
    0.0000   -7.5000    7.500014237.0840   27.1365
    7.5000   -7.5000    7.500013257.5352   27.0842
   -7.5000    0.0000    7.500013297.5498   27.1319
    0.0000    0.0000    7.500014051.9648   27.1671
    7.5000    0.0000    7.500013103.3535   27.1139
   -7.5000    7.5000    7.500012192.2422   27.1498
    0.0000    7.5000    7.500012891.7695   27.2036
    7.5000    7.5000    7.500012058.2930   27.1356
   -7.5000   15.0000    7.500011095.0879   27.1595
    0.0000   15.0000    7.500011748.9238   27.2372
    7.5000   15.0000    7.500011000.0293   27.1560
   -7.5000   22.5000    7.500010269.3145   27.9893
    0.0000   22.5000    7.500010866.5850   28.0777
    7.5000   22.5000    7.500010187.5596   27.9964
   -7.5000   30.0000    7.5000 9461.6777   28.8168
    0.0000   30.0000    7.500010017.8906   28.8718
    7.5000   30.0000    7.5000 9345.0977   28.7996
   -7.5000   37.5000    7.5000 8936.6924   30.2499
    0.0000   37.5000    7.5000 9461.9014   30.3031
    7.5000   37.5000    7.5000 8836.4082   30.2467
   -7.5000   45.0000    7.5000 7869.0518   30.8224
    0.0000   45.0000    7.5000 8281.3379   30.8518
    7.5000   45.0000    7.5000 7746.0347   30.7780
   -7.5000  -45.0000   15.000012352.6738   27.0802
    0.0000  -45.0000   15.000013010.9746   27.1198
    7.5000  -45.0000   15.000012306.0176   27.0840
   -7.5000  -37.5000   15.000012671.8193   27.0828
    0.0000  -37.5000   15.000013331.4248   27.1379
    7.5000  -37.5000   15.000012575.6719   27.0824
   -7.5000  -30.0000   15.000013044.1230   27.0772
    0.0000  -30.0000   15.000013620.7510   27.1566
    7.5000  -30.0000   15.000012838.4082   27.0763
   -7.5000  -22.5000   15.000013290.6611   27.0626
    0.0000  -22.5000   15.000013835.2910   27.1530
    7.5000  -22.5000   15.000013031.3994   27.0716
   -7.5000  -15.0000   15.000013205.2939   27.0552
    0.0000  -15.0000   15.000013770.7002   27.1351
    7.5000  -15.0000   15.000012944.3037   27.0737
   -7.5000   -7.5000   15.000013125.2441   27.0672
    0.0000   -7.5000   15.000013755.0605   27.1205
    7.5000   -7.5000   15.000012872.3389   27.0801
   -7.5000    0.0000   15.000012905.4902   27.0802
    0.0000    0.0000   15.000013614.6562   27.1198
    7.5000    0.0000   15.000012690.6768   27.0840
   -7.5000    7.5000   15.000011817.4941   27.0828
    0.0000    7.5000   15.000012501.1895   27.1379
    7.5000    7.5000   15.000011653.3516   27.0824
   -7.5000   15.0000   15.000010777.1699   27.1032
    0.0000   15.0000   15.000011406.0449   27.1830
    7.5000   15.0000   15.000010645.0332   27.1025
   -7.5000   22.5000   15.0000 9970.3916   27.9644
    0.0000   22.5000   15.000010529.5518   28.0600
    7.5000   22.5000   15.0000 9874.7510   27.9750
   -7.5000   30.0000   15.0000 9171.0244   28.8136
    0.0000   30.0000   15.0000 9673.3242   28.8820
    7.5000   30.0000   15.0000 9065.8350   28.8121
   -7.5000   37.5000   15.0000 8621.4121   30.2393
    0.0000   37.5000   15.0000 9100.8936   30.2992
    7.5000   37.5000   15.0000 8511.6504   30.2558
   -7.5000   45.0000   15.0000 7571.4370   30.7753
    0.0000   45.0000   15.0000 7940.0752   30.8041
    7.5000   45.0000   15.0000 7476.9976   30.7531
   -7.5000  -45.0000   22.500011899.7832   27.0498
    0.0000  -45.0000   22.500012583.0996   27.1026
    7.5000  -45.0000   22.500011870.1025   27.0825
   -7.5000  -37.5000   22.500012412.7314   27.0214
    0.0000  -37.5000   22.500013116.0967   27.0834
    7.5000  -37.5000   22.500012322.0986   27.0450
   -7.5000  -30.0000   22.500012775.2412   27.0088
    0.0000  -30.0000   22.500013373.6465   27.0895
    7.5000  -30.0000   22.500012589.0566   27.0217
   -7.5000  -22.5000   22.500012889.1523   27.0228
    0.0000  -22.5000   22.500013453.5713   27.1148
    7.5000  -22.5000   22.500012699.0664   27.0406
   -7.5000  -15.0000   22.500012740.9297   27.0463
    0.0000  -15.0000   22.500013305.7871   27.1330
    7.5000  -15.0000   22.500012521.9307   27.0776
   -7.5000   -7.5000   22.500012653.6426   27.0608
    0.0000   -7.5000   22.500013256.2119   27.1269
    7.5000   -7.5000   22.500012405.5352   27.0964
   -7.5000    0.0000   22.500012397.7246   27.0498
    0.0000    0.0000   22.500013046.1055   27.1026
    7.5000    0.0000   22.500012191.9209   27.0825
   -7.5000    7.5000   22.500011332.8721   27.0214
    0.0000    7.5000   22.500011935.4150   27.0834
    7.5000    7.5000   22.500011160.6592   27.0450
   -7.5000   15.0000   22.500010335.0059   27.0329
    0.0000   15.0000   22.500010878.2910   27.1137
    7.5000   15.0000   22.500010214.1396   27.0458
   -7.5000   22.5000   22.5000 9562.7295   27.9218
    0.0000   22.5000   22.500010065.5840   28.0199
    7.5000   22.5000   22.5000 9479.0430   27.9431
   -7.5000   30.0000   22.5000 8756.9912   28.8223
    0.0000   30.0000   22.5000 9255.9219   28.9044
    7.5000   30.0000   22.5000 8680.8145   28.8421
   -7.5000   37.5000   22.5000 8254.0791   30.2573
    0.0000   37.5000   22.5000 8696.3223   30.3317
    7.5000   37.5000   22.5000 8151.5469   30.3027
   -7.5000   45.0000   22.5000 7267.7300   30.7841
    0.0000   45.0000   22.5000 7594.8330   30.8349
    7.5000   45.0000   22.5000 7164.9155   30.8042
   -7.5000  -45.0000   30.000011348.0059   27.0709
    0.0000  -45.0000   30.000012003.9082   27.1317
    7.5000  -45.0000   30.000011309.3857   27.1109
   -7.5000  -37.5000   30.000011890.4131   27.0258
    0.0000  -37.5000   30.000012668.9258   27.0944
    7.5000  -37.5000   30.000011822.3926   27.0618
   -7.5000  -30.0000   30.000012253.1816   26.9936
    0.0000  -30.0000   30.000013068.4922   27.0768
    7.5000  -30.0000   30.000012157.5889   27.0224
   -7.5000  -22.5000   30.000012338.5254   27.0096
    0.0000  -22.5000   30.000013114.0244   27.1008
    7.5000  -22.5000   30.000012210.2705   27.0394
   -7.5000  -15.0000   30.000012133.6504   27.0489
    0.0000  -15.0000   30.000012847.7051   27.1352
    7.5000  -15.0000   30.000011974.2295   27.0858
   -7.5000   -7.5000   30.000011988.6064   27.0781
    0.0000   -7.5000   30.000012605.6699   27.1485
    7.5000   -7.5000   30.000011782.0879   27.1178
   -7.5000    0.0000   30.000011743.1670   27.0709
    0.0000    0.0000   30.000012308.9082   27.1317
    7.5000    0.0000   30.000011564.9697   27.1109
   -7.5000    7.5000   30.000010749.1221   27.0258
    0.0000    7.5000   30.000011239.3594   27.0944
    7.5000    7.5000   30.000010621.0117   27.0618
   -7.5000   15.0000   30.0000 9853.1650   27.0166
    0.0000   15.0000   30.000010281.6436   27.0998
    7.5000   15.0000   30.0000 9749.3828   27.0453
   -7.5000   22.5000   30.0000 9143.4580   27.9016
    0.0000   22.5000   30.0000 9539.4326   27.9986
    7.5000   22.5000   30.0000 9043.5303   27.9352
   -7.5000   30.0000   30.0000 8374.6240   28.8307
    0.0000   30.0000   30.0000 8773.8105   28.9157
    7.5000   30.0000   30.0000 8290.4922   28.8610
   -7.5000   37.5000   30.0000 7821.3281   30.2816
    0.0000   37.5000   30.0000 8200.8809   30.3642
    7.5000   37.5000   30.0000 7744.6260   30.3390
   -7.5000   45.0000   30.0000 6882.6768   30.8347
    0.0000   45.0000   30.0000 7200.0938   30.9072
    7.5000   45.0000   30.0000 6808.3262   30.8765
   -7.5000  -45.0000   37.500011271.5137   27.1265
    0.0000  -45.0000   37.500011903.2129   27.1798
    7.5000  -45.0000   37.500011231.3926   27.1392
   -7.5000  -37.5000   37.500011713.4219   27.1016
    0.0000  -37.5000   37.500012308.8545   27.1669
    7.5000  -37.5000   37.500011638.6182   27.1186
   -7.5000  -30.0000   37.500012028.6191   27.0569
    0.0000  -30.0000   37.500012573.5654   27.1377
    7.5000  -30.0000   37.500011912.5205   27.0807
   -7.5000  -22.5000   37.500012109.6787   27.0405
    0.0000  -22.5000   37.500012654.4004   27.1258
    7.5000  -22.5000   37.500011992.4814   27.0688
   -7.5000  -15.0000   37.500011915.6172   27.0596
    0.0000  -15.0000   37.500012435.9189   27.1353
    7.5000  -15.0000   37.500011792.3955   27.0855
   -7.5000   -7.5000   37.500011747.2256   27.1012
    0.0000   -7.5000   37.500012228.8564   27.1603
    7.5000   -7.5000   37.500011622.9951   27.1181
   -7.5000    0.0000   37.500011562.0801   27.1265
    0.0000    0.0000   37.500012029.7598   27.1798
    7.5000    0.0000   37.500011420.3896   27.1392
   -7.5000    7.5000   37.500010606.5010   27.1016
    0.0000    7.5000   37.500011040.9189   27.1669
    7.5000    7.5000   37.500010494.3711   27.1186
   -7.5000   15.0000   37.5000 9685.3926   27.0810
    0.0000   15.0000   37.500010094.6699   27.1619
    7.5000   15.0000   37.5000 9590.7383   27.1049
   -7.5000   22.5000   37.5000 8946.4482   27.9287
    0.0000   22.5000   37.5000 9337.2598   28.0183
    7.5000   22.5000   37.5000 8867.2324   27.9591
   -7.5000   30.0000   37.5000 8169.0962   28.8292
    0.0000   30.0000   37.5000 8548.9229   28.8991
    7.5000   30.0000   37.5000 8115.7002   28.8441
   -7.5000   37.5000   37.5000 7627.1719   30.2886
    0.0000   37.5000   37.5000 7984.1396   30.3609
    7.5000   37.5000   37.5000 7586.6514   30.3237
   -7.5000   45.0000   37.5000 6731.6616   30.8806
    0.0000   45.0000   37.5000 7053.7217   30.9486
    7.5000   45.0000   37.5000 6692.8687   30.8934
   -7.5000  -45.0000   45.000010484.7637   26.9800
    0.0000  -45.0000   45.000011001.0449   27.0205
    7.5000  -45.0000   45.000010474.7871   26.9635
   -7.5000  -37.5000   45.000010830.2969   26.9868
    0.0000  -37.5000   45.000011296.9746   27.0438
    7.5000  -37.5000   45.000010801.7861   26.9778
   -7.5000  -30.0000   45.000011054.8027   26.9507
    0.0000  -30.0000   45.000011503.8965   27.0263
    7.5000  -30.0000   45.000010989.5547   26.9557
   -7.5000  -22.5000   45.000011131.8369   26.9066
    0.0000  -22.5000   45.000011598.9775   26.9859
    7.5000  -22.5000   45.000011048.7627   26.9205
   -7.5000  -15.0000   45.000010972.7783   26.8942
    0.0000  -15.0000   45.000011423.1260   26.9603
    7.5000  -15.0000   45.000010890.6416   26.9029
   -7.5000   -7.5000   45.000010874.8828   26.9316
    0.0000   -7.5000   45.000011311.2432   26.9773
    7.5000   -7.5000   45.000010793.2773   26.9238
   -7.5000    0.0000   45.000010760.8213   26.9800
    0.0000    0.0000   45.000011208.7324   27.0205
    7.5000    0.0000   45.000010657.2861   26.9635
   -7.5000    7.5000   45.0000 9914.1543   26.9868
    0.0000    7.5000   45.000010335.9287   27.0438
    7.5000    7.5000   45.0000 9808.2969   26.9778
   -7.5000   15.0000   45.0000 9037.2744   26.9764
    0.0000   15.0000   45.0000 9429.7666   27.0524
    7.5000   15.0000   45.0000 8945.0098   26.9817
   -7.5000   22.5000   45.0000 8318.8447   27.7911
    0.0000   22.5000   45.0000 8700.9512   27.8740
    7.5000   22.5000   45.0000 8270.4893   27.8055
   -7.5000   30.0000   45.0000 7578.7437   28.6333
    0.0000   30.0000   45.0000 7915.7954   28.6867
    7.5000   30.0000   45.0000 7545.3281   28.6224
   -7.5000   37.5000   45.0000 7086.4209   30.0748
    0.0000   37.5000   45.0000 7404.2100   30.1317
    7.5000   37.5000   45.0000 7069.4229   30.0781
   -7.5000   45.0000   45.0000 6266.5137   30.6899
    0.0000   45.0000   45.0000 6526.4590   30.7364
    7.5000   45.0000   45.0000 6219.9067   30.6588

---------------------------------------------------------------------
imgreg_4dfp /opt/freesurfer/average/711-2C_as_mni_average_305 /opt/freesurfer/average/711-2B_as_mni_average_305_mask talsrcimg_g11 none talsrcimg_to_711-2C_as_mni_average_305_t4 4355
---------------------------------------------------------------------

freesurfer imgreg_4dfp.c
/opt/freesurfer/average/711-2C_as_mni_average_305.4dfp.img
       256       256       256         1
  1.000000  1.000000  1.000000
orientation T byte_order littleendian
Reading image: /opt/freesurfer/average/711-2C_as_mni_average_305.4dfp.img
dimensions:      256       256       256
mmppix:       1.0000   -1.0000   -1.0000
center:     128.0000 -129.0000 -129.0000
/opt/freesurfer/average/711-2B_as_mni_average_305_mask.4dfp.img
       256       256       256         1
  1.000000  1.000000  1.000000
orientation T byte_order littleendian
Reading mask: /opt/freesurfer/average/711-2B_as_mni_average_305_mask.4dfp.img (2306576 pixels)
talsrcimg_g11.4dfp.img
       256       256       256         1
  1.000000  1.000000  1.000000
orientation T byte_order littleendian
Reading image: talsrcimg_g11.4dfp.img
dimensions:      256       256       256
mmppix:       1.0000   -1.0000   -1.0000
center:     128.0000 -129.0000 -129.0000
rotation matrix determinant  1.000000
image alignment mode   4355 decimal     1103 hex
   -7.5000  -52.5000  -45.0000 1978.5836   28.4575
    0.0000  -52.5000  -45.0000 1998.8361   28.4589
    7.5000  -52.5000  -45.0000 1984.8752   28.5709
   -7.5000  -45.0000  -45.0000 1994.6592   28.1064
    0.0000  -45.0000  -45.0000 2018.9181   28.0687
    7.5000  -45.0000  -45.0000 1998.4326   28.1645
   -7.5000  -37.5000  -45.0000 2000.0193   28.0208
    0.0000  -37.5000  -45.0000 2017.2280   27.9384
    7.5000  -37.5000  -45.0000 2004.5457   28.0313
   -7.5000  -30.0000  -45.0000 1992.6016   27.9566
    0.0000  -30.0000  -45.0000 2009.6525   27.8709
    7.5000  -30.0000  -45.0000 1993.8687   27.9567
   -7.5000  -22.5000  -45.0000 1968.5542   28.5838
    0.0000  -22.5000  -45.0000 1986.6034   28.4524
    7.5000  -22.5000  -45.0000 1971.7095   28.6415
   -7.5000  -15.0000  -45.0000 1924.1187   29.7000
    0.0000  -15.0000  -45.0000 1944.5514   29.6964
    7.5000  -15.0000  -45.0000 1930.4766   29.8140
   -7.5000   -7.5000  -45.0000 1868.5770   31.4603
    0.0000   -7.5000  -45.0000 1894.4957   31.4044
    7.5000   -7.5000  -45.0000 1873.5128   31.5487
   -7.5000    0.0000  -45.0000 1805.4645   33.8635
    0.0000    0.0000  -45.0000 1825.9963   33.6167
    7.5000    0.0000  -45.0000 1805.0913   33.8060
   -7.5000    7.5000  -45.0000 1721.6364   37.0725
    0.0000    7.5000  -45.0000 1745.2255   36.6645
    7.5000    7.5000  -45.0000 1722.4908   36.9454
   -7.5000   15.0000  -45.0000 1622.1154   41.5693
    0.0000   15.0000  -45.0000 1649.0881   40.9158
    7.5000   15.0000  -45.0000 1623.6256   41.4457
   -7.5000   22.5000  -45.0000 1524.0320   48.1494
    0.0000   22.5000  -45.0000 1549.3440   47.4298
    7.5000   22.5000  -45.0000 1526.4866   47.7700
   -7.5000   30.0000  -45.0000 1418.9889   57.5197
    0.0000   30.0000  -45.0000 1446.5073   56.9484
    7.5000   30.0000  -45.0000 1416.7864   57.4111
   -7.5000   37.5000  -45.0000 1303.4901   71.6383
    0.0000   37.5000  -45.0000 1323.2430   71.5231
    7.5000   37.5000  -45.0000 1297.5743   71.9824
   -7.5000  -52.5000  -37.5000 2084.4460   25.5972
    0.0000  -52.5000  -37.5000 2102.5110   25.6227
    7.5000  -52.5000  -37.5000 2094.3433   25.7020
   -7.5000  -45.0000  -37.5000 2093.8181   25.3360
    0.0000  -45.0000  -37.5000 2115.1145   25.3391
    7.5000  -45.0000  -37.5000 2097.6506   25.4140
   -7.5000  -37.5000  -37.5000 2099.1140   25.4103
    0.0000  -37.5000  -37.5000 2119.4814   25.3223
    7.5000  -37.5000  -37.5000 2100.7656   25.3457
   -7.5000  -30.0000  -37.5000 2093.8408   25.4901
    0.0000  -30.0000  -37.5000 2116.6838   25.3950
    7.5000  -30.0000  -37.5000 2093.4800   25.4368
   -7.5000  -22.5000  -37.5000 2074.1418   25.9505
    0.0000  -22.5000  -37.5000 2095.7788   25.8632
    7.5000  -22.5000  -37.5000 2075.4822   25.9861
   -7.5000  -15.0000  -37.5000 2032.9281   26.8236
    0.0000  -15.0000  -37.5000 2055.2639   26.8679
    7.5000  -15.0000  -37.5000 2037.1492   26.8642
   -7.5000   -7.5000  -37.5000 1979.6783   28.3223
    0.0000   -7.5000  -37.5000 2002.9707   28.2572
    7.5000   -7.5000  -37.5000 1985.4493   28.3235
   -7.5000    0.0000  -37.5000 1912.2051   30.4095
    0.0000    0.0000  -37.5000 1935.0684   30.3124
    7.5000    0.0000  -37.5000 1913.1760   30.3596
   -7.5000    7.5000  -37.5000 1819.2062   33.3428
    0.0000    7.5000  -37.5000 1844.7955   33.1425
    7.5000    7.5000  -37.5000 1816.8019   33.2834
   -7.5000   15.0000  -37.5000 1710.8926   37.4292
    0.0000   15.0000  -37.5000 1733.4100   37.1036
    7.5000   15.0000  -37.5000 1709.4111   37.4274
   -7.5000   22.5000  -37.5000 1596.2632   43.2165
    0.0000   22.5000  -37.5000 1613.4911   42.8194
    7.5000   22.5000  -37.5000 1594.0048   43.1024
   -7.5000   30.0000  -37.5000 1484.5018   51.2997
    0.0000   30.0000  -37.5000 1498.6729   50.7918
    7.5000   30.0000  -37.5000 1480.4376   50.9265
   -7.5000   37.5000  -37.5000 1367.8885   62.9655
    0.0000   37.5000  -37.5000 1373.1573   62.2216
    7.5000   37.5000  -37.5000 1363.7781   63.0112
   -7.5000  -52.5000  -30.0000 2230.5146   24.0776
    0.0000  -52.5000  -30.0000 2243.4927   24.0846
    7.5000  -52.5000  -30.0000 2233.1812   24.1972
   -7.5000  -45.0000  -30.0000 2234.6106   23.8668
    0.0000  -45.0000  -30.0000 2260.5789   23.8965
    7.5000  -45.0000  -30.0000 2234.0737   23.9719
   -7.5000  -37.5000  -30.0000 2236.0391   23.8833
    0.0000  -37.5000  -30.0000 2260.1013   23.8102
    7.5000  -37.5000  -30.0000 2235.5117   23.9031
   -7.5000  -30.0000  -30.0000 2222.5359   24.0624
    0.0000  -30.0000  -30.0000 2247.6697   23.8887
    7.5000  -30.0000  -30.0000 2222.3079   24.0165
   -7.5000  -22.5000  -30.0000 2211.1873   24.3425
    0.0000  -22.5000  -30.0000 2235.1982   24.1850
    7.5000  -22.5000  -30.0000 2214.4753   24.2983
   -7.5000  -15.0000  -30.0000 2179.0273   25.1593
    0.0000  -15.0000  -30.0000 2202.4724   25.1303
    7.5000  -15.0000  -30.0000 2178.0044   25.1222
   -7.5000   -7.5000  -30.0000 2119.2700   26.4973
    0.0000   -7.5000  -30.0000 2144.9827   26.4927
    7.5000   -7.5000  -30.0000 2128.2444   26.5217
   -7.5000    0.0000  -30.0000 2048.3691   28.4417
    0.0000    0.0000  -30.0000 2064.6682   28.3357
    7.5000    0.0000  -30.0000 2050.6948   28.4376
   -7.5000    7.5000  -30.0000 1947.5206   31.1062
    0.0000    7.5000  -30.0000 1969.7899   30.9983
    7.5000    7.5000  -30.0000 1949.3564   31.0624
   -7.5000   15.0000  -30.0000 1829.9928   34.9708
    0.0000   15.0000  -30.0000 1847.1255   34.8126
    7.5000   15.0000  -30.0000 1829.7472   34.9018
   -7.5000   22.5000  -30.0000 1705.3298   40.1743
    0.0000   22.5000  -30.0000 1730.9374   39.9487
    7.5000   22.5000  -30.0000 1706.4248   40.0983
   -7.5000   30.0000  -30.0000 1573.8893   47.3624
    0.0000   30.0000  -30.0000 1589.9736   47.1330
    7.5000   30.0000  -30.0000 1575.6289   47.2359
   -7.5000   37.5000  -30.0000 1449.7147   57.5525
    0.0000   37.5000  -30.0000 1456.3257   56.6223
    7.5000   37.5000  -30.0000 1440.4397   57.3508
   -7.5000  -52.5000  -22.5000 2353.5791   22.5376
    0.0000  -52.5000  -22.5000 2375.1680   22.4908
    7.5000  -52.5000  -22.5000 2356.3594   22.5609
   -7.5000  -45.0000  -22.5000 2360.9399   22.3539
    0.0000  -45.0000  -22.5000 2390.4937   22.2637
    7.5000  -45.0000  -22.5000 2359.4802   22.3801
   -7.5000  -37.5000  -22.5000 2364.5310   22.4000
    0.0000  -37.5000  -22.5000 2383.0344   22.2584
    7.5000  -37.5000  -22.5000 2360.0745   22.3631
   -7.5000  -30.0000  -22.5000 2346.3643   22.5740
    0.0000  -30.0000  -22.5000 2369.4124   22.4218
    7.5000  -30.0000  -22.5000 2346.5303   22.5561
   -7.5000  -22.5000  -22.5000 2337.3889   22.8274
    0.0000  -22.5000  -22.5000 2363.4802   22.6891
    7.5000  -22.5000  -22.5000 2337.1721   22.7906
   -7.5000  -15.0000  -22.5000 2298.0193   23.5825
    0.0000  -15.0000  -22.5000 2332.1138   23.4920
    7.5000  -15.0000  -22.5000 2301.4746   23.6066
   -7.5000   -7.5000  -22.5000 2242.7161   24.8130
    0.0000   -7.5000  -22.5000 2276.9312   24.7461
    7.5000   -7.5000  -22.5000 2247.2004   24.8843
   -7.5000    0.0000  -22.5000 2160.9905   26.5982
    0.0000    0.0000  -22.5000 2186.5469   26.5017
    7.5000    0.0000  -22.5000 2166.2986   26.6833
   -7.5000    7.5000  -22.5000 2056.2405   28.9693
    0.0000    7.5000  -22.5000 2081.2368   28.8775
    7.5000    7.5000  -22.5000 2053.4734   29.0660
   -7.5000   15.0000  -22.5000 1929.4169   32.3626
    0.0000   15.0000  -22.5000 1947.0411   32.2486
    7.5000   15.0000  -22.5000 1929.8416   32.3269
   -7.5000   22.5000  -22.5000 1802.4316   37.1220
    0.0000   22.5000  -22.5000 1829.2545   36.9520
    7.5000   22.5000  -22.5000 1803.5071   36.9208
   -7.5000   30.0000  -22.5000 1659.8920   43.4555
    0.0000   30.0000  -22.5000 1675.2827   43.2785
    7.5000   30.0000  -22.5000 1665.2970   43.4015
   -7.5000   37.5000  -22.5000 1524.1768   52.5300
    0.0000   37.5000  -22.5000 1535.9685   51.9543
    7.5000   37.5000  -22.5000 1518.3170   52.4112
   -7.5000  -52.5000  -15.0000 2446.9031   21.0989
    0.0000  -52.5000  -15.0000 2471.5413   20.9628
    7.5000  -52.5000  -15.0000 2446.4890   21.0030
   -7.5000  -45.0000  -15.0000 2461.5146   21.0017
    0.0000  -45.0000  -15.0000 2487.6057   20.8460
    7.5000  -45.0000  -15.0000 2462.3792   20.8865
   -7.5000  -37.5000  -15.0000 2467.0610   20.9547
    0.0000  -37.5000  -15.0000 2489.1833   20.8750
    7.5000  -37.5000  -15.0000 2468.4619   20.9426
   -7.5000  -30.0000  -15.0000 2456.5261   21.1620
    0.0000  -30.0000  -15.0000 2480.6765   21.0365
    7.5000  -30.0000  -15.0000 2458.3152   21.1501
   -7.5000  -22.5000  -15.0000 2442.1221   21.4847
    0.0000  -22.5000  -15.0000 2468.8467   21.3870
    7.5000  -22.5000  -15.0000 2436.4790   21.4715
   -7.5000  -15.0000  -15.0000 2400.1296   22.1765
    0.0000  -15.0000  -15.0000 2437.6853   22.1160
    7.5000  -15.0000  -15.0000 2405.2244   22.2556
   -7.5000   -7.5000  -15.0000 2346.3264   23.3103
    0.0000   -7.5000  -15.0000 2377.4849   23.2603
    7.5000   -7.5000  -15.0000 2353.3047   23.4255
   -7.5000    0.0000  -15.0000 2255.1357   24.9108
    0.0000    0.0000  -15.0000 2284.5471   24.8405
    7.5000    0.0000  -15.0000 2261.6531   25.0246
   -7.5000    7.5000  -15.0000 2139.6611   27.0553
    0.0000    7.5000  -15.0000 2171.8215   26.9285
    7.5000    7.5000  -15.0000 2145.3694   27.1158
   -7.5000   15.0000  -15.0000 2008.0355   29.9908
    0.0000   15.0000  -15.0000 2026.6583   29.8652
    7.5000   15.0000  -15.0000 2010.2971   29.9055
   -7.5000   22.5000  -15.0000 1872.1528   34.1845
    0.0000   22.5000  -15.0000 1901.9889   34.0620
    7.5000   22.5000  -15.0000 1879.6471   34.0638
   -7.5000   30.0000  -15.0000 1733.7444   39.9848
    0.0000   30.0000  -15.0000 1747.1782   39.9573
    7.5000   30.0000  -15.0000 1729.9966   40.0274
   -7.5000   37.5000  -15.0000 1586.4148   48.2227
    0.0000   37.5000  -15.0000 1600.5165   48.0408
    7.5000   37.5000  -15.0000 1581.4707   48.2570
   -7.5000  -52.5000   -7.5000 2514.8674   19.7547
    0.0000  -52.5000   -7.5000 2539.4680   19.5536
    7.5000  -52.5000   -7.5000 2521.2124   19.5816
   -7.5000  -45.0000   -7.5000 2551.3679   19.6760
    0.0000  -45.0000   -7.5000 2580.2261   19.4908
    7.5000  -45.0000   -7.5000 2561.7676   19.4707
   -7.5000  -37.5000   -7.5000 2558.5354   19.6488
    0.0000  -37.5000   -7.5000 2588.4370   19.5484
    7.5000  -37.5000   -7.5000 2566.3945   19.5561
   -7.5000  -30.0000   -7.5000 2559.3835   19.8289
    0.0000  -30.0000   -7.5000 2580.8101   19.7468
    7.5000  -30.0000   -7.5000 2555.0029   19.7883
   -7.5000  -22.5000   -7.5000 2544.4263   20.1668
    0.0000  -22.5000   -7.5000 2574.0859   20.1109
    7.5000  -22.5000   -7.5000 2538.5151   20.1612
   -7.5000  -15.0000   -7.5000 2505.7791   20.8684
    0.0000  -15.0000   -7.5000 2538.7368   20.8088
    7.5000  -15.0000   -7.5000 2501.2991   20.9417
   -7.5000   -7.5000   -7.5000 2439.1858   21.9714
    0.0000   -7.5000   -7.5000 2474.9866   21.8900
    7.5000   -7.5000   -7.5000 2442.6797   22.0421
   -7.5000    0.0000   -7.5000 2344.1692   23.4648
    0.0000    0.0000   -7.5000 2376.3774   23.3868
    7.5000    0.0000   -7.5000 2346.2708   23.5902
   -7.5000    7.5000   -7.5000 2224.1960   25.4156
    0.0000    7.5000   -7.5000 2251.9475   25.2649
    7.5000    7.5000   -7.5000 2231.3335   25.4346
   -7.5000   15.0000   -7.5000 2079.6050   28.0777
    0.0000   15.0000   -7.5000 2105.0540   27.9302
    7.5000   15.0000   -7.5000 2086.2722   27.9700
   -7.5000   22.5000   -7.5000 1938.6128   31.7433
    0.0000   22.5000   -7.5000 1962.9991   31.6896
    7.5000   22.5000   -7.5000 1938.6594   31.7018
   -7.5000   30.0000   -7.5000 1788.0044   37.0821
    0.0000   30.0000   -7.5000 1796.9180   37.0634
    7.5000   30.0000   -7.5000 1776.3330   37.0729
   -7.5000   37.5000   -7.5000 1631.8466   44.5880
    0.0000   37.5000   -7.5000 1648.7472   44.5525
    7.5000   37.5000   -7.5000 1627.9557   44.6267
   -7.5000  -52.5000    0.0000 2562.5642   18.7556
    0.0000  -52.5000    0.0000 2592.2893   18.4970
    7.5000  -52.5000    0.0000 2571.2310   18.6139
   -7.5000  -45.0000    0.0000 2609.9568   18.5624
    0.0000  -45.0000    0.0000 2641.0117   18.3544
    7.5000  -45.0000    0.0000 2620.0154   18.4321
   -7.5000  -37.5000    0.0000 2635.9250   18.5095
    0.0000  -37.5000    0.0000 2674.1882   18.3291
    7.5000  -37.5000    0.0000 2645.3374   18.3770
   -7.5000  -30.0000    0.0000 2643.3254   18.7192
    0.0000  -30.0000    0.0000 2673.6274   18.5837
    7.5000  -30.0000    0.0000 2642.6399   18.6136
   -7.5000  -22.5000    0.0000 2631.9282   19.1190
    0.0000  -22.5000    0.0000 2667.3950   18.9827
    7.5000  -22.5000    0.0000 2635.9817   19.0369
   -7.5000  -15.0000    0.0000 2589.9434   19.8362
    0.0000  -15.0000    0.0000 2630.5227   19.7085
    7.5000  -15.0000    0.0000 2591.9531   19.8100
   -7.5000   -7.5000    0.0000 2520.7900   20.8844
    0.0000   -7.5000    0.0000 2556.7363   20.7381
    7.5000   -7.5000    0.0000 2517.5471   20.8944
   -7.5000    0.0000    0.0000 2418.2776   22.2339
    0.0000    0.0000    0.0000 2444.6499   22.1200
    7.5000    0.0000    0.0000 2419.6230   22.3067
   -7.5000    7.5000    0.0000 2296.1035   24.0257
    0.0000    7.5000    0.0000 2318.9111   23.8590
    7.5000    7.5000    0.0000 2297.5266   24.0740
   -7.5000   15.0000    0.0000 2142.3108   26.6098
    0.0000   15.0000    0.0000 2166.8508   26.4283
    7.5000   15.0000    0.0000 2150.7021   26.5752
   -7.5000   22.5000    0.0000 1994.9553   30.1149
    0.0000   22.5000    0.0000 2016.7097   30.0100
    7.5000   22.5000    0.0000 1996.7960   30.0695
   -7.5000   30.0000    0.0000 1828.2849   35.0008
    0.0000   30.0000    0.0000 1849.3617   34.8552
    7.5000   30.0000    0.0000 1828.6106   34.9496
   -7.5000   37.5000    0.0000 1667.9417   41.8644
    0.0000   37.5000    0.0000 1691.0164   41.5738
    7.5000   37.5000    0.0000 1668.9624   41.8354
   -7.5000  -52.5000    7.5000 2596.3696   18.0230
    0.0000  -52.5000    7.5000 2624.5024   17.8031
    7.5000  -52.5000    7.5000 2611.3057   17.8875
   -7.5000  -45.0000    7.5000 2649.0027   17.7540
    0.0000  -45.0000    7.5000 2681.3389   17.5824
    7.5000  -45.0000    7.5000 2665.2617   17.6817
   -7.5000  -37.5000    7.5000 2691.5979   17.6520
    0.0000  -37.5000    7.5000 2737.4792   17.4029
    7.5000  -37.5000    7.5000 2702.1003   17.5628
   -7.5000  -30.0000    7.5000 2715.3853   17.8609
    0.0000  -30.0000    7.5000 2751.6028   17.5929
    7.5000  -30.0000    7.5000 2717.2947   17.7838
   -7.5000  -22.5000    7.5000 2710.1060   18.3262
    0.0000  -22.5000    7.5000 2755.1863   18.1009
    7.5000  -22.5000    7.5000 2714.4172   18.2215
   -7.5000  -15.0000    7.5000 2665.8552   19.0588
    0.0000  -15.0000    7.5000 2709.7837   18.8502
    7.5000  -15.0000    7.5000 2667.3389   18.9746
   -7.5000   -7.5000    7.5000 2582.7393   20.0313
    0.0000   -7.5000    7.5000 2618.9824   19.8493
    7.5000   -7.5000    7.5000 2580.4900   20.0168
   -7.5000    0.0000    7.5000 2474.5869   21.2791
    0.0000    0.0000    7.5000 2505.1853   21.0926
    7.5000    0.0000    7.5000 2473.2878   21.3642
   -7.5000    7.5000    7.5000 2348.6179   22.9458
    0.0000    7.5000    7.5000 2376.9172   22.7905
    7.5000    7.5000    7.5000 2351.1365   23.0783
   -7.5000   15.0000    7.5000 2197.3313   25.4547
    0.0000   15.0000    7.5000 2227.6653   25.2791
    7.5000   15.0000    7.5000 2200.5442   25.4904
   -7.5000   22.5000    7.5000 2040.0135   28.8402
    0.0000   22.5000    7.5000 2064.9482   28.6996
    7.5000   22.5000    7.5000 2042.5752   28.8191
   -7.5000   30.0000    7.5000 1867.5308   33.3875
    0.0000   30.0000    7.5000 1890.2715   33.3297
    7.5000   30.0000    7.5000 1865.8190   33.4205
   -7.5000   37.5000    7.5000 1700.0232   39.6558
    0.0000   37.5000    7.5000 1725.9198   39.2842
    7.5000   37.5000    7.5000 1696.4670   39.7592
   -7.5000  -52.5000   15.0000 2600.8994   17.5409
    0.0000  -52.5000   15.0000 2631.1482   17.3087
    7.5000  -52.5000   15.0000 2617.8333   17.4721
   -7.5000  -45.0000   15.0000 2664.1367   17.3274
    0.0000  -45.0000   15.0000 2698.3411   17.1126
    7.5000  -45.0000   15.0000 2684.2542   17.2140
   -7.5000  -37.5000   15.0000 2724.7231   17.2175
    0.0000  -37.5000   15.0000 2775.0916   16.9680
    7.5000  -37.5000   15.0000 2742.6743   17.1405
   -7.5000  -30.0000   15.0000 2766.7471   17.3812
    0.0000  -30.0000   15.0000 2818.5837   17.0592
    7.5000  -30.0000   15.0000 2771.6309   17.3113
   -7.5000  -22.5000   15.0000 2765.0715   17.8809
    0.0000  -22.5000   15.0000 2811.6838   17.5670
    7.5000  -22.5000   15.0000 2764.4941   17.8157
   -7.5000  -15.0000   15.0000 2710.7732   18.5379
    0.0000  -15.0000   15.0000 2752.5164   18.2634
    7.5000  -15.0000   15.0000 2709.7803   18.5163
   -7.5000   -7.5000   15.0000 2621.0593   19.4638
    0.0000   -7.5000   15.0000 2659.3677   19.2044
    7.5000   -7.5000   15.0000 2616.3162   19.4788
   -7.5000    0.0000   15.0000 2507.7566   20.6152
    0.0000    0.0000   15.0000 2543.3372   20.4389
    7.5000    0.0000   15.0000 2503.7000   20.7190
   -7.5000    7.5000   15.0000 2375.8940   22.2727
    0.0000    7.5000   15.0000 2405.6130   22.1105
    7.5000    7.5000   15.0000 2377.9421   22.3616
   -7.5000   15.0000   15.0000 2233.5781   24.7115
    0.0000   15.0000   15.0000 2259.1292   24.5451
    7.5000   15.0000   15.0000 2231.0596   24.7309
   -7.5000   22.5000   15.0000 2068.4299   27.9714
    0.0000   22.5000   15.0000 2087.3120   27.8871
    7.5000   22.5000   15.0000 2064.7896   27.9566
   -7.5000   30.0000   15.0000 1893.3127   32.2850
    0.0000   30.0000   15.0000 1913.6105   32.1856
    7.5000   30.0000   15.0000 1892.4399   32.3017
   -7.5000   37.5000   15.0000 1718.3037   37.9554
    0.0000   37.5000   15.0000 1742.1849   37.5768
    7.5000   37.5000   15.0000 1715.2671   37.9678
   -7.5000  -52.5000   22.5000 2583.2417   17.2570
    0.0000  -52.5000   22.5000 2616.4653   17.0148
    7.5000  -52.5000   22.5000 2601.2856   17.2304
   -7.5000  -45.0000   22.5000 2661.8113   17.1432
    0.0000  -45.0000   22.5000 2693.1165   16.8884
    7.5000  -45.0000   22.5000 2678.4268   17.0822
   -7.5000  -37.5000   22.5000 2734.7222   17.3063
    0.0000  -37.5000   22.5000 2786.1147   17.1162
    7.5000  -37.5000   22.5000 2752.8625   17.1812
   -7.5000  -30.0000   22.5000 2787.6992   17.4681
    0.0000  -30.0000   22.5000 2857.3738   17.1990
    7.5000  -30.0000   22.5000 2791.1040   17.3985
   -7.5000  -22.5000   22.5000 2789.6851   17.7327
    0.0000  -22.5000   22.5000 2852.9053   17.5090
    7.5000  -22.5000   22.5000 2787.9204   17.7332
   -7.5000  -15.0000   22.5000 2729.5967   18.2549
    0.0000  -15.0000   22.5000 2769.7141   18.0704
    7.5000  -15.0000   22.5000 2721.0981   18.3535
   -7.5000   -7.5000   22.5000 2641.3176   19.0981
    0.0000   -7.5000   22.5000 2669.6328   18.9573
    7.5000   -7.5000   22.5000 2627.4429   19.1935
   -7.5000    0.0000   22.5000 2512.2847   20.3090
    0.0000    0.0000   22.5000 2541.9497   20.1714
    7.5000    0.0000   22.5000 2510.7222   20.3652
   -7.5000    7.5000   22.5000 2377.3372   21.9679
    0.0000    7.5000   22.5000 2404.0142   21.8336
    7.5000    7.5000   22.5000 2378.4448   21.9851
   -7.5000   15.0000   22.5000 2236.8689   24.2148
    0.0000   15.0000   22.5000 2261.2151   24.1224
    7.5000   15.0000   22.5000 2235.7366   24.2799
   -7.5000   22.5000   22.5000 2077.3518   27.4379
    0.0000   22.5000   22.5000 2098.6724   27.3959
    7.5000   22.5000   22.5000 2075.9026   27.4239
   -7.5000   30.0000   22.5000 1898.5842   31.5534
    0.0000   30.0000   22.5000 1925.3319   31.6679
    7.5000   30.0000   22.5000 1898.9227   31.6100
   -7.5000   37.5000   22.5000 1732.6246   37.1850
    0.0000   37.5000   22.5000 1752.4531   37.1146
    7.5000   37.5000   22.5000 1729.8882   37.3055
   -7.5000  -52.5000   30.0000 2549.5110   17.4012
    0.0000  -52.5000   30.0000 2576.5896   17.1379
    7.5000  -52.5000   30.0000 2563.5381   17.3886
   -7.5000  -45.0000   30.0000 2627.9302   17.3277
    0.0000  -45.0000   30.0000 2663.0291   17.1123
    7.5000  -45.0000   30.0000 2641.8196   17.2775
   -7.5000  -37.5000   30.0000 2709.7390   17.5539
    0.0000  -37.5000   30.0000 2768.7727   17.4964
    7.5000  -37.5000   30.0000 2721.3188   17.5097
   -7.5000  -30.0000   30.0000 2770.0161   17.8341
    0.0000  -30.0000   30.0000 2844.1870   17.7013
    7.5000  -30.0000   30.0000 2773.8171   17.8337
   -7.5000  -22.5000   30.0000 2772.9343   18.0431
    0.0000  -22.5000   30.0000 2835.4165   17.8703
    7.5000  -22.5000   30.0000 2772.6794   18.1090
   -7.5000  -15.0000   30.0000 2712.2588   18.4218
    0.0000  -15.0000   30.0000 2754.2563   18.3139
    7.5000  -15.0000   30.0000 2711.2905   18.4925
   -7.5000   -7.5000   30.0000 2630.1541   19.1414
    0.0000   -7.5000   30.0000 2656.0942   18.9946
    7.5000   -7.5000   30.0000 2616.2871   19.1832
   -7.5000    0.0000   30.0000 2495.2861   20.3940
    0.0000    0.0000   30.0000 2519.0706   20.2294
    7.5000    0.0000   30.0000 2492.5186   20.4258
   -7.5000    7.5000   30.0000 2359.7625   22.0518
    0.0000    7.5000   30.0000 2377.9353   21.8747
    7.5000    7.5000   30.0000 2361.8958   22.0564
   -7.5000   15.0000   30.0000 2220.5454   24.3063
    0.0000   15.0000   30.0000 2232.3445   24.1602
    7.5000   15.0000   30.0000 2221.9802   24.2947
   -7.5000   22.5000   30.0000 2068.9248   27.4041
    0.0000   22.5000   30.0000 2085.8831   27.3275
    7.5000   22.5000   30.0000 2061.3875   27.4624
   -7.5000   30.0000   30.0000 1889.4595   31.4496
    0.0000   30.0000   30.0000 1913.3857   31.4905
    7.5000   30.0000   30.0000 1887.8307   31.5226
   -7.5000   37.5000   30.0000 1724.9010   36.9121
    0.0000   37.5000   30.0000 1745.4127   36.8578
    7.5000   37.5000   30.0000 1719.6162   37.1703
   -7.5000  -52.5000   37.5000 2505.7329   18.1000
    0.0000  -52.5000   37.5000 2534.9858   17.8557
    7.5000  -52.5000   37.5000 2514.4736   18.1425
   -7.5000  -45.0000   37.5000 2580.8328   17.9657
    0.0000  -45.0000   37.5000 2616.3181   17.7380
    7.5000  -45.0000   37.5000 2589.8679   17.9014
   -7.5000  -37.5000   37.5000 2666.3455   18.1272
    0.0000  -37.5000   37.5000 2718.6785   17.9346
    7.5000  -37.5000   37.5000 2672.4438   18.0804
   -7.5000  -30.0000   37.5000 2726.8083   18.3797
    0.0000  -30.0000   37.5000 2781.8701   18.0202
    7.5000  -30.0000   37.5000 2728.3835   18.3772
   -7.5000  -22.5000   37.5000 2721.9155   18.7025
    0.0000  -22.5000   37.5000 2772.5752   18.3761
    7.5000  -22.5000   37.5000 2728.5608   18.6641
   -7.5000  -15.0000   37.5000 2662.5583   19.0980
    0.0000  -15.0000   37.5000 2703.9229   18.7786
    7.5000  -15.0000   37.5000 2669.1826   19.0515
   -7.5000   -7.5000   37.5000 2574.0374   19.8219
    0.0000   -7.5000   37.5000 2600.5391   19.5735
    7.5000   -7.5000   37.5000 2570.4062   19.8251
   -7.5000    0.0000   37.5000 2456.4856   20.9807
    0.0000    0.0000   37.5000 2479.1550   20.7730
    7.5000    0.0000   37.5000 2448.3225   21.0161
   -7.5000    7.5000   37.5000 2322.5688   22.6601
    0.0000    7.5000   37.5000 2338.3865   22.4426
    7.5000    7.5000   37.5000 2322.6287   22.6676
   -7.5000   15.0000   37.5000 2184.5522   24.7980
    0.0000   15.0000   37.5000 2199.2163   24.6209
    7.5000   15.0000   37.5000 2185.2803   24.7609
   -7.5000   22.5000   37.5000 2032.5780   27.7547
    0.0000   22.5000   37.5000 2053.0601   27.6268
    7.5000   22.5000   37.5000 2033.6505   27.6651
   -7.5000   30.0000   37.5000 1863.7271   31.6813
    0.0000   30.0000   37.5000 1886.1416   31.5781
    7.5000   30.0000   37.5000 1866.3384   31.6812
   -7.5000   37.5000   37.5000 1706.5143   37.1940
    0.0000   37.5000   37.5000 1723.0513   36.9485
    7.5000   37.5000   37.5000 1709.2185   37.2804
   -7.5000  -52.5000   45.0000 2447.7417   19.0855
    0.0000  -52.5000   45.0000 2477.3125   18.7656
    7.5000  -52.5000   45.0000 2454.6384   19.0560
   -7.5000  -45.0000   45.0000 2518.8164   18.7857
    0.0000  -45.0000   45.0000 2547.4875   18.4771
    7.5000  -45.0000   45.0000 2527.6436   18.6834
   -7.5000  -37.5000   45.0000 2600.6201   18.8826
    0.0000  -37.5000   45.0000 2638.3755   18.5192
    7.5000  -37.5000   45.0000 2606.3020   18.8518
   -7.5000  -30.0000   45.0000 2645.4602   19.0677
    0.0000  -30.0000   45.0000 2686.7874   18.6788
    7.5000  -30.0000   45.0000 2650.1443   19.0338
   -7.5000  -22.5000   45.0000 2641.6025   19.4793
    0.0000  -22.5000   45.0000 2685.1245   19.1403
    7.5000  -22.5000   45.0000 2645.8962   19.4269
   -7.5000  -15.0000   45.0000 2580.9868   19.9680
    0.0000  -15.0000   45.0000 2618.5872   19.6235
    7.5000  -15.0000   45.0000 2589.2927   19.8849
   -7.5000   -7.5000   45.0000 2492.5557   20.7524
    0.0000   -7.5000   45.0000 2523.2068   20.4626
    7.5000   -7.5000   45.0000 2499.8472   20.7283
   -7.5000    0.0000   45.0000 2388.6843   21.8795
    0.0000    0.0000   45.0000 2416.5269   21.6572
    7.5000    0.0000   45.0000 2384.5100   21.9279
   -7.5000    7.5000   45.0000 2269.5327   23.5161
    0.0000    7.5000   45.0000 2293.6028   23.2990
    7.5000    7.5000   45.0000 2266.9385   23.5078
   -7.5000   15.0000   45.0000 2133.2209   25.6341
    0.0000   15.0000   45.0000 2154.0020   25.4870
    7.5000   15.0000   45.0000 2133.1694   25.6363
   -7.5000   22.5000   45.0000 1981.5101   28.4664
    0.0000   22.5000   45.0000 2006.1111   28.3414
    7.5000   22.5000   45.0000 1987.2292   28.4424
   -7.5000   30.0000   45.0000 1820.5088   32.2919
    0.0000   30.0000   45.0000 1839.9346   32.1892
    7.5000   30.0000   45.0000 1823.5326   32.3212
   -7.5000   37.5000   45.0000 1679.8500   37.5512
    0.0000   37.5000   45.0000 1697.8065   37.2908
    7.5000   37.5000   45.0000 1678.5018   37.7517

---------------------------------------------------------------------
imgreg_4dfp /opt/freesurfer/average/711-2C_as_mni_average_305 /opt/freesurfer/average/711-2B_as_mni_average_305_mask talsrcimg_g11 none talsrcimg_to_711-2C_as_mni_average_305_t4 1283
---------------------------------------------------------------------

freesurfer imgreg_4dfp.c
/opt/freesurfer/average/711-2C_as_mni_average_305.4dfp.img
       256       256       256         1
  1.000000  1.000000  1.000000
orientation T byte_order littleendian
Reading image: /opt/freesurfer/average/711-2C_as_mni_average_305.4dfp.img
dimensions:      256       256       256
mmppix:       1.0000   -1.0000   -1.0000
center:     128.0000 -129.0000 -129.0000
/opt/freesurfer/average/711-2B_as_mni_average_305_mask.4dfp.img
       256       256       256         1
  1.000000  1.000000  1.000000
orientation T byte_order littleendian
Reading mask: /opt/freesurfer/average/711-2B_as_mni_average_305_mask.4dfp.img (2306576 pixels)
talsrcimg_g11.4dfp.img
       256       256       256         1
  1.000000  1.000000  1.000000
orientation T byte_order littleendian
Reading image: talsrcimg_g11.4dfp.img
dimensions:      256       256       256
mmppix:       1.0000   -1.0000   -1.0000
center:     128.0000 -129.0000 -129.0000
rotation matrix determinant  1.000000
fimgreg.f
image alignment mode   1283 decimal      503 hex
parameters
    0.0000  -30.0000   22.5000    0.0000    0.0000    0.0000
eta,q 0.89576 17.23424
niter,ni,del,rscale     5    3   12.0000    1.2000
parameter  2 -0.550110 -> -0.500000 qaram    1.1500
parameter  3 -0.530088 -> -0.500000 qaram    1.1500
parameter  4 17.526396 ->  0.500000 qaram    1.1500
parameters
    0.4019  -26.5500   25.9500   -3.4500    0.0620   -0.0333
eta,q 0.90673 17.41040
  0.1250  0.1206  0.1090  0.0904  0.1016  0.0944
  0.1180  0.1145  0.1071  0.0926  0.0957  0.0928
  0.1111  0.1085  0.1041  0.0956  0.0930  0.0930
  0.1052  0.1042  0.1010  0.1005  0.0933  0.0933
  0.1055  0.1023  0.1001  0.1048  0.0941  0.0934
  0.1131  0.1016  0.1002  0.1083  0.0962  0.0935
  0.1226  0.1041  0.1017  0.1109  0.1004  0.0938
niter,ni,del,rscale     7    3   12.0000    1.2000
parameter  4  1.137403 ->  0.500000 qaram    1.3225
parameters
    0.4325  -25.9037   24.8374   -7.4175   -0.1902    1.3178
eta,q 0.91137 17.18743
  0.1089  0.1102  0.1024  0.0879  0.0971  0.0925
  0.1000  0.1008  0.0976  0.0879  0.0917  0.0891
  0.0943  0.0944  0.0941  0.0896  0.0889  0.0879
  0.0933  0.0933  0.0938  0.0937  0.0883  0.0883
  0.0946  0.0955  0.0968  0.0979  0.0901  0.0885
  0.0996  0.0982  0.1036  0.1036  0.0939  0.0881
  0.1085  0.1037  0.1095  0.1085  0.0976  0.0891
niter,ni,del,rscale     7    3   12.0000    1.2000
parameter  4  0.584578 ->  0.500000 qaram    1.5209
parameters
    0.3357  -23.6771   23.8832  -11.9801   -0.0076    0.5857
eta,q 0.91734 16.93687
  0.1062  0.1099  0.0974  0.0861  0.0924  0.0834
  0.0965  0.1017  0.0928  0.0832  0.0872  0.0820
  0.0900  0.0950  0.0881  0.0818  0.0831  0.0825
  0.0886  0.0886  0.0865  0.0867  0.0823  0.0824
  0.0915  0.0865  0.0903  0.0935  0.0829  0.0815
  0.0975  0.0888  0.0981  0.0986  0.0863  0.0822
  0.1068  0.0947  0.1055  0.1057  0.0913  0.0855
niter,ni,del,rscale     7    3   12.0000    1.2000
parameter  6  1.186139 ->  0.500000 qaram    1.1500
parameters
    0.1637  -21.5721   22.5619  -15.3572    0.7628   -2.8643
eta,q 0.92003 16.61092
  0.0995  0.1017  0.0932  0.0849  0.0918  0.0811
  0.0912  0.0953  0.0879  0.0838  0.0876  0.0798
  0.0855  0.0881  0.0827  0.0827  0.0837  0.0808
  0.0827  0.0827  0.0825  0.0821  0.0827  0.0826
  0.0848  0.0826  0.0879  0.0856  0.0823  0.0833
  0.0922  0.0840  0.0966  0.0941  0.0841  0.0833
  0.1022  0.0888  0.1041  0.1020  0.0884  0.0853
niter,ni,del,rscale     7    3   12.0000    1.2000
parameters
   -0.0817  -20.6382   21.5435  -17.1694    1.4509   -1.5975
eta,q 0.91954 16.65547
  0.0992  0.0941  0.0908  0.0868  0.0923  0.0916
  0.0899  0.0892  0.0874  0.0821  0.0868  0.0856
  0.0825  0.0823  0.0816  0.0804  0.0818  0.0808
  0.0800  0.0799  0.0796  0.0798  0.0797  0.0797
  0.0835  0.0799  0.0828  0.0822  0.0803  0.0814
  0.0917  0.0830  0.0915  0.0878  0.0829  0.0832
  0.1029  0.0891  0.1035  0.0976  0.0881  0.0840
niter,ni,del,rscale     6    3   12.0000    1.2000
parameters
   -0.4562  -20.5475   21.4896  -17.2701    1.8051   -1.0784
eta,q 0.91905 16.67907
  0.0972  0.0923  0.0926  0.0909  0.0903  0.0882
  0.0880  0.0879  0.0884  0.0838  0.0852  0.0829
  0.0825  0.0834  0.0841  0.0816  0.0816  0.0798
  0.0805  0.0805  0.0804  0.0805  0.0805  0.0805
  0.0834  0.0813  0.0796  0.0813  0.0809  0.0822
  0.0913  0.0857  0.0856  0.0837  0.0835  0.0834
  0.1020  0.0935  0.0967  0.0918  0.0884  0.0843
niter,ni,del,rscale     5    3   12.0000    1.2000
parameters
   -0.5934  -20.4900   21.4455  -17.3041    1.9781   -0.9433
eta,q 0.91886 16.68380
  0.0980  0.0922  0.0923  0.0911  0.0895  0.0871
  0.0886  0.0880  0.0884  0.0840  0.0845  0.0820
  0.0834  0.0837  0.0842  0.0818  0.0818  0.0798
  0.0809  0.0810  0.0810  0.0810  0.0810  0.0810
  0.0829  0.0818  0.0801  0.0816  0.0812  0.0824
  0.0897  0.0858  0.0855  0.0837  0.0839  0.0834
  0.1000  0.0938  0.0961  0.0916  0.0887  0.0847
niter,ni,del,rscale     4    3   12.0000    1.2000
parameters
   -0.6447  -20.4671   21.4294  -17.3227    2.0307   -0.9122
eta,q 0.91881 16.68351
  0.0983  0.0922  0.0922  0.0911  0.0891  0.0868
  0.0889  0.0881  0.0884  0.0841  0.0843  0.0818
  0.0838  0.0838  0.0843  0.0819  0.0819  0.0799
  0.0811  0.0812  0.0812  0.0812  0.0812  0.0812
  0.0827  0.0819  0.0803  0.0816  0.0813  0.0824
  0.0892  0.0859  0.0854  0.0838  0.0841  0.0833
  0.0994  0.0940  0.0958  0.0916  0.0890  0.0848
registration optimization eta report
parameter search radius
    6.0000    6.9000    6.9000    9.1253    6.0000    6.9000
100000*second partial in parameter space
       49.       25.       27.       13.       23.       10.
  0.0983  0.0922  0.0922  0.0911  0.0891  0.0868
  0.0889  0.0881  0.0884  0.0841  0.0843  0.0818
  0.0838  0.0838  0.0843  0.0819  0.0819  0.0799
  0.0811  0.0812  0.0812  0.0812  0.0812  0.0812
  0.0827  0.0819  0.0803  0.0816  0.0813  0.0824
  0.0892  0.0859  0.0854  0.0838  0.0841  0.0833
  0.0994  0.0940  0.0958  0.0916  0.0890  0.0848
   -0.6447  -20.4671   21.4294  -17.3227    2.0307   -0.9122
eta,q 0.91881 16.68351

---------------------------------------------------------------------
imgreg_4dfp /opt/freesurfer/average/711-2C_as_mni_average_305 /opt/freesurfer/average/711-2B_as_mni_average_305_mask talsrcimg_g11 none talsrcimg_to_711-2C_as_mni_average_305_t4 3335
---------------------------------------------------------------------

freesurfer imgreg_4dfp.c
/opt/freesurfer/average/711-2C_as_mni_average_305.4dfp.img
       256       256       256         1
  1.000000  1.000000  1.000000
orientation T byte_order littleendian
Reading image: /opt/freesurfer/average/711-2C_as_mni_average_305.4dfp.img
dimensions:      256       256       256
mmppix:       1.0000   -1.0000   -1.0000
center:     128.0000 -129.0000 -129.0000
/opt/freesurfer/average/711-2B_as_mni_average_305_mask.4dfp.img
       256       256       256         1
  1.000000  1.000000  1.000000
orientation T byte_order littleendian
Reading mask: /opt/freesurfer/average/711-2B_as_mni_average_305_mask.4dfp.img (2306576 pixels)
talsrcimg_g11.4dfp.img
       256       256       256         1
  1.000000  1.000000  1.000000
orientation T byte_order littleendian
Reading image: talsrcimg_g11.4dfp.img
dimensions:      256       256       256
mmppix:       1.0000   -1.0000   -1.0000
center:     128.0000 -129.0000 -129.0000
fimgreg.f
image alignment mode   3335 decimal      D07 hex
parameters
   -0.6447  -20.4671   21.4294   -0.0755   -4.5646   -4.5957
    2.5748   -2.9083   -1.5911   29.8254    3.5435  -29.7566
eta,q 0.92333 16.73950
niter,ni,del,rscale     5    3    5.0000    1.2000
parameter  4  1.280433 ->  0.500000 qaram    1.1500
parameter  5  5.698745 ->  0.500000 qaram    1.1500
parameter  6  0.988961 ->  0.500000 qaram    1.1500
parameter 10  1.268647 ->  0.500000 qaram    1.1500
parameter 12 -1.155941 -> -0.500000 qaram    1.1500
parameters
   -0.8439  -20.0345   21.2980   -4.2155   -8.7046   -8.7357
    1.6863   -2.3632   -0.4749   25.6854    1.4137  -25.6166
eta,q 0.94318 16.39026
  0.0799  0.0798  0.0786  0.0716  0.0601  0.0605  0.0641  0.0675  0.0652  0.0578  0.0593  0.0633
  0.0779  0.0783  0.0774  0.0721  0.0642  0.0614  0.0626  0.0645  0.0634  0.0583  0.0586  0.0614
  0.0768  0.0772  0.0767  0.0737  0.0683  0.0627  0.0618  0.0625  0.0622  0.0596  0.0584  0.0597
  0.0767  0.0766  0.0765  0.0765  0.0725  0.0654  0.0617  0.0616  0.0616  0.0615  0.0585  0.0584
  0.0774  0.0766  0.0769  0.0802  0.0771  0.0695  0.0623  0.0619  0.0616  0.0638  0.0591  0.0573
  0.0789  0.0772  0.0778  0.0842  0.0822  0.0745  0.0637  0.0634  0.0622  0.0666  0.0600  0.0567
  0.0810  0.0782  0.0792  0.0882  0.0873  0.0806  0.0656  0.0660  0.0635  0.0699  0.0612  0.0565
niter,ni,del,rscale     7    3    5.0000    1.2000
parameter  5  2.253758 ->  0.500000 qaram    1.3225
parameter  6  0.747010 ->  0.500000 qaram    1.3225
parameter 10  0.537403 ->  0.500000 qaram    1.3225
parameters
   -0.7090  -20.0358   21.4854   -7.2117  -13.4656  -13.4967
    1.6669   -1.8886   -0.0692   20.9244    0.6369  -23.7631
eta,q 0.95447 15.47060
  0.0621  0.0600  0.0597  0.0580  0.0468  0.0472  0.0511  0.0531  0.0511  0.0473  0.0471  0.0497
  0.0592  0.0582  0.0582  0.0569  0.0489  0.0471  0.0490  0.0503  0.0491  0.0458  0.0462  0.0477
  0.0575  0.0571  0.0573  0.0564  0.0522  0.0481  0.0478  0.0482  0.0479  0.0458  0.0457  0.0463
  0.0568  0.0568  0.0568  0.0568  0.0564  0.0497  0.0473  0.0473  0.0473  0.0473  0.0456  0.0456
  0.0572  0.0572  0.0570  0.0584  0.0610  0.0519  0.0477  0.0477  0.0475  0.0500  0.0460  0.0456
  0.0586  0.0583  0.0577  0.0614  0.0659  0.0554  0.0491  0.0492  0.0486  0.0534  0.0468  0.0461
  0.0610  0.0600  0.0589  0.0656  0.0714  0.0607  0.0511  0.0519  0.0504  0.0571  0.0478  0.0471
niter,ni,del,rscale     7    3    5.0000    1.2000
parameter  5  0.890779 ->  0.500000 qaram    1.5209
parameters
   -0.5401  -20.4018   21.5265   -7.4135  -18.9408  -15.3631
    1.5562   -2.0605   -0.0759   20.7924    0.0641  -24.4681
eta,q 0.95841 14.85010
  0.0511  0.0486  0.0483  0.0490  0.0415  0.0460  0.0451  0.0472  0.0449  0.0488  0.0432  0.0437
  0.0482  0.0466  0.0467  0.0472  0.0419  0.0432  0.0432  0.0443  0.0433  0.0447  0.0423  0.0425
  0.0463  0.0455  0.0457  0.0460  0.0429  0.0418  0.0421  0.0422  0.0421  0.0423  0.0417  0.0417
  0.0455  0.0455  0.0454  0.0454  0.0454  0.0421  0.0417  0.0417  0.0417  0.0417  0.0417  0.0416
  0.0458  0.0465  0.0457  0.0457  0.0493  0.0440  0.0421  0.0426  0.0420  0.0427  0.0421  0.0422
  0.0472  0.0485  0.0466  0.0471  0.0543  0.0467  0.0434  0.0446  0.0432  0.0453  0.0427  0.0431
  0.0498  0.0512  0.0480  0.0498  0.0598  0.0501  0.0453  0.0477  0.0450  0.0489  0.0437  0.0444
niter,ni,del,rscale     7    3    5.0000    1.2000
parameters
   -0.4675  -20.2047   21.4330   -7.1074  -22.7303  -15.6330
    1.4980   -2.0132   -0.0289   21.0565   -0.1852  -24.4851
eta,q 0.95906 14.48124
  0.0467  0.0466  0.0441  0.0452  0.0432  0.0470  0.0442  0.0466  0.0442  0.0486  0.0426  0.0433
  0.0440  0.0440  0.0427  0.0434  0.0414  0.0438  0.0424  0.0437  0.0424  0.0443  0.0417  0.0419
  0.0423  0.0423  0.0418  0.0422  0.0409  0.0416  0.0413  0.0416  0.0413  0.0416  0.0411  0.0411
  0.0416  0.0416  0.0415  0.0415  0.0415  0.0409  0.0409  0.0409  0.0409  0.0409  0.0409  0.0409
  0.0420  0.0419  0.0419  0.0417  0.0433  0.0420  0.0413  0.0416  0.0413  0.0420  0.0413  0.0413
  0.0435  0.0431  0.0430  0.0428  0.0470  0.0446  0.0425  0.0435  0.0424  0.0442  0.0419  0.0421
  0.0462  0.0451  0.0445  0.0450  0.0523  0.0474  0.0443  0.0465  0.0441  0.0473  0.0428  0.0431
niter,ni,del,rscale     6    3    5.0000    1.2000
parameters
   -0.4363  -19.9374   21.4321   -7.4982  -23.1504  -15.7751
    1.4277   -1.9590   -0.0271   21.3291   -0.2834  -24.5063
eta,q 0.95910 14.40983
  0.0457  0.0458  0.0434  0.0438  0.0459  0.0471  0.0442  0.0465  0.0440  0.0484  0.0426  0.0432
  0.0431  0.0433  0.0421  0.0423  0.0430  0.0439  0.0424  0.0436  0.0423  0.0442  0.0417  0.0419
  0.0415  0.0417  0.0412  0.0413  0.0413  0.0416  0.0413  0.0415  0.0413  0.0415  0.0411  0.0411
  0.0409  0.0409  0.0409  0.0409  0.0409  0.0409  0.0409  0.0409  0.0409  0.0409  0.0409  0.0409
  0.0414  0.0411  0.0412  0.0413  0.0415  0.0419  0.0413  0.0416  0.0413  0.0420  0.0412  0.0413
  0.0429  0.0422  0.0421  0.0425  0.0433  0.0444  0.0425  0.0434  0.0423  0.0442  0.0418  0.0421
  0.0455  0.0440  0.0435  0.0447  0.0469  0.0472  0.0443  0.0464  0.0440  0.0471  0.0426  0.0430
niter,ni,del,rscale     5    3    5.0000    1.2000
parameters
   -0.4153  -19.8630   21.3826   -7.5471  -23.2377  -15.8606
    1.3973   -1.9297    0.0112   21.4391   -0.3540  -24.5281
eta,q 0.95909 14.39551
  0.0455  0.0451  0.0433  0.0440  0.0461  0.0471  0.0442  0.0465  0.0440  0.0481  0.0426  0.0432
  0.0430  0.0428  0.0420  0.0424  0.0432  0.0440  0.0424  0.0436  0.0424  0.0440  0.0417  0.0418
  0.0415  0.0414  0.0412  0.0414  0.0414  0.0416  0.0413  0.0415  0.0413  0.0415  0.0411  0.0411
  0.0409  0.0409  0.0409  0.0409  0.0409  0.0409  0.0409  0.0409  0.0409  0.0409  0.0409  0.0409
  0.0413  0.0413  0.0412  0.0412  0.0415  0.0419  0.0413  0.0416  0.0413  0.0421  0.0412  0.0413
  0.0429  0.0426  0.0421  0.0423  0.0431  0.0443  0.0425  0.0435  0.0423  0.0443  0.0418  0.0421
  0.0454  0.0445  0.0435  0.0443  0.0464  0.0471  0.0443  0.0464  0.0440  0.0472  0.0426  0.0430
niter,ni,del,rscale     4    3    5.0000    1.2000
parameters
   -0.4055  -19.8311   21.3511   -7.5571  -23.2740  -15.9138
    1.3826   -1.9145    0.0404   21.4916   -0.3922  -24.5403
eta,q 0.95908 14.38921
  0.0455  0.0449  0.0433  0.0440  0.0461  0.0471  0.0442  0.0465  0.0440  0.0480  0.0426  0.0432
  0.0430  0.0427  0.0421  0.0424  0.0433  0.0440  0.0424  0.0436  0.0424  0.0439  0.0417  0.0418
  0.0415  0.0414  0.0412  0.0414  0.0414  0.0417  0.0413  0.0415  0.0413  0.0414  0.0411  0.0411
  0.0409  0.0409  0.0409  0.0409  0.0409  0.0409  0.0409  0.0409  0.0409  0.0409  0.0409  0.0409
  0.0413  0.0414  0.0412  0.0412  0.0415  0.0419  0.0413  0.0416  0.0413  0.0421  0.0412  0.0413
  0.0429  0.0426  0.0421  0.0423  0.0430  0.0443  0.0425  0.0435  0.0423  0.0443  0.0417  0.0420
  0.0455  0.0446  0.0435  0.0443  0.0463  0.0471  0.0442  0.0464  0.0440  0.0473  0.0426  0.0430
niter,ni,del,rscale     3    3    5.0000    1.2000
parameters
   -0.4009  -19.8137   21.3305   -7.5588  -23.2944  -15.9448
    1.3718   -1.9072    0.0578   21.5213   -0.4078  -24.5481
eta,q 0.95908 14.38588
  0.0454  0.0449  0.0433  0.0440  0.0461  0.0471  0.0442  0.0464  0.0440  0.0479  0.0426  0.0432
  0.0430  0.0427  0.0421  0.0425  0.0433  0.0440  0.0424  0.0436  0.0424  0.0439  0.0417  0.0418
  0.0415  0.0413  0.0412  0.0414  0.0414  0.0417  0.0413  0.0415  0.0413  0.0414  0.0411  0.0411
  0.0409  0.0409  0.0409  0.0409  0.0409  0.0409  0.0409  0.0409  0.0409  0.0409  0.0409  0.0409
  0.0414  0.0414  0.0412  0.0412  0.0415  0.0419  0.0413  0.0416  0.0413  0.0421  0.0412  0.0413
  0.0429  0.0427  0.0421  0.0423  0.0430  0.0443  0.0425  0.0435  0.0424  0.0443  0.0417  0.0420
  0.0455  0.0447  0.0435  0.0443  0.0463  0.0471  0.0442  0.0464  0.0440  0.0473  0.0426  0.0430
registration optimization eta report
parameter search radius
    2.4000    2.4000    2.4000    8.2800   10.9503    9.5220
    7.2000    7.2000    7.2000    9.5220    7.2000    8.2800
100000*second partial in parameter space
       79.       67.       43.        5.        4.        7.
        6.       11.        6.        7.        3.        3.
  0.0454  0.0449  0.0433  0.0440  0.0461  0.0471  0.0442  0.0464  0.0440  0.0479  0.0426  0.0432
  0.0430  0.0427  0.0421  0.0425  0.0433  0.0440  0.0424  0.0436  0.0424  0.0439  0.0417  0.0418
  0.0415  0.0413  0.0412  0.0414  0.0414  0.0417  0.0413  0.0415  0.0413  0.0414  0.0411  0.0411
  0.0409  0.0409  0.0409  0.0409  0.0409  0.0409  0.0409  0.0409  0.0409  0.0409  0.0409  0.0409
  0.0414  0.0414  0.0412  0.0412  0.0415  0.0419  0.0413  0.0416  0.0413  0.0421  0.0412  0.0413
  0.0429  0.0427  0.0421  0.0423  0.0430  0.0443  0.0425  0.0435  0.0424  0.0443  0.0417  0.0420
  0.0455  0.0447  0.0435  0.0443  0.0463  0.0471  0.0442  0.0464  0.0440  0.0473  0.0426  0.0430
   -0.4009  -19.8137   21.3305   -7.5588  -23.2944  -15.9448
    1.3718   -1.9072    0.0578   21.5213   -0.4078  -24.5481
eta,q 0.95908 14.38588

---------------------------------------------------------------------
imgreg_4dfp /opt/freesurfer/average/711-2C_as_mni_average_305 /opt/freesurfer/average/711-2B_as_mni_average_305_mask talsrcimg_g11 none talsrcimg_to_711-2C_as_mni_average_305_t4 2311
---------------------------------------------------------------------

freesurfer imgreg_4dfp.c
/opt/freesurfer/average/711-2C_as_mni_average_305.4dfp.img
       256       256       256         1
  1.000000  1.000000  1.000000
orientation T byte_order littleendian
Reading image: /opt/freesurfer/average/711-2C_as_mni_average_305.4dfp.img
dimensions:      256       256       256
mmppix:       1.0000   -1.0000   -1.0000
center:     128.0000 -129.0000 -129.0000
/opt/freesurfer/average/711-2B_as_mni_average_305_mask.4dfp.img
       256       256       256         1
  1.000000  1.000000  1.000000
orientation T byte_order littleendian
Reading mask: /opt/freesurfer/average/711-2B_as_mni_average_305_mask.4dfp.img (2306576 pixels)
talsrcimg_g11.4dfp.img
       256       256       256         1
  1.000000  1.000000  1.000000
orientation T byte_order littleendian
Reading image: talsrcimg_g11.4dfp.img
dimensions:      256       256       256
mmppix:       1.0000   -1.0000   -1.0000
center:     128.0000 -129.0000 -129.0000
fimgreg.f
image alignment mode   2311 decimal      907 hex
parameters
   -0.4009  -19.8137   21.3305   -7.5588  -23.2944  -15.9448
    1.3718   -1.9072    0.0578   21.5213   -0.4078  -24.5481
eta,q 0.95908 14.38588
niter,ni,del,rscale     5    3    5.0000    0.8000
parameters
   -0.3767  -19.8231   21.3593   -7.2167  -23.2133  -16.0201
    1.3837   -1.8851    0.0956   20.9302   -0.5506  -24.7845
eta,q 0.95915 14.39841
  0.0430  0.0427  0.0421  0.0421  0.0419  0.0428  0.0424  0.0436  0.0424  0.0424  0.0416  0.0416
  0.0419  0.0417  0.0415  0.0416  0.0413  0.0417  0.0416  0.0421  0.0416  0.0414  0.0412  0.0412
  0.0412  0.0411  0.0411  0.0411  0.0410  0.0411  0.0411  0.0411  0.0411  0.0409  0.0409  0.0409
  0.0409  0.0409  0.0409  0.0409  0.0409  0.0409  0.0409  0.0409  0.0409  0.0409  0.0409  0.0409
  0.0411  0.0411  0.0410  0.0410  0.0411  0.0412  0.0411  0.0413  0.0411  0.0414  0.0410  0.0410
  0.0418  0.0417  0.0414  0.0413  0.0413  0.0418  0.0416  0.0421  0.0416  0.0421  0.0413  0.0413
  0.0429  0.0427  0.0420  0.0419  0.0418  0.0429  0.0425  0.0435  0.0423  0.0432  0.0417  0.0417
niter,ni,del,rscale     4    3    5.0000    0.7000
parameters
   -0.3756  -19.9016   21.3833   -7.1113  -23.0979  -15.9773
    1.4471   -1.9046    0.1267   20.8223   -0.5563  -24.8117
eta,q 0.95915 14.41728
  0.0424  0.0421  0.0418  0.0418  0.0417  0.0424  0.0420  0.0429  0.0420  0.0424  0.0415  0.0415
  0.0416  0.0414  0.0413  0.0413  0.0412  0.0416  0.0414  0.0417  0.0414  0.0414  0.0412  0.0411
  0.0410  0.0410  0.0410  0.0410  0.0409  0.0410  0.0410  0.0410  0.0410  0.0410  0.0409  0.0409
  0.0409  0.0409  0.0409  0.0408  0.0408  0.0409  0.0408  0.0408  0.0408  0.0408  0.0408  0.0408
  0.0410  0.0411  0.0409  0.0409  0.0410  0.0410  0.0410  0.0411  0.0410  0.0411  0.0409  0.0409
  0.0415  0.0416  0.0412  0.0412  0.0412  0.0415  0.0413  0.0418  0.0414  0.0416  0.0412  0.0412
  0.0424  0.0424  0.0417  0.0417  0.0415  0.0424  0.0420  0.0429  0.0420  0.0424  0.0415  0.0415
niter,ni,del,rscale     3    3    5.0000    0.6000
parameters
   -0.3804  -19.9275   21.4078   -7.0405  -23.1091  -15.9485
    1.4737   -1.9503    0.1365   20.7374   -0.5494  -24.8043
eta,q 0.95917 14.42052
  0.0420  0.0418  0.0415  0.0415  0.0414  0.0420  0.0417  0.0424  0.0417  0.0420  0.0414  0.0413
  0.0414  0.0413  0.0412  0.0412  0.0410  0.0414  0.0413  0.0415  0.0412  0.0413  0.0411  0.0411
  0.0410  0.0409  0.0409  0.0409  0.0409  0.0410  0.0410  0.0409  0.0409  0.0409  0.0409  0.0409
  0.0408  0.0408  0.0408  0.0408  0.0408  0.0408  0.0408  0.0408  0.0408  0.0408  0.0408  0.0408
  0.0410  0.0410  0.0409  0.0409  0.0409  0.0410  0.0409  0.0411  0.0409  0.0410  0.0409  0.0409
  0.0413  0.0413  0.0411  0.0411  0.0411  0.0414  0.0412  0.0416  0.0412  0.0414  0.0411  0.0411
  0.0420  0.0419  0.0415  0.0415  0.0414  0.0420  0.0417  0.0424  0.0417  0.0420  0.0413  0.0413
niter,ni,del,rscale     2    3    5.0000    0.5000
parameters
   -0.3837  -19.9417   21.4282   -6.9937  -23.1648  -15.9225
    1.5069   -1.9915    0.1248   20.6724   -0.5422  -24.7805
eta,q 0.95917 14.41734
  0.0416  0.0415  0.0413  0.0413  0.0412  0.0417  0.0414  0.0419  0.0414  0.0416  0.0412  0.0412
  0.0412  0.0411  0.0411  0.0411  0.0410  0.0412  0.0411  0.0413  0.0411  0.0412  0.0410  0.0410
  0.0409  0.0409  0.0409  0.0409  0.0408  0.0409  0.0409  0.0409  0.0409  0.0409  0.0409  0.0409
  0.0408  0.0408  0.0408  0.0408  0.0408  0.0408  0.0408  0.0408  0.0408  0.0408  0.0408  0.0408
  0.0409  0.0409  0.0409  0.0409  0.0409  0.0409  0.0409  0.0410  0.0409  0.0409  0.0409  0.0409
  0.0412  0.0412  0.0410  0.0410  0.0410  0.0412  0.0411  0.0414  0.0411  0.0412  0.0410  0.0410
  0.0417  0.0416  0.0413  0.0413  0.0412  0.0416  0.0414  0.0419  0.0414  0.0417  0.0412  0.0412
niter,ni,del,rscale     1    3    5.0000    0.4000
parameters
   -0.3854  -19.9515   21.4450   -6.9564  -23.2437  -15.9096
    1.5375   -2.0551    0.1192   20.6244   -0.5325  -24.7693
eta,q 0.95917 14.41103
  0.0413  0.0413  0.0412  0.0412  0.0411  0.0414  0.0412  0.0415  0.0412  0.0413  0.0411  0.0411
  0.0411  0.0410  0.0410  0.0410  0.0409  0.0411  0.0410  0.0411  0.0410  0.0410  0.0409  0.0409
  0.0409  0.0409  0.0409  0.0409  0.0408  0.0409  0.0409  0.0409  0.0409  0.0409  0.0409  0.0409
  0.0408  0.0408  0.0408  0.0408  0.0408  0.0408  0.0408  0.0408  0.0408  0.0408  0.0408  0.0408
  0.0409  0.0409  0.0409  0.0409  0.0409  0.0409  0.0409  0.0409  0.0409  0.0409  0.0409  0.0409
  0.0411  0.0410  0.0410  0.0410  0.0410  0.0411  0.0410  0.0412  0.0410  0.0411  0.0409  0.0409
  0.0413  0.0413  0.0411  0.0411  0.0411  0.0414  0.0412  0.0415  0.0412  0.0414  0.0411  0.0410
registration optimization eta report
parameter search radius
    0.8000    0.8000    0.8000    2.4000    2.4000    2.4000
    2.4000    2.4000    2.4000    2.4000    2.4000    2.4000
100000*second partial in parameter space
       80.       72.       48.        6.        4.        9.
        7.       12.        7.        9.        4.        4.
  0.0413  0.0413  0.0412  0.0412  0.0411  0.0414  0.0412  0.0415  0.0412  0.0413  0.0411  0.0411
  0.0411  0.0410  0.0410  0.0410  0.0409  0.0411  0.0410  0.0411  0.0410  0.0410  0.0409  0.0409
  0.0409  0.0409  0.0409  0.0409  0.0408  0.0409  0.0409  0.0409  0.0409  0.0409  0.0409  0.0409
  0.0408  0.0408  0.0408  0.0408  0.0408  0.0408  0.0408  0.0408  0.0408  0.0408  0.0408  0.0408
  0.0409  0.0409  0.0409  0.0409  0.0409  0.0409  0.0409  0.0409  0.0409  0.0409  0.0409  0.0409
  0.0411  0.0410  0.0410  0.0410  0.0410  0.0411  0.0410  0.0412  0.0410  0.0411  0.0409  0.0409
  0.0413  0.0413  0.0411  0.0411  0.0411  0.0414  0.0412  0.0415  0.0412  0.0414  0.0411  0.0410
   -0.3854  -19.9515   21.4450   -6.9564  -23.2437  -15.9096
    1.5375   -2.0551    0.1192   20.6244   -0.5325  -24.7693
eta,q 0.95917 14.41103

---------------------------------------------------------------------
imgreg_4dfp /opt/freesurfer/average/711-2C_as_mni_average_305 /opt/freesurfer/average/711-2B_as_mni_average_305_mask talsrcimg_g11 none talsrcimg_to_711-2C_as_mni_average_305_t4 2311
---------------------------------------------------------------------

freesurfer imgreg_4dfp.c
/opt/freesurfer/average/711-2C_as_mni_average_305.4dfp.img
       256       256       256         1
  1.000000  1.000000  1.000000
orientation T byte_order littleendian
Reading image: /opt/freesurfer/average/711-2C_as_mni_average_305.4dfp.img
dimensions:      256       256       256
mmppix:       1.0000   -1.0000   -1.0000
center:     128.0000 -129.0000 -129.0000
/opt/freesurfer/average/711-2B_as_mni_average_305_mask.4dfp.img
       256       256       256         1
  1.000000  1.000000  1.000000
orientation T byte_order littleendian
Reading mask: /opt/freesurfer/average/711-2B_as_mni_average_305_mask.4dfp.img (2306576 pixels)
talsrcimg_g11.4dfp.img
       256       256       256         1
  1.000000  1.000000  1.000000
orientation T byte_order littleendian
Reading image: talsrcimg_g11.4dfp.img
dimensions:      256       256       256
mmppix:       1.0000   -1.0000   -1.0000
center:     128.0000 -129.0000 -129.0000
fimgreg.f
image alignment mode   2311 decimal      907 hex
parameters
   -0.3854  -19.9515   21.4450   -6.9564  -23.2437  -15.9096
    1.5375   -2.0551    0.1192   20.6244   -0.5325  -24.7693
eta,q 0.95917 14.41103
niter,ni,del,rscale     5    3    5.0000    0.8000
parameters
   -0.4165  -19.9474   21.4222   -7.1256  -23.0076  -15.9253
    1.4524   -1.9336    0.0941   20.8058   -0.4810  -24.7740
eta,q 0.95915 14.42801
  0.0428  0.0426  0.0420  0.0419  0.0420  0.0428  0.0423  0.0437  0.0423  0.0431  0.0417  0.0417
  0.0417  0.0416  0.0414  0.0414  0.0413  0.0418  0.0415  0.0421  0.0415  0.0418  0.0413  0.0412
  0.0410  0.0410  0.0410  0.0410  0.0409  0.0411  0.0410  0.0411  0.0410  0.0411  0.0410  0.0409
  0.0408  0.0408  0.0408  0.0408  0.0408  0.0408  0.0408  0.0408  0.0408  0.0408  0.0408  0.0408
  0.0411  0.0410  0.0410  0.0410  0.0409  0.0411  0.0410  0.0412  0.0410  0.0411  0.0410  0.0410
  0.0418  0.0416  0.0414  0.0414  0.0412  0.0418  0.0416  0.0420  0.0415  0.0417  0.0413  0.0413
  0.0430  0.0426  0.0421  0.0421  0.0417  0.0429  0.0425  0.0433  0.0423  0.0427  0.0417  0.0417
niter,ni,del,rscale     4    3    5.0000    0.7000
parameters
   -0.3918  -19.9414   21.4141   -7.0821  -23.0503  -15.9306
    1.4624   -1.9296    0.1045   20.7698   -0.5147  -24.8018
eta,q 0.95916 14.42576
  0.0425  0.0422  0.0417  0.0417  0.0416  0.0424  0.0420  0.0430  0.0420  0.0424  0.0415  0.0415
  0.0416  0.0415  0.0413  0.0413  0.0411  0.0415  0.0414  0.0417  0.0414  0.0415  0.0411  0.0411
  0.0411  0.0410  0.0410  0.0410  0.0409  0.0410  0.0410  0.0410  0.0410  0.0410  0.0409  0.0409
  0.0408  0.0408  0.0408  0.0408  0.0408  0.0408  0.0408  0.0408  0.0408  0.0408  0.0408  0.0408
  0.0410  0.0410  0.0409  0.0409  0.0410  0.0410  0.0410  0.0411  0.0410  0.0411  0.0409  0.0409
  0.0415  0.0415  0.0413  0.0412  0.0412  0.0416  0.0414  0.0418  0.0414  0.0416  0.0412  0.0412
  0.0424  0.0422  0.0418  0.0418  0.0416  0.0424  0.0420  0.0429  0.0420  0.0424  0.0415  0.0415
niter,ni,del,rscale     3    3    5.0000    0.6000
parameters
   -0.3859  -19.9432   21.4230   -7.0371  -23.1005  -15.9248
    1.4791   -1.9560    0.1133   20.7152   -0.5173  -24.7903
eta,q 0.95916 14.42227
  0.0420  0.0418  0.0415  0.0415  0.0414  0.0420  0.0417  0.0424  0.0417  0.0420  0.0414  0.0413
  0.0414  0.0413  0.0412  0.0412  0.0410  0.0414  0.0412  0.0415  0.0412  0.0413  0.0411  0.0411
  0.0410  0.0409  0.0409  0.0409  0.0409  0.0410  0.0410  0.0409  0.0409  0.0409  0.0409  0.0409
  0.0408  0.0408  0.0408  0.0408  0.0408  0.0408  0.0408  0.0408  0.0408  0.0408  0.0408  0.0408
  0.0410  0.0410  0.0409  0.0409  0.0409  0.0410  0.0409  0.0411  0.0409  0.0410  0.0409  0.0409
  0.0413  0.0413  0.0411  0.0411  0.0411  0.0414  0.0412  0.0416  0.0412  0.0414  0.0411  0.0411
  0.0420  0.0419  0.0415  0.0415  0.0414  0.0420  0.0417  0.0423  0.0417  0.0420  0.0413  0.0413
niter,ni,del,rscale     2    3    5.0000    0.5000
parameters
   -0.3859  -19.9480   21.4350   -6.9932  -23.1763  -15.9145
    1.5042   -1.9939    0.1154   20.6647   -0.5269  -24.7857
eta,q 0.95917 14.41659
  0.0416  0.0415  0.0413  0.0413  0.0412  0.0417  0.0414  0.0419  0.0414  0.0416  0.0412  0.0412
  0.0412  0.0411  0.0411  0.0411  0.0410  0.0412  0.0411  0.0413  0.0411  0.0412  0.0410  0.0410
  0.0409  0.0409  0.0409  0.0409  0.0408  0.0409  0.0409  0.0409  0.0409  0.0409  0.0409  0.0409
  0.0408  0.0408  0.0408  0.0408  0.0408  0.0408  0.0408  0.0408  0.0408  0.0408  0.0408  0.0408
  0.0409  0.0409  0.0409  0.0409  0.0409  0.0409  0.0409  0.0410  0.0409  0.0409  0.0409  0.0409
  0.0412  0.0412  0.0410  0.0410  0.0410  0.0412  0.0411  0.0414  0.0411  0.0412  0.0410  0.0410
  0.0416  0.0416  0.0413  0.0413  0.0412  0.0416  0.0414  0.0419  0.0414  0.0417  0.0412  0.0412
niter,ni,del,rscale     1    3    5.0000    0.4000
parameters
   -0.3871  -19.9502   21.4450   -6.9570  -23.2503  -15.9039
    1.5454   -2.0570    0.1106   20.6242   -0.5330  -24.7663
eta,q 0.95918 14.41078
  0.0413  0.0413  0.0411  0.0412  0.0411  0.0414  0.0412  0.0415  0.0412  0.0413  0.0411  0.0411
  0.0411  0.0410  0.0410  0.0410  0.0409  0.0411  0.0410  0.0411  0.0410  0.0410  0.0409  0.0409
  0.0409  0.0409  0.0409  0.0409  0.0408  0.0409  0.0409  0.0409  0.0409  0.0409  0.0409  0.0409
  0.0408  0.0408  0.0408  0.0408  0.0408  0.0408  0.0408  0.0408  0.0408  0.0408  0.0408  0.0408
  0.0409  0.0409  0.0409  0.0408  0.0409  0.0409  0.0409  0.0409  0.0409  0.0409  0.0409  0.0409
  0.0411  0.0410  0.0410  0.0410  0.0410  0.0411  0.0410  0.0412  0.0410  0.0411  0.0409  0.0409
  0.0413  0.0413  0.0411  0.0411  0.0411  0.0414  0.0412  0.0415  0.0412  0.0414  0.0411  0.0410
registration optimization eta report
parameter search radius
    0.8000    0.8000    0.8000    2.4000    2.4000    2.4000
    2.4000    2.4000    2.4000    2.4000    2.4000    2.4000
100000*second partial in parameter space
       80.       72.       48.        6.        4.        9.
        7.       12.        7.        9.        4.        4.
  0.0413  0.0413  0.0411  0.0412  0.0411  0.0414  0.0412  0.0415  0.0412  0.0413  0.0411  0.0411
  0.0411  0.0410  0.0410  0.0410  0.0409  0.0411  0.0410  0.0411  0.0410  0.0410  0.0409  0.0409
  0.0409  0.0409  0.0409  0.0409  0.0408  0.0409  0.0409  0.0409  0.0409  0.0409  0.0409  0.0409
  0.0408  0.0408  0.0408  0.0408  0.0408  0.0408  0.0408  0.0408  0.0408  0.0408  0.0408  0.0408
  0.0409  0.0409  0.0409  0.0408  0.0409  0.0409  0.0409  0.0409  0.0409  0.0409  0.0409  0.0409
  0.0411  0.0410  0.0410  0.0410  0.0410  0.0411  0.0410  0.0412  0.0410  0.0411  0.0409  0.0409
  0.0413  0.0413  0.0411  0.0411  0.0411  0.0414  0.0412  0.0415  0.0412  0.0414  0.0411  0.0410
   -0.3871  -19.9502   21.4450   -6.9570  -23.2503  -15.9039
    1.5454   -2.0570    0.1106   20.6242   -0.5330  -24.7663
eta,q 0.95918 14.41078

---------------------------------------------------------------------
compute_vox2vox talsrcimg talsrcimg_to_711-2C_as_mni_average_305_t4 /opt/freesurfer/average/711-2C_as_mni_average_305
---------------------------------------------------------------------

freesurfer compute_vox2vox.c
Reading: talsrcimg.4dfp.ifh
Reading: talsrcimg_to_711-2C_as_mni_average_305_t4
Reading: /opt/freesurfer/average/711-2C_as_mni_average_305.4dfp.ifh
Writing: talsrcimg_to_711-2C_as_mni_average_305_t4_vox2vox.txt

start time Fri Apr 24 02:33:50 UTC 2026
end		time Fri Apr 24 02:34:11 UTC 2026

mpr2mni305 success

avi2talxfm /output/Recon/sub-101/mri/orig_nu.mgz /opt/freesurfer/average/mni305.cor.mgz talsrcimg_to_711-2C_as_mni_average_305_t4_vox2vox.txt /output/Recon/sub-101/mri/transforms/talairach.auto.xfm
avi2talxfm done
lta_convert --src /output/Recon/sub-101/mri/orig_nu.mgz --trg /opt/freesurfer/average/mni305.cor.mgz --inxfm /output/Recon/sub-101/mri/transforms/talairach.auto.xfm --outlta /output/Recon/sub-101/mri/transforms/talairach.auto.xfm.lta --subject fsaverage
7.2.0

--src: /output/Recon/sub-101/mri/orig_nu.mgz src image (geometry).
--trg: /opt/freesurfer/average/mni305.cor.mgz trg image (geometry).
--inmni: /output/Recon/sub-101/mri/transforms/talairach.auto.xfm input MNI/XFM transform.
--outlta: /output/Recon/sub-101/mri/transforms/talairach.auto.xfm.lta output LTA.
--s: fsaverage subject name
 LTA read, type : 1
 1.07495   0.02928  -0.01220   0.15892;
 0.00589   1.10207   0.35551  -1.20302;
-0.00313  -0.29619   1.20742   0.21442;
 0.00000   0.00000   0.00000   1.00000;
setting subject to fsaverage
Writing  LTA to file /output/Recon/sub-101/mri/transforms/talairach.auto.xfm.lta...
lta_convert successful.
 
 
Started at Fri Apr 24 02:33:48 UTC 2026
Ended   at Fri Apr 24 02:34:11 UTC 2026
talairach_avi done
