setting seed for random number generator to 1234
using /output/Recon as subjects directory
using /output/Recon/sub-101/mri/aseg.presurf.mgz aseg volume to correct midline
7.2.0
  7.2.0
reading atlas from /opt/freesurfer/average/lh.curvature.buckner40.filled.desikan_killiany.2010-03-25.gcs...
reading color table from GCSA file....
average std = 1.0   using min determinant for regularization = 0.011
0 singular and 384 ill-conditioned covariance matrices regularized
input 0: MEAN CURVATURE, flags 0, avgs 5, name mean_curvature
labeling surface...
1054 labels changed using aseg
relabeling using gibbs priors...
000:   2710 changed, 116790 examined...
001:    601 changed, 11775 examined...
002:    153 changed, 3415 examined...
003:     62 changed, 924 examined...
004:     25 changed, 386 examined...
005:     12 changed, 161 examined...
006:      7 changed, 77 examined...
007:      2 changed, 45 examined...
008:      1 changed, 14 examined...
009:      0 changed, 8 examined...
164 labels changed using aseg
000: 87 total segments, 49 labels (232 vertices) changed
001: 39 total segments, 1 labels (1 vertices) changed
002: 38 total segments, 0 labels (0 vertices) changed
10 filter iterations complete (10 requested, 3 changed)
rationalizing unknown annotations with cortex label
relabeling unknown label...
relabeling corpuscallosum label...
1291 vertices marked for relabeling...
1291 labels changed in reclassification.
writing output to /output/Recon/sub-101/label/lh.aparc.annot...
classification took 0 minutes and 10 seconds.
