
Fri Apr 24 02:06:17 UTC 2026
cd /output/Recon/sub-103
setenv SUBJECTS_DIR /output/Recon
/opt/freesurfer/bin/recon-all -sd /output/Recon -subject sub-103 -motioncor -threads 8 -itkthreads 8 -no-isrunning

subjid sub-103
setenv SUBJECTS_DIR /output/Recon
FREESURFER_HOME /opt/freesurfer
Actual FREESURFER_HOME /opt/freesurfer
build-stamp.txt: freesurfer-linux-ubuntu18_x86_64-7.2.0-20210721-aa8f76b
Linux e581b88c2fe1 5.15.0-176-generic #186-Ubuntu SMP Fri Mar 13 11:01:42 UTC 2026 x86_64 x86_64 x86_64 GNU/Linux
cputime      unlimited
filesize     unlimited
datasize     unlimited
stacksize    8192 kbytes
coredumpsize unlimited
memoryuse    unlimited
vmemoryuse   unlimited
descriptors  65536 
memorylocked 64 kbytes
maxproc      unlimited
maxlocks     unlimited
maxsignal    63800 
maxmessage   819200 
maxnice      0 
maxrtprio    0 
maxrttime    unlimited

               total        used        free      shared  buff/cache   available
Mem:            15Gi       1.1Gi       542Mi       4.0Mi        13Gi        14Gi
Swap:             0B          0B          0B

########################################
program versions used
7.2.0 (freesurfer-linux-ubuntu18_x86_64-7.2.0-20210721-aa8f76b)
7.2.0

ProgramName: lta_convert  ProgramArguments: lta_convert -all-info  ProgramVersion: 7.2.0  TimeStamp: 2026/04/24-02:06:17-GMT  BuildTime: Jul 21 2021 02:56:14  BuildStamp: freesurfer-linux-ubuntu18_x86_64-7.2.0-20210721-aa8f76b  User: root  Machine: e581b88c2fe1  Platform: Linux  PlatformVersion: 5.15.0-176-generic  CompilerName: GCC  CompilerVersion: 4.8.5
ProgramName: mri_and  ProgramArguments: mri_and -all-info  ProgramVersion: 7.2.0  TimeStamp: 2026/04/24-02:06:17-GMT  BuildTime: Jul 21 2021 02:56:14  BuildStamp: freesurfer-linux-ubuntu18_x86_64-7.2.0-20210721-aa8f76b  User: root  Machine: e581b88c2fe1  Platform: Linux  PlatformVersion: 5.15.0-176-generic  CompilerName: GCC  CompilerVersion: 4.8.5
ProgramName: mri_annotation2label  ProgramArguments: mri_annotation2label -all-info  ProgramVersion: 7.2.0  TimeStamp: 2026/04/24-02:06:17-GMT  BuildTime: Jul 21 2021 02:56:14  BuildStamp: freesurfer-linux-ubuntu18_x86_64-7.2.0-20210721-aa8f76b  User: root  Machine: e581b88c2fe1  Platform: Linux  PlatformVersion: 5.15.0-176-generic  CompilerName: GCC  CompilerVersion: 4.8.5
ProgramName: mri_aparc2aseg  ProgramArguments: mri_aparc2aseg -all-info  ProgramVersion: 7.2.0  TimeStamp: 2026/04/24-02:06:17-GMT  BuildTime: Jul 21 2021 02:56:14  BuildStamp: freesurfer-linux-ubuntu18_x86_64-7.2.0-20210721-aa8f76b  User: root  Machine: e581b88c2fe1  Platform: Linux  PlatformVersion: 5.15.0-176-generic  CompilerName: GCC  CompilerVersion: 4.8.5
ProgramName: mri_surf2volseg  ProgramArguments: mri_surf2volseg -all-info  ProgramVersion: 7.2.0  TimeStamp: 2026/04/24-02:06:17-GMT  BuildTime: Jul 21 2021 02:56:14  BuildStamp: freesurfer-linux-ubuntu18_x86_64-7.2.0-20210721-aa8f76b  User: root  Machine: e581b88c2fe1  Platform: Linux  PlatformVersion: 5.15.0-176-generic  CompilerName: GCC  CompilerVersion: 4.8.5
ProgramName: mri_binarize  ProgramArguments: mri_binarize -all-info  ProgramVersion: 7.2.0  TimeStamp: 2026/04/24-02:06:17-GMT  BuildTime: Jul 21 2021 02:56:14  BuildStamp: freesurfer-linux-ubuntu18_x86_64-7.2.0-20210721-aa8f76b  User: root  Machine: e581b88c2fe1  Platform: Linux  PlatformVersion: 5.15.0-176-generic  CompilerName: GCC  CompilerVersion: 4.8.5
ProgramName: mri_ca_label  ProgramArguments: mri_ca_label -all-info  ProgramVersion: 7.2.0  TimeStamp: 2026/04/24-02:06:17-GMT  BuildTime: Jul 21 2021 02:56:14  BuildStamp: freesurfer-linux-ubuntu18_x86_64-7.2.0-20210721-aa8f76b  User: root  Machine: e581b88c2fe1  Platform: Linux  PlatformVersion: 5.15.0-176-generic  CompilerName: GCC  CompilerVersion: 4.8.5
ProgramName: mri_ca_normalize  ProgramArguments: mri_ca_normalize -all-info  ProgramVersion: 7.2.0  TimeStamp: 2026/04/24-02:06:17-GMT  BuildTime: Jul 21 2021 02:56:14  BuildStamp: freesurfer-linux-ubuntu18_x86_64-7.2.0-20210721-aa8f76b  User: root  Machine: e581b88c2fe1  Platform: Linux  PlatformVersion: 5.15.0-176-generic  CompilerName: GCC  CompilerVersion: 4.8.5
ProgramName: mri_ca_register  ProgramArguments: mri_ca_register -all-info  ProgramVersion: 7.2.0  TimeStamp: 2026/04/24-02:06:17-GMT  BuildTime: Jul 21 2021 02:56:14  BuildStamp: freesurfer-linux-ubuntu18_x86_64-7.2.0-20210721-aa8f76b  User: root  Machine: e581b88c2fe1  Platform: Linux  PlatformVersion: 5.15.0-176-generic  CompilerName: GCC  CompilerVersion: 4.8.5
ProgramName: mri_cc  ProgramArguments: mri_cc -all-info  ProgramVersion: 7.2.0  TimeStamp: 2026/04/24-02:06:17-GMT  BuildTime: Jul 21 2021 02:56:14  BuildStamp: freesurfer-linux-ubuntu18_x86_64-7.2.0-20210721-aa8f76b  User: root  Machine: e581b88c2fe1  Platform: Linux  PlatformVersion: 5.15.0-176-generic  CompilerName: GCC  CompilerVersion: 4.8.5
ProgramName: mri_compute_overlap  ProgramArguments: mri_compute_overlap -all-info  ProgramVersion: 7.2.0  TimeStamp: 2026/04/24-02:06:17-GMT  BuildTime: Jul 21 2021 02:56:14  BuildStamp: freesurfer-linux-ubuntu18_x86_64-7.2.0-20210721-aa8f76b  User: root  Machine: e581b88c2fe1  Platform: Linux  PlatformVersion: 5.15.0-176-generic  CompilerName: GCC  CompilerVersion: 4.8.5
ProgramName: mri_compute_seg_overlap  ProgramArguments: mri_compute_seg_overlap -all-info  ProgramVersion: 7.2.0  TimeStamp: 2026/04/24-02:06:17-GMT  BuildTime: Jul 21 2021 02:56:14  BuildStamp: freesurfer-linux-ubuntu18_x86_64-7.2.0-20210721-aa8f76b  User: root  Machine: e581b88c2fe1  Platform: Linux  PlatformVersion: 5.15.0-176-generic  CompilerName: GCC  CompilerVersion: 4.8.5
ProgramName: mri_concat  ProgramArguments: mri_concat -all-info  ProgramVersion: 7.2.0  TimeStamp: 2026/04/24-02:06:17-GMT  BuildTime: Jul 21 2021 02:56:14  BuildStamp: freesurfer-linux-ubuntu18_x86_64-7.2.0-20210721-aa8f76b  User: root  Machine: e581b88c2fe1  Platform: Linux  PlatformVersion: 5.15.0-176-generic  CompilerName: GCC  CompilerVersion: 4.8.5
ProgramName: mri_concatenate_lta  ProgramArguments: mri_concatenate_lta -all-info  ProgramVersion: 7.2.0  TimeStamp: 2026/04/24-02:06:17-GMT  BuildTime: Jul 21 2021 02:56:14  BuildStamp: freesurfer-linux-ubuntu18_x86_64-7.2.0-20210721-aa8f76b  User: root  Machine: e581b88c2fe1  Platform: Linux  PlatformVersion: 5.15.0-176-generic  CompilerName: GCC  CompilerVersion: 4.8.5
mri_convert -all-info 
ProgramName: mri_convert  ProgramArguments: mri_convert -all-info  ProgramVersion: 7.2.0  TimeStamp: 2026/04/24-02:06:17-GMT  BuildTime: Jul 21 2021 02:56:14  BuildStamp: freesurfer-linux-ubuntu18_x86_64-7.2.0-20210721-aa8f76b  User: root  Machine: e581b88c2fe1  Platform: Linux  PlatformVersion: 5.15.0-176-generic  CompilerName: GCC  CompilerVersion: 4.8.5
ProgramName: mri_diff  ProgramArguments: mri_diff -all-info  ProgramVersion: 7.2.0  TimeStamp: 2026/04/24-02:06:17-GMT  BuildTime: Jul 21 2021 02:56:14  BuildStamp: freesurfer-linux-ubuntu18_x86_64-7.2.0-20210721-aa8f76b  User: root  Machine: e581b88c2fe1  Platform: Linux  PlatformVersion: 5.15.0-176-generic  CompilerName: GCC  CompilerVersion: 4.8.5
ProgramName: mri_edit_wm_with_aseg  ProgramArguments: mri_edit_wm_with_aseg -all-info  ProgramVersion: 7.2.0  TimeStamp: 2026/04/24-02:06:17-GMT  BuildTime: Jul 21 2021 02:56:14  BuildStamp: freesurfer-linux-ubuntu18_x86_64-7.2.0-20210721-aa8f76b  User: root  Machine: e581b88c2fe1  Platform: Linux  PlatformVersion: 5.15.0-176-generic  CompilerName: GCC  CompilerVersion: 4.8.5
ProgramName: mri_em_register  ProgramArguments: mri_em_register -all-info  ProgramVersion: 7.2.0  TimeStamp: 2026/04/24-02:06:17-GMT  BuildTime: Jul 21 2021 02:56:14  BuildStamp: freesurfer-linux-ubuntu18_x86_64-7.2.0-20210721-aa8f76b  User: root  Machine: e581b88c2fe1  Platform: Linux  PlatformVersion: 5.15.0-176-generic  CompilerName: GCC  CompilerVersion: 4.8.5
ProgramName: mri_fill  ProgramArguments: mri_fill -all-info  ProgramVersion: 7.2.0  TimeStamp: 2026/04/24-02:06:17-GMT  BuildTime: Jul 21 2021 02:56:14  BuildStamp: freesurfer-linux-ubuntu18_x86_64-7.2.0-20210721-aa8f76b  User: root  Machine: e581b88c2fe1  Platform: Linux  PlatformVersion: 5.15.0-176-generic  CompilerName: GCC  CompilerVersion: 4.8.5
ProgramName: mri_fuse_segmentations  ProgramArguments: mri_fuse_segmentations -all-info  ProgramVersion: 7.2.0  TimeStamp: 2026/04/24-02:06:17-GMT  BuildTime: Jul 21 2021 02:56:14  BuildStamp: freesurfer-linux-ubuntu18_x86_64-7.2.0-20210721-aa8f76b  User: root  Machine: e581b88c2fe1  Platform: Linux  PlatformVersion: 5.15.0-176-generic  CompilerName: GCC  CompilerVersion: 4.8.5
ProgramName: mri_fwhm  ProgramArguments: mri_fwhm -all-info  ProgramVersion: 7.2.0  TimeStamp: 2026/04/24-02:06:17-GMT  BuildTime: Jul 21 2021 02:56:14  BuildStamp: freesurfer-linux-ubuntu18_x86_64-7.2.0-20210721-aa8f76b  User: root  Machine: e581b88c2fe1  Platform: Linux  PlatformVersion: 5.15.0-176-generic  CompilerName: GCC  CompilerVersion: 4.8.5
ProgramName: mri_gcut  ProgramArguments: mri_gcut -all-info  ProgramVersion: 7.2.0  TimeStamp: 2026/04/24-02:06:17-GMT  BuildTime: Jul 21 2021 02:56:14  BuildStamp: freesurfer-linux-ubuntu18_x86_64-7.2.0-20210721-aa8f76b  User: root  Machine: e581b88c2fe1  Platform: Linux  PlatformVersion: 5.15.0-176-generic  CompilerName: GCC  CompilerVersion: 4.8.5
ProgramName: mri_info  ProgramArguments: mri_info -all-info  ProgramVersion: 7.2.0  TimeStamp: 2026/04/24-02:06:17-GMT  BuildTime: Jul 21 2021 02:56:14  BuildStamp: freesurfer-linux-ubuntu18_x86_64-7.2.0-20210721-aa8f76b  User: root  Machine: e581b88c2fe1  Platform: Linux  PlatformVersion: 5.15.0-176-generic  CompilerName: GCC  CompilerVersion: 4.8.5
ProgramName: mri_label2label  ProgramArguments: mri_label2label -all-info  ProgramVersion: 7.2.0  TimeStamp: 2026/04/24-02:06:17-GMT  BuildTime: Jul 21 2021 02:56:14  BuildStamp: freesurfer-linux-ubuntu18_x86_64-7.2.0-20210721-aa8f76b  User: root  Machine: e581b88c2fe1  Platform: Linux  PlatformVersion: 5.15.0-176-generic  CompilerName: GCC  CompilerVersion: 4.8.5
ProgramName: mri_label2vol  ProgramArguments: mri_label2vol -all-info  ProgramVersion: 7.2.0  TimeStamp: 2026/04/24-02:06:17-GMT  BuildTime: Jul 21 2021 02:56:14  BuildStamp: freesurfer-linux-ubuntu18_x86_64-7.2.0-20210721-aa8f76b  User: root  Machine: e581b88c2fe1  Platform: Linux  PlatformVersion: 5.15.0-176-generic  CompilerName: GCC  CompilerVersion: 4.8.5
ProgramName: mri_log_likelihood  ProgramArguments: mri_log_likelihood -all-info  ProgramVersion: 7.2.0  TimeStamp: 2026/04/24-02:06:17-GMT  BuildTime: Jul 21 2021 02:56:14  BuildStamp: freesurfer-linux-ubuntu18_x86_64-7.2.0-20210721-aa8f76b  User: root  Machine: e581b88c2fe1  Platform: Linux  PlatformVersion: 5.15.0-176-generic  CompilerName: GCC  CompilerVersion: 4.8.5
ProgramName: mri_mask  ProgramArguments: mri_mask -all-info  ProgramVersion: 7.2.0  TimeStamp: 2026/04/24-02:06:17-GMT  BuildTime: Jul 21 2021 02:56:14  BuildStamp: freesurfer-linux-ubuntu18_x86_64-7.2.0-20210721-aa8f76b  User: root  Machine: e581b88c2fe1  Platform: Linux  PlatformVersion: 5.15.0-176-generic  CompilerName: GCC  CompilerVersion: 4.8.5
ProgramName: mri_matrix_multiply  ProgramArguments: mri_matrix_multiply -all-info  ProgramVersion: 7.2.0  TimeStamp: 2026/04/24-02:06:17-GMT  BuildTime: Jul 21 2021 02:56:14  BuildStamp: freesurfer-linux-ubuntu18_x86_64-7.2.0-20210721-aa8f76b  User: root  Machine: e581b88c2fe1  Platform: Linux  PlatformVersion: 5.15.0-176-generic  CompilerName: GCC  CompilerVersion: 4.8.5
ProgramName: mri_normalize  ProgramArguments: mri_normalize -all-info  ProgramVersion: 7.2.0  TimeStamp: 2026/04/24-02:06:17-GMT  BuildTime: Jul 21 2021 02:56:14  BuildStamp: freesurfer-linux-ubuntu18_x86_64-7.2.0-20210721-aa8f76b  User: root  Machine: e581b88c2fe1  Platform: Linux  PlatformVersion: 5.15.0-176-generic  CompilerName: GCC  CompilerVersion: 4.8.5
ProgramName: mri_normalize_tp2  ProgramArguments: mri_normalize_tp2 -all-info  ProgramVersion: 7.2.0  TimeStamp: 2026/04/24-02:06:17-GMT  BuildTime: Jul 21 2021 02:56:14  BuildStamp: freesurfer-linux-ubuntu18_x86_64-7.2.0-20210721-aa8f76b  User: root  Machine: e581b88c2fe1  Platform: Linux  PlatformVersion: 5.15.0-176-generic  CompilerName: GCC  CompilerVersion: 4.8.5
ProgramName: mri_or  ProgramArguments: mri_or -all-info  ProgramVersion: 7.2.0  TimeStamp: 2026/04/24-02:06:17-GMT  BuildTime: Jul 21 2021 02:56:14  BuildStamp: freesurfer-linux-ubuntu18_x86_64-7.2.0-20210721-aa8f76b  User: root  Machine: e581b88c2fe1  Platform: Linux  PlatformVersion: 5.15.0-176-generic  CompilerName: GCC  CompilerVersion: 4.8.5
ProgramName: mri_relabel_hypointensities  ProgramArguments: mri_relabel_hypointensities -all-info  ProgramVersion: 7.2.0  TimeStamp: 2026/04/24-02:06:17-GMT  BuildTime: Jul 21 2021 02:56:14  BuildStamp: freesurfer-linux-ubuntu18_x86_64-7.2.0-20210721-aa8f76b  User: root  Machine: e581b88c2fe1  Platform: Linux  PlatformVersion: 5.15.0-176-generic  CompilerName: GCC  CompilerVersion: 4.8.5
ProgramName: mri_relabel_nonwm_hypos  ProgramArguments: mri_relabel_nonwm_hypos -all-info  ProgramVersion: 7.2.0  TimeStamp: 2026/04/24-02:06:17-GMT  BuildTime: Jul 21 2021 02:56:14  BuildStamp: freesurfer-linux-ubuntu18_x86_64-7.2.0-20210721-aa8f76b  User: root  Machine: e581b88c2fe1  Platform: Linux  PlatformVersion: 5.15.0-176-generic  CompilerName: GCC  CompilerVersion: 4.8.5
ProgramName: mri_remove_neck  ProgramArguments: mri_remove_neck -all-info  ProgramVersion: 7.2.0  TimeStamp: 2026/04/24-02:06:17-GMT  BuildTime: Jul 21 2021 02:56:14  BuildStamp: freesurfer-linux-ubuntu18_x86_64-7.2.0-20210721-aa8f76b  User: root  Machine: e581b88c2fe1  Platform: Linux  PlatformVersion: 5.15.0-176-generic  CompilerName: GCC  CompilerVersion: 4.8.5
7.2.0

ProgramName: mri_robust_register  ProgramArguments: mri_robust_register -all-info  ProgramVersion: 7.2.0  TimeStamp: 2026/04/24-02:06:17-GMT  BuildTime: Jul 21 2021 02:56:14  BuildStamp: freesurfer-linux-ubuntu18_x86_64-7.2.0-20210721-aa8f76b  User: root  Machine: e581b88c2fe1  Platform: Linux  PlatformVersion: 5.15.0-176-generic  CompilerName: GCC  CompilerVersion: 4.8.5
7.2.0

ProgramName: mri_robust_template  ProgramArguments: mri_robust_template -all-info  ProgramVersion: 7.2.0  TimeStamp: 2026/04/24-02:06:17-GMT  BuildTime: Jul 21 2021 02:56:14  BuildStamp: freesurfer-linux-ubuntu18_x86_64-7.2.0-20210721-aa8f76b  User: root  Machine: e581b88c2fe1  Platform: Linux  PlatformVersion: 5.15.0-176-generic  CompilerName: GCC  CompilerVersion: 4.8.5
ProgramName: mris_anatomical_stats  ProgramArguments: mris_anatomical_stats -all-info  ProgramVersion: 7.2.0  TimeStamp: 2026/04/24-02:06:17-GMT  BuildTime: Jul 21 2021 02:56:14  BuildStamp: freesurfer-linux-ubuntu18_x86_64-7.2.0-20210721-aa8f76b  User: root  Machine: e581b88c2fe1  Platform: Linux  PlatformVersion: 5.15.0-176-generic  CompilerName: GCC  CompilerVersion: 4.8.5
ProgramName: mris_ca_label  ProgramArguments: mris_ca_label -all-info  ProgramVersion: 7.2.0  TimeStamp: 2026/04/24-02:06:17-GMT  BuildTime: Jul 21 2021 02:56:14  BuildStamp: freesurfer-linux-ubuntu18_x86_64-7.2.0-20210721-aa8f76b  User: root  Machine: e581b88c2fe1  Platform: Linux  PlatformVersion: 5.15.0-176-generic  CompilerName: GCC  CompilerVersion: 4.8.5
ProgramName: mris_calc  ProgramArguments: mris_calc -all-info  ProgramVersion: 7.2.0  TimeStamp: 2026/04/24-02:06:17-GMT  BuildTime: Jul 21 2021 02:56:14  BuildStamp: freesurfer-linux-ubuntu18_x86_64-7.2.0-20210721-aa8f76b  User: root  Machine: e581b88c2fe1  Platform: Linux  PlatformVersion: 5.15.0-176-generic  CompilerName: GCC  CompilerVersion: 4.8.5
ProgramName: mris_convert  ProgramArguments: mris_convert -all-info  ProgramVersion: 7.2.0  TimeStamp: 2026/04/24-02:06:17-GMT  BuildTime: Jul 21 2021 02:56:14  BuildStamp: freesurfer-linux-ubuntu18_x86_64-7.2.0-20210721-aa8f76b  User: root  Machine: e581b88c2fe1  Platform: Linux  PlatformVersion: 5.15.0-176-generic  CompilerName: GCC  CompilerVersion: 4.8.5
ProgramName: mris_curvature  ProgramArguments: mris_curvature -all-info  ProgramVersion: 7.2.0  TimeStamp: 2026/04/24-02:06:17-GMT  BuildTime: Jul 21 2021 02:56:14  BuildStamp: freesurfer-linux-ubuntu18_x86_64-7.2.0-20210721-aa8f76b  User: root  Machine: e581b88c2fe1  Platform: Linux  PlatformVersion: 5.15.0-176-generic  CompilerName: GCC  CompilerVersion: 4.8.5
ProgramName: mris_curvature_stats  ProgramArguments: mris_curvature_stats -all-info  ProgramVersion: 7.2.0  TimeStamp: 2026/04/24-02:06:17-GMT  BuildTime: Jul 21 2021 02:56:14  BuildStamp: freesurfer-linux-ubuntu18_x86_64-7.2.0-20210721-aa8f76b  User: root  Machine: e581b88c2fe1  Platform: Linux  PlatformVersion: 5.15.0-176-generic  CompilerName: GCC  CompilerVersion: 4.8.5
ProgramName: mris_diff  ProgramArguments: mris_diff -all-info  ProgramVersion: 7.2.0  TimeStamp: 2026/04/24-02:06:17-GMT  BuildTime: Jul 21 2021 02:56:14  BuildStamp: freesurfer-linux-ubuntu18_x86_64-7.2.0-20210721-aa8f76b  User: root  Machine: e581b88c2fe1  Platform: Linux  PlatformVersion: 5.15.0-176-generic  CompilerName: GCC  CompilerVersion: 4.8.5
ProgramName: mris_divide_parcellation  ProgramArguments: mris_divide_parcellation -all-info  ProgramVersion: 7.2.0  TimeStamp: 2026/04/24-02:06:17-GMT  BuildTime: Jul 21 2021 02:56:14  BuildStamp: freesurfer-linux-ubuntu18_x86_64-7.2.0-20210721-aa8f76b  User: root  Machine: e581b88c2fe1  Platform: Linux  PlatformVersion: 5.15.0-176-generic  CompilerName: GCC  CompilerVersion: 4.8.5
ProgramName: mri_segment  ProgramArguments: mri_segment -all-info  ProgramVersion: 7.2.0  TimeStamp: 2026/04/24-02:06:17-GMT  BuildTime: Jul 21 2021 02:56:14  BuildStamp: freesurfer-linux-ubuntu18_x86_64-7.2.0-20210721-aa8f76b  User: root  Machine: e581b88c2fe1  Platform: Linux  PlatformVersion: 5.15.0-176-generic  CompilerName: GCC  CompilerVersion: 4.8.5
ProgramName: mri_segstats  ProgramArguments: mri_segstats -all-info  ProgramVersion: 7.2.0  TimeStamp: 2026/04/24-02:06:17-GMT  BuildTime: Jul 21 2021 02:56:14  BuildStamp: freesurfer-linux-ubuntu18_x86_64-7.2.0-20210721-aa8f76b  User: root  Machine: e581b88c2fe1  Platform: Linux  PlatformVersion: 5.15.0-176-generic  CompilerName: GCC  CompilerVersion: 4.8.5
ProgramName: mris_euler_number  ProgramArguments: mris_euler_number -all-info  ProgramVersion: 7.2.0  TimeStamp: 2026/04/24-02:06:17-GMT  BuildTime: Jul 21 2021 02:56:14  BuildStamp: freesurfer-linux-ubuntu18_x86_64-7.2.0-20210721-aa8f76b  User: root  Machine: e581b88c2fe1  Platform: Linux  PlatformVersion: 5.15.0-176-generic  CompilerName: GCC  CompilerVersion: 4.8.5
ProgramName: mris_fix_topology  ProgramArguments: mris_fix_topology -all-info  ProgramVersion: 7.2.0  TimeStamp: 2026/04/24-02:06:17-GMT  BuildTime: Jul 21 2021 02:56:14  BuildStamp: freesurfer-linux-ubuntu18_x86_64-7.2.0-20210721-aa8f76b  User: root  Machine: e581b88c2fe1  Platform: Linux  PlatformVersion: 5.15.0-176-generic  CompilerName: GCC  CompilerVersion: 4.8.5
ProgramName: mris_topo_fixer  ProgramArguments: mris_topo_fixer -all-info  ProgramVersion: 7.2.0  TimeStamp: 2026/04/24-02:06:17-GMT  BuildTime: Jul 21 2021 02:56:14  BuildStamp: freesurfer-linux-ubuntu18_x86_64-7.2.0-20210721-aa8f76b  User: root  Machine: e581b88c2fe1  Platform: Linux  PlatformVersion: 5.15.0-176-generic  CompilerName: GCC  CompilerVersion: 4.8.5
ProgramName: mris_jacobian  ProgramArguments: mris_jacobian -all-info  ProgramVersion: 7.2.0  TimeStamp: 2026/04/24-02:06:17-GMT  BuildTime: Jul 21 2021 02:56:14  BuildStamp: freesurfer-linux-ubuntu18_x86_64-7.2.0-20210721-aa8f76b  User: root  Machine: e581b88c2fe1  Platform: Linux  PlatformVersion: 5.15.0-176-generic  CompilerName: GCC  CompilerVersion: 4.8.5
ProgramName: mris_label2annot  ProgramArguments: mris_label2annot -all-info  ProgramVersion: 7.2.0  TimeStamp: 2026/04/24-02:06:17-GMT  BuildTime: Jul 21 2021 02:56:14  BuildStamp: freesurfer-linux-ubuntu18_x86_64-7.2.0-20210721-aa8f76b  User: root  Machine: e581b88c2fe1  Platform: Linux  PlatformVersion: 5.15.0-176-generic  CompilerName: GCC  CompilerVersion: 4.8.5
ProgramName: mris_left_right_register  ProgramArguments: mris_left_right_register -all-info  ProgramVersion: 7.2.0  TimeStamp: 2026/04/24-02:06:17-GMT  BuildTime: Jul 21 2021 02:56:14  BuildStamp: freesurfer-linux-ubuntu18_x86_64-7.2.0-20210721-aa8f76b  User: root  Machine: e581b88c2fe1  Platform: Linux  PlatformVersion: 5.15.0-176-generic  CompilerName: GCC  CompilerVersion: 4.8.5
ProgramName: mris_place_surface  ProgramArguments: mris_place_surface -all-info  ProgramVersion: 7.2.0  TimeStamp: 2026/04/24-02:06:17-GMT  BuildTime: Jul 21 2021 02:56:14  BuildStamp: freesurfer-linux-ubuntu18_x86_64-7.2.0-20210721-aa8f76b  User: root  Machine: e581b88c2fe1  Platform: Linux  PlatformVersion: 5.15.0-176-generic  CompilerName: GCC  CompilerVersion: 4.8.5
ProgramName: mrisp_paint  ProgramArguments: mrisp_paint -all-info  ProgramVersion: 7.2.0  TimeStamp: 2026/04/24-02:06:17-GMT  BuildTime: Jul 21 2021 02:56:14  BuildStamp: freesurfer-linux-ubuntu18_x86_64-7.2.0-20210721-aa8f76b  User: root  Machine: e581b88c2fe1  Platform: Linux  PlatformVersion: 5.15.0-176-generic  CompilerName: GCC  CompilerVersion: 4.8.5
ProgramName: mris_register  ProgramArguments: mris_register -all-info  ProgramVersion: 7.2.0  TimeStamp: 2026/04/24-02:06:17-GMT  BuildTime: Jul 21 2021 02:56:14  BuildStamp: freesurfer-linux-ubuntu18_x86_64-7.2.0-20210721-aa8f76b  User: root  Machine: e581b88c2fe1  Platform: Linux  PlatformVersion: 5.15.0-176-generic  CompilerName: GCC  CompilerVersion: 4.8.5
ProgramName: mris_smooth  ProgramArguments: mris_smooth -all-info  ProgramVersion: 7.2.0  TimeStamp: 2026/04/24-02:06:17-GMT  BuildTime: Jul 21 2021 02:56:14  BuildStamp: freesurfer-linux-ubuntu18_x86_64-7.2.0-20210721-aa8f76b  User: root  Machine: e581b88c2fe1  Platform: Linux  PlatformVersion: 5.15.0-176-generic  CompilerName: GCC  CompilerVersion: 4.8.5
ProgramName: mris_sphere  ProgramArguments: mris_sphere -all-info  ProgramVersion: 7.2.0  TimeStamp: 2026/04/24-02:06:17-GMT  BuildTime: Jul 21 2021 02:56:14  BuildStamp: freesurfer-linux-ubuntu18_x86_64-7.2.0-20210721-aa8f76b  User: root  Machine: e581b88c2fe1  Platform: Linux  PlatformVersion: 5.15.0-176-generic  CompilerName: GCC  CompilerVersion: 4.8.5
ProgramName: mris_surface_stats  ProgramArguments: mris_surface_stats -all-info  ProgramVersion: 7.2.0  TimeStamp: 2026/04/24-02:06:17-GMT  BuildTime: Jul 21 2021 02:56:14  BuildStamp: freesurfer-linux-ubuntu18_x86_64-7.2.0-20210721-aa8f76b  User: root  Machine: e581b88c2fe1  Platform: Linux  PlatformVersion: 5.15.0-176-generic  CompilerName: GCC  CompilerVersion: 4.8.5
ProgramName: mri_stats2seg  ProgramArguments: mri_stats2seg -all-info  ProgramVersion: 7.2.0  TimeStamp: 2026/04/24-02:06:17-GMT  BuildTime: Jul 21 2021 02:56:14  BuildStamp: freesurfer-linux-ubuntu18_x86_64-7.2.0-20210721-aa8f76b  User: root  Machine: e581b88c2fe1  Platform: Linux  PlatformVersion: 5.15.0-176-generic  CompilerName: GCC  CompilerVersion: 4.8.5
ProgramName: mris_thickness  ProgramArguments: mris_thickness -all-info  ProgramVersion: 7.2.0  TimeStamp: 2026/04/24-02:06:17-GMT  BuildTime: Jul 21 2021 02:56:14  BuildStamp: freesurfer-linux-ubuntu18_x86_64-7.2.0-20210721-aa8f76b  User: root  Machine: e581b88c2fe1  Platform: Linux  PlatformVersion: 5.15.0-176-generic  CompilerName: GCC  CompilerVersion: 4.8.5
ProgramName: mris_thickness_diff  ProgramArguments: mris_thickness_diff -all-info  ProgramVersion: 7.2.0  TimeStamp: 2026/04/24-02:06:17-GMT  BuildTime: Jul 21 2021 02:56:14  BuildStamp: freesurfer-linux-ubuntu18_x86_64-7.2.0-20210721-aa8f76b  User: root  Machine: e581b88c2fe1  Platform: Linux  PlatformVersion: 5.15.0-176-generic  CompilerName: GCC  CompilerVersion: 4.8.5
ProgramName: mris_topo_fixer  ProgramArguments: mris_topo_fixer -all-info  ProgramVersion: 7.2.0  TimeStamp: 2026/04/24-02:06:17-GMT  BuildTime: Jul 21 2021 02:56:14  BuildStamp: freesurfer-linux-ubuntu18_x86_64-7.2.0-20210721-aa8f76b  User: root  Machine: e581b88c2fe1  Platform: Linux  PlatformVersion: 5.15.0-176-generic  CompilerName: GCC  CompilerVersion: 4.8.5
ProgramName: mri_surf2surf  ProgramArguments: mri_surf2surf -all-info  ProgramVersion: 7.2.0  TimeStamp: 2026/04/24-02:06:17-GMT  BuildTime: Jul 21 2021 02:56:14  BuildStamp: freesurfer-linux-ubuntu18_x86_64-7.2.0-20210721-aa8f76b  User: root  Machine: e581b88c2fe1  Platform: Linux  PlatformVersion: 5.15.0-176-generic  CompilerName: GCC  CompilerVersion: 4.8.5
ProgramName: mri_surf2vol  ProgramArguments: mri_surf2vol -all-info  ProgramVersion: 7.2.0  TimeStamp: 2026/04/24-02:06:17-GMT  BuildTime: Jul 21 2021 02:56:14  BuildStamp: freesurfer-linux-ubuntu18_x86_64-7.2.0-20210721-aa8f76b  User: root  Machine: e581b88c2fe1  Platform: Linux  PlatformVersion: 5.15.0-176-generic  CompilerName: GCC  CompilerVersion: 4.8.5
ProgramName: mri_surfcluster  ProgramArguments: mri_surfcluster -all-info  ProgramVersion: 7.2.0  TimeStamp: 2026/04/24-02:06:17-GMT  BuildTime: Jul 21 2021 02:56:14  BuildStamp: freesurfer-linux-ubuntu18_x86_64-7.2.0-20210721-aa8f76b  User: root  Machine: e581b88c2fe1  Platform: Linux  PlatformVersion: 5.15.0-176-generic  CompilerName: GCC  CompilerVersion: 4.8.5
ProgramName: mris_volmask  ProgramArguments: mris_volmask -all-info  ProgramVersion: 7.2.0  TimeStamp: 2026/04/24-02:06:17-GMT  BuildTime: Jul 21 2021 02:56:14  BuildStamp: freesurfer-linux-ubuntu18_x86_64-7.2.0-20210721-aa8f76b  User: root  Machine: e581b88c2fe1  Platform: Linux  PlatformVersion: 5.15.0-176-generic  CompilerName: GCC  CompilerVersion: 4.8.5
ProgramName: mri_tessellate  ProgramArguments: mri_tessellate -all-info  ProgramVersion: 7.2.0  TimeStamp: 2026/04/24-02:06:17-GMT  BuildTime: Jul 21 2021 02:56:14  BuildStamp: freesurfer-linux-ubuntu18_x86_64-7.2.0-20210721-aa8f76b  User: root  Machine: e581b88c2fe1  Platform: Linux  PlatformVersion: 5.15.0-176-generic  CompilerName: GCC  CompilerVersion: 4.8.5
ProgramName: mri_vol2surf  ProgramArguments: mri_vol2surf -all-info  ProgramVersion: 7.2.0  TimeStamp: 2026/04/24-02:06:17-GMT  BuildTime: Jul 21 2021 02:56:14  BuildStamp: freesurfer-linux-ubuntu18_x86_64-7.2.0-20210721-aa8f76b  User: root  Machine: e581b88c2fe1  Platform: Linux  PlatformVersion: 5.15.0-176-generic  CompilerName: GCC  CompilerVersion: 4.8.5
ProgramName: mri_vol2vol  ProgramArguments: mri_vol2vol -all-info  ProgramVersion: 7.2.0  TimeStamp: 2026/04/24-02:06:17-GMT  BuildTime: Jul 21 2021 02:56:14  BuildStamp: freesurfer-linux-ubuntu18_x86_64-7.2.0-20210721-aa8f76b  User: root  Machine: e581b88c2fe1  Platform: Linux  PlatformVersion: 5.15.0-176-generic  CompilerName: GCC  CompilerVersion: 4.8.5
ProgramName: mri_voldiff  ProgramArguments: mri_voldiff -all-info  ProgramVersion: 7.2.0  TimeStamp: 2026/04/24-02:06:17-GMT  BuildTime: Jul 21 2021 02:56:14  BuildStamp: freesurfer-linux-ubuntu18_x86_64-7.2.0-20210721-aa8f76b  User: root  Machine: e581b88c2fe1  Platform: Linux  PlatformVersion: 5.15.0-176-generic  CompilerName: GCC  CompilerVersion: 4.8.5
ProgramName: mri_watershed  ProgramArguments: mri_watershed -all-info  ProgramVersion: 7.2.0  TimeStamp: 2026/04/24-02:06:17-GMT  BuildTime: Jul 21 2021 02:56:14  BuildStamp: freesurfer-linux-ubuntu18_x86_64-7.2.0-20210721-aa8f76b  User: root  Machine: e581b88c2fe1  Platform: Linux  PlatformVersion: 5.15.0-176-generic  CompilerName: GCC  CompilerVersion: 4.8.5
ProgramName: tkregister2  ProgramArguments: tkregister2_cmdl -all-info  ProgramVersion: 7.2.0  TimeStamp: 2026/04/24-02:06:17-GMT  BuildTime: Jul 21 2021 02:56:14  BuildStamp: freesurfer-linux-ubuntu18_x86_64-7.2.0-20210721-aa8f76b  User: root  Machine: e581b88c2fe1  Platform: Linux  PlatformVersion: 5.15.0-176-generic  CompilerName: GCC  CompilerVersion: 4.8.5
mri_motion_correct.fsl 7.2.0
mri_convert -all-info 
ProgramName: mri_convert  ProgramArguments: mri_convert -all-info  ProgramVersion: 7.2.0  TimeStamp: 2026/04/24-02:06:17-GMT  BuildTime: Jul 21 2021 02:56:14  BuildStamp: freesurfer-linux-ubuntu18_x86_64-7.2.0-20210721-aa8f76b  User: root  Machine: e581b88c2fe1  Platform: Linux  PlatformVersion: 5.15.0-176-generic  CompilerName: GCC  CompilerVersion: 4.8.5
Program nu_correct, built from:
Package MNI N3, version 1.12.0, compiled by nicks@terrier (x86_64-unknown-linux-gnu) on 2015-06-19 at 01:25:34
#######################################
GCADIR /opt/freesurfer/average
GCA RB_all_2020-01-02.gca
GCASkull RB_all_withskull_2020_01_02.gca
AvgCurvTif folding.atlas.acfb40.noaparc.i12.2016-08-02.tif
GCSDIR /opt/freesurfer/average
GCS DKaparc.atlas.acfb40.noaparc.i12.2016-08-02.gcs
#######################################
#--------------------------------------------
#@# MotionCor Fri Apr 24 02:06:17 UTC 2026
Found 2 runs
/output/Recon/sub-103/mri/orig/001.mgz
/output/Recon/sub-103/mri/orig/002.mgz
Checking for (invalid) multi-frame inputs...
Checking for (invalid) multi-frame inputs...
/output/Recon/sub-103

 mri_robust_template --mov /output/Recon/sub-103/mri/orig/001.mgz /output/Recon/sub-103/mri/orig/002.mgz --average 1 --template /output/Recon/sub-103/mri/rawavg.mgz --satit --inittp 1 --fixtp --noit --iscale --iscaleout /output/Recon/sub-103/mri/orig/001-iscale.txt /output/Recon/sub-103/mri/orig/002-iscale.txt --subsample 200 --lta /output/Recon/sub-103/mri/orig/001.lta /output/Recon/sub-103/mri/orig/002.lta 

7.2.0

--mov: Using /output/Recon/sub-103/mri/orig/001.mgz as movable/source volume.
--mov: Using /output/Recon/sub-103/mri/orig/002.mgz as movable/source volume.
    Total: 2 input volumes
--average: Using method 1 for template computation.
--template: Using /output/Recon/sub-103/mri/rawavg.mgz as template output volume.
--satit: Will estimate SAT iteratively!
--inittp: Using TP 1 as target for initialization
--fixtp: Will map everything to init TP!
--noit: Will output only first template (no iterations)!
--iscale: Enabling intensity scaling!
--iscaleout: Will perform intensity scaling and output results
--subsample: Will subsample if size is larger than 200 on all axes!
--lta: Will output LTA transforms
Setting iscale ...
reading source '/output/Recon/sub-103/mri/orig/001.mgz'...
converting source '/output/Recon/sub-103/mri/orig/001.mgz' to bspline ...
MRItoBSpline degree 3
reading source '/output/Recon/sub-103/mri/orig/002.mgz'...
converting source '/output/Recon/sub-103/mri/orig/002.mgz' to bspline ...
MRItoBSpline degree 3
ERROR: MultiRegistration::loadMovables: images have different voxel sizes.
  Currently not supported, maybe first make conform?
  Debug info: size(1) = 1, 1, 1   size(0) = 0.88, 1.2, 0.88
error: No such file or directory
error: MultiRegistration::loadMovables: voxel size is different /output/Recon/sub-103/mri/orig/002.mgz.
 
Linux e581b88c2fe1 5.15.0-176-generic #186-Ubuntu SMP Fri Mar 13 11:01:42 UTC 2026 x86_64 x86_64 x86_64 GNU/Linux

recon-all -s sub-103 exited with ERRORS at Fri Apr 24 02:06:21 UTC 2026

To report a problem, see http://surfer.nmr.mgh.harvard.edu/fswiki/BugReporting
