7.2.0

cd /output/WorkDir/nextflow/1f/3588ad01f4efaf3ba0f9c5c0647e6f
setenv SUBJECTS_DIR /opt/freesurfer/subjects
mris_autodet_gwstats --o /output/Recon/sub-101/surf/autodet.gw.stats.rh.dat --i /output/Recon/sub-101/mri/brain.finalsurfs.mgz --wm /output/Recon/sub-101/mri/wm.mgz --surf /output/Recon/sub-101/surf/rh.orig.premesh 

Reading in intensity volume /output/Recon/sub-101/mri/brain.finalsurfs.mgz
Reading in wm volume /output/Recon/sub-101/mri/wm.mgz
Reading in surf /output/Recon/sub-101/surf/rh.orig.premesh
Auto detecting stats
MRIclipBrightWM(): nthresh=14844, wmmin=5, clip=110 
Binarizing thresholding at 5
computing class statistics... low=30, hi=110.000000
CCS WM (98.0): 97.3 +- 10.0 [70.0 --> 110.0]
CCS GM (61.0) : 61.4 +- 12.9 [30.0 --> 110.0]
white_mean = 97.3115 +/- 10.0465, gray_mean = 61.3577 +/- 12.9403
using class modes intead of means, discounting robust sigmas....
MRIScomputeClassModes(): min=0 max=177 nbins=178
intensity peaks found at WM=105+-6.1,    GM=53+-10.4
white_mode = 105, gray_mode = 53
std_scale = 1
Applying sanity checks, max_scale_down = 0.2
setting MIN_GRAY_AT_WHITE_BORDER to 40.1 (was 70.000000)
setting MAX_BORDER_WHITE to 115.0 (was 105.000000)
setting MIN_BORDER_WHITE to 53.0 (was 85.000000)
setting MAX_CSF to 27.1 (was 40.000000)
setting MAX_GRAY to 95.0 (was 95.000000)
setting MAX_GRAY_AT_CSF_BORDER to 40.1 (was 75.000000)
setting MIN_GRAY_AT_CSF_BORDER to 14.2 (was 40.000000)
When placing the white surface
  white_border_hi   = 115.047;
  white_border_low  = 53;
  white_outside_low = 40.0597;
  white_inside_hi   = 120;
  white_outside_hi  = 115.047;
When placing the pial surface
  pial_border_hi   = 40.0597;
  pial_border_low  = 14.1792;
  pial_outside_low = 10;
  pial_inside_hi   = 94.9535;
  pial_outside_hi  = 33.5896;
#VMPC# mris_autodet_gwstats VmPeak  225380
mris_autodet_gwstats done
