SUBJECTS_DIR /output/Recon
outvol /output/Recon/sub-101/mri/aseg.mgz
4 avail.processors, using 8
Loading /output/Recon/sub-101/mri/aseg.presurf.hypos.mgz
Loading /output/Recon/sub-101/mri/ribbon.mgz
Loading /output/Recon/sub-101/surf/lh.white
Loading /output/Recon/sub-101/surf/lh.pial
Loading /output/Recon/sub-101/label/lh.cortex.label
Loading /output/Recon/sub-101/surf/rh.white
Loading /output/Recon/sub-101/surf/rh.pial
Loading /output/Recon/sub-101/label/rh.cortex.label
Done loading
 32 192 224 128  64  96 160   0 225  33 193   1  65  34   2 226 194  35  97 161 227  36  66 195   3   4 196 228  37 162 197   5 198 229   6  67  98  38 199 
 39 
  7 200 230 163  68 201  40 202   8 231 232  99 
203  69 204  41 233   9 129 205 234  70 235  42 206  10 207 236 100 237  71 208 238  43 209  11 210 239 
211  72 240  44 212 164  12  45 241 213 101  13 214  46 242 215  14 216 243  47  73 217 244 130  15 218  48 102  16 219 
245  49 165 220 221  17 246  50 222  51 247  18 103  74 223  52 248  19 
 53  20 249 104 250  21  54 131 251  55 105 166  75  22 252  56  23 253  57 106  24  58 254  25  59 
107 255  76  60  26 132  27 167 108  61  77  28  62 109  29  63  30  78 110  31 133 111 168  79 
112 134  80 113 169 135  81 114 170  82 115 136 171  83 116  84 172 137  85 117 173  86 118 174 138  87  88 175 119 
139 
 89 176  90 120 177  91 140 178 121  92 179 
141  93 122 180  94 123 181  95 142 182 124 143 183 125 184 144 185 126 186 187 145 188 127 189 146 190 147 191 148 149 150 151 152 153 154 155 156 157 158 159 

nrelabeled = 96580
ndotcheck = 0
Starting Surf2VolSeg free
free done
#VMPC# mri_surf2volseg VmPeak  1231420
mri_surf2volseg done
ComputeBrainVolumeStats2 VoxelVol=1, KeepCSF=1
  #CBVS2 MaskVol              1358950.0
  #CBVS2 BrainSegVol          1090267.0
  #CBVS2 BrainSegVolNotVent   1073910.0
  #CBVS2 SupraTentVol          959420.0
  #CBVS2 SupraTentVolNotVent   943063.0
  #CBVS2 lhCtxGM               228101.0
  #CBVS2 rhCtxGM               218555.1
  #CBVS2 lhCerebralWM          222612.5
  #CBVS2 rhCerebralWM          220486.5
  #CBVS2 SubCortGMVol           54557.0
  #CBVS2 CerebellumVol         130847.0
  #CBVS2 CerebellumGMVol       103464.0
  #CBVS2 VentChorVol            12475.0
  #CBVS2 3rd4th5thCSF            3882.0
  #CBVS2 AllCSF                 16357.0
  #CBVS2 CCVol                   3943.0
