using /output/Recon as subjects directory
using /output/Recon/sub-101/mri/aseg.presurf.mgz aseg volume to correct midline
7.2.0
  7.2.0
reading atlas from /opt/freesurfer/average/rh.curvature.buckner40.filled.desikan_killiany.2010-03-25.gcs...
reading color table from GCSA file....
average std = 0.7   using min determinant for regularization = 0.006
0 singular and 311 ill-conditioned covariance matrices regularized
input 0: MEAN CURVATURE, flags 0, avgs 5, name mean_curvature
labeling surface...
1040 labels changed using aseg
relabeling using gibbs priors...
000:   2786 changed, 115910 examined...
001:    680 changed, 11881 examined...
002:    186 changed, 3808 examined...
003:     75 changed, 1098 examined...
004:     36 changed, 407 examined...
005:     10 changed, 198 examined...
006:      4 changed, 50 examined...
007:      0 changed, 29 examined...
159 labels changed using aseg
000: 86 total segments, 49 labels (317 vertices) changed
001: 38 total segments, 1 labels (1 vertices) changed
002: 37 total segments, 0 labels (0 vertices) changed
10 filter iterations complete (10 requested, 2 changed)
rationalizing unknown annotations with cortex label
relabeling unknown label...
relabeling corpuscallosum label...
1313 vertices marked for relabeling...
1313 labels changed in reclassification.
writing output to /output/Recon/sub-101/label/rh.aparc.annot...
classification took 0 minutes and 11 seconds.
