
N4 Bias Correction Parameters:

- input volume: /output/Recon/sub-101/mri/orig.mgz
- output volume: /output/Recon/sub-101/mri/orig_nu.mgz
- mask: /output/Recon/sub-101/mri/mask.mgz
- shrink factor: 4
- number fitting levels: 4
- number iterations: 50
- convergence threshold: 0.0
- skipwm: False
- threads: 8

reading /output/Recon/sub-101/mri/orig.mgz
read MGZ (FreeSurfer) image via nibabel...
read MGZ (FreeSurfer) image via nibabel...

executing N4 correction ...

normalize WM to 110
- centroid: (128, 145, 126)
-  1st percentile: 15.9499036693573
- 90th percentile: 203.11617126464844
- m: 0.5741  b: -6.6067

converting to UCHAR
writing: /output/Recon/sub-101/mri/orig_nu.mgz
write MGZ (FreeSurfer) image via nibabel...
